Archive member included to satisfy reference by file (symbol)

c:/users/east_/.eide/tools/gcc_arm/bin/../lib/gcc/arm-none-eabi/10.2.1/../../../../arm-none-eabi/lib/thumb/v7-m/nofp\libc_nano.a(lib_a-exit.o)
                              c:/users/east_/.eide/tools/gcc_arm/bin/../lib/gcc/arm-none-eabi/10.2.1/../../../../arm-none-eabi/lib/thumb/v7-m/nofp/crt0.o (exit)
c:/users/east_/.eide/tools/gcc_arm/bin/../lib/gcc/arm-none-eabi/10.2.1/../../../../arm-none-eabi/lib/thumb/v7-m/nofp\libc_nano.a(lib_a-impure.o)
                              c:/users/east_/.eide/tools/gcc_arm/bin/../lib/gcc/arm-none-eabi/10.2.1/../../../../arm-none-eabi/lib/thumb/v7-m/nofp\libc_nano.a(lib_a-exit.o) (_global_impure_ptr)
c:/users/east_/.eide/tools/gcc_arm/bin/../lib/gcc/arm-none-eabi/10.2.1/../../../../arm-none-eabi/lib/thumb/v7-m/nofp\libc_nano.a(lib_a-init.o)
                              c:/users/east_/.eide/tools/gcc_arm/bin/../lib/gcc/arm-none-eabi/10.2.1/../../../../arm-none-eabi/lib/thumb/v7-m/nofp/crt0.o (__libc_init_array)
c:/users/east_/.eide/tools/gcc_arm/bin/../lib/gcc/arm-none-eabi/10.2.1/../../../../arm-none-eabi/lib/thumb/v7-m/nofp\libc_nano.a(lib_a-memset.o)
                              c:/users/east_/.eide/tools/gcc_arm/bin/../lib/gcc/arm-none-eabi/10.2.1/../../../../arm-none-eabi/lib/thumb/v7-m/nofp/crt0.o (memset)
c:/users/east_/.eide/tools/gcc_arm/bin/../lib/gcc/arm-none-eabi/10.2.1/../../../../arm-none-eabi/lib/thumb/v7-m/nofp\libc_nano.a(lib_a-nano-vfprintf_float.o)
                              (_printf_float)
c:/users/east_/.eide/tools/gcc_arm/bin/../lib/gcc/arm-none-eabi/10.2.1/../../../../arm-none-eabi/lib/thumb/v7-m/nofp\libc_nano.a(lib_a-nano-vfprintf_i.o)
                              c:/users/east_/.eide/tools/gcc_arm/bin/../lib/gcc/arm-none-eabi/10.2.1/../../../../arm-none-eabi/lib/thumb/v7-m/nofp\libc_nano.a(lib_a-nano-vfprintf_float.o) (_printf_common)
c:/users/east_/.eide/tools/gcc_arm/bin/../lib/gcc/arm-none-eabi/10.2.1/../../../../arm-none-eabi/lib/thumb/v7-m/nofp\libc_nano.a(lib_a-strlen.o)
                              c:/users/east_/.eide/tools/gcc_arm/bin/../lib/gcc/arm-none-eabi/10.2.1/../../../../arm-none-eabi/lib/thumb/v7-m/nofp\libc_nano.a(lib_a-nano-vfprintf_float.o) (strlen)
c:/users/east_/.eide/tools/gcc_arm/bin/../lib/gcc/arm-none-eabi/10.2.1/../../../../arm-none-eabi/lib/thumb/v7-m/nofp\libc_nano.a(lib_a-dtoa.o)
                              c:/users/east_/.eide/tools/gcc_arm/bin/../lib/gcc/arm-none-eabi/10.2.1/../../../../arm-none-eabi/lib/thumb/v7-m/nofp\libc_nano.a(lib_a-nano-vfprintf_float.o) (_dtoa_r)
c:/users/east_/.eide/tools/gcc_arm/bin/../lib/gcc/arm-none-eabi/10.2.1/../../../../arm-none-eabi/lib/thumb/v7-m/nofp\libc_nano.a(lib_a-localeconv.o)
                              c:/users/east_/.eide/tools/gcc_arm/bin/../lib/gcc/arm-none-eabi/10.2.1/../../../../arm-none-eabi/lib/thumb/v7-m/nofp\libc_nano.a(lib_a-nano-vfprintf_float.o) (_localeconv_r)
c:/users/east_/.eide/tools/gcc_arm/bin/../lib/gcc/arm-none-eabi/10.2.1/../../../../arm-none-eabi/lib/thumb/v7-m/nofp\libc_nano.a(lib_a-malloc.o)
                              c:/users/east_/.eide/tools/gcc_arm/bin/../lib/gcc/arm-none-eabi/10.2.1/../../../../arm-none-eabi/lib/thumb/v7-m/nofp\libc_nano.a(lib_a-dtoa.o) (malloc)
c:/users/east_/.eide/tools/gcc_arm/bin/../lib/gcc/arm-none-eabi/10.2.1/../../../../arm-none-eabi/lib/thumb/v7-m/nofp\libc_nano.a(lib_a-memchr-stub.o)
                              c:/users/east_/.eide/tools/gcc_arm/bin/../lib/gcc/arm-none-eabi/10.2.1/../../../../arm-none-eabi/lib/thumb/v7-m/nofp\libc_nano.a(lib_a-nano-vfprintf_i.o) (memchr)
c:/users/east_/.eide/tools/gcc_arm/bin/../lib/gcc/arm-none-eabi/10.2.1/../../../../arm-none-eabi/lib/thumb/v7-m/nofp\libc_nano.a(lib_a-memcpy-stub.o)
                              c:/users/east_/.eide/tools/gcc_arm/bin/../lib/gcc/arm-none-eabi/10.2.1/../../../../arm-none-eabi/lib/thumb/v7-m/nofp\libc_nano.a(lib_a-dtoa.o) (memcpy)
c:/users/east_/.eide/tools/gcc_arm/bin/../lib/gcc/arm-none-eabi/10.2.1/../../../../arm-none-eabi/lib/thumb/v7-m/nofp\libc_nano.a(lib_a-mprec.o)
                              c:/users/east_/.eide/tools/gcc_arm/bin/../lib/gcc/arm-none-eabi/10.2.1/../../../../arm-none-eabi/lib/thumb/v7-m/nofp\libc_nano.a(lib_a-dtoa.o) (_Balloc)
c:/users/east_/.eide/tools/gcc_arm/bin/../lib/gcc/arm-none-eabi/10.2.1/../../../../arm-none-eabi/lib/thumb/v7-m/nofp\libc_nano.a(lib_a-nano-callocr.o)
                              c:/users/east_/.eide/tools/gcc_arm/bin/../lib/gcc/arm-none-eabi/10.2.1/../../../../arm-none-eabi/lib/thumb/v7-m/nofp\libc_nano.a(lib_a-mprec.o) (_calloc_r)
c:/users/east_/.eide/tools/gcc_arm/bin/../lib/gcc/arm-none-eabi/10.2.1/../../../../arm-none-eabi/lib/thumb/v7-m/nofp\libc_nano.a(lib_a-nano-freer.o)
                              c:/users/east_/.eide/tools/gcc_arm/bin/../lib/gcc/arm-none-eabi/10.2.1/../../../../arm-none-eabi/lib/thumb/v7-m/nofp\libc_nano.a(lib_a-malloc.o) (_free_r)
[...]
Memory Configuration

Name             Origin             Length             Attributes
RAM              0x20000000         0x00005000         xrw
FLASH            0x08000000         0x00010000         xr
*default*        0x00000000         0xffffffff

Linker script and memory map

LOAD c:/users/east_/.eide/tools/gcc_arm/bin/../lib/gcc/arm-none-eabi/10.2.1/thumb/v7-m/nofp/crti.o
LOAD c:/users/east_/.eide/tools/gcc_arm/bin/../lib/gcc/arm-none-eabi/10.2.1/thumb/v7-m/nofp/crtbegin.o
LOAD c:/users/east_/.eide/tools/gcc_arm/bin/../lib/gcc/arm-none-eabi/10.2.1/../../../../arm-none-eabi/lib/thumb/v7-m/nofp/crt0.o
START GROUP
LOAD c:/users/east_/.eide/tools/gcc_arm/bin/../lib/gcc/arm-none-eabi/10.2.1/../../../../arm-none-eabi/lib/thumb/v7-m/nofp\libc_nano.a
LOAD c:/users/east_/.eide/tools/gcc_arm/bin/../lib/gcc/arm-none-eabi/10.2.1/../../../../arm-none-eabi/lib/thumb/v7-m/nofp\libm.a
END GROUP
LOAD CMakeFiles/TIM_ENCODER.dir/Core/Src/font.c.obj
LOAD CMakeFiles/TIM_ENCODER.dir/Core/Src/oled.c.obj
LOAD CMakeFiles/TIM_ENCODER.dir/Core/Src/main.c.obj
LOAD CMakeFiles/TIM_ENCODER.dir/Core/Src/gpio.c.obj
LOAD CMakeFiles/TIM_ENCODER.dir/Core/Src/i2c.c.obj
LOAD CMakeFiles/TIM_ENCODER.dir/Core/Src/tim.c.obj
LOAD CMakeFiles/TIM_ENCODER.dir/Core/Src/stm32f1xx_it.c.obj
LOAD CMakeFiles/TIM_ENCODER.dir/Core/Src/stm32f1xx_hal_msp.c.obj
LOAD CMakeFiles/TIM_ENCODER.dir/C_/Users/east_/STM32Cube/Repository/STM32Cube_FW_F1_V1.8.6/Drivers/STM32F1xx_HAL_Driver/Src/stm32f1xx_hal_gpio_ex.c.obj
LOAD CMakeFiles/TIM_ENCODER.dir/C_/Users/east_/STM32Cube/Repository/STM32Cube_FW_F1_V1.8.6/Drivers/STM32F1xx_HAL_Driver/Src/stm32f1xx_hal_i2c.c.obj
LOAD CMakeFiles/TIM_ENCODER.dir/C_/Users/east_/STM32Cube/Repository/STM32Cube_FW_F1_V1.8.6/Drivers/STM32F1xx_HAL_Driver/Src/stm32f1xx_hal.c.obj
LOAD CMakeFiles/TIM_ENCODER.dir/C_/Users/east_/STM32Cube/Repository/STM32Cube_FW_F1_V1.8.6/Drivers/STM32F1xx_HAL_Driver/Src/stm32f1xx_hal_rcc.c.obj
LOAD CMakeFiles/TIM_ENCODER.dir/C_/Users/east_/STM32Cube/Repository/STM32Cube_FW_F1_V1.8.6/Drivers/STM32F1xx_HAL_Driver/Src/stm32f1xx_hal_rcc_ex.c.obj
LOAD CMakeFiles/TIM_ENCODER.dir/C_/Users/east_/STM32Cube/Repository/STM32Cube_FW_F1_V1.8.6/Drivers/STM32F1xx_HAL_Driver/Src/stm32f1xx_hal_gpio.c.obj
LOAD CMakeFiles/TIM_ENCODER.dir/C_/Users/east_/STM32Cube/Repository/STM32Cube_FW_F1_V1.8.6/Drivers/STM32F1xx_HAL_Driver/Src/stm32f1xx_hal_dma.c.obj
LOAD CMakeFiles/TIM_ENCODER.dir/C_/Users/east_/STM32Cube/Repository/STM32Cube_FW_F1_V1.8.6/Drivers/STM32F1xx_HAL_Driver/Src/stm32f1xx_hal_cortex.c.obj
LOAD CMakeFiles/TIM_ENCODER.dir/C_/Users/east_/STM32Cube/Repository/STM32Cube_FW_F1_V1.8.6/Drivers/STM32F1xx_HAL_Driver/Src/stm32f1xx_hal_pwr.c.obj
LOAD CMakeFiles/TIM_ENCODER.dir/C_/Users/east_/STM32Cube/Repository/STM32Cube_FW_F1_V1.8.6/Drivers/STM32F1xx_HAL_Driver/Src/stm32f1xx_hal_flash.c.obj
LOAD CMakeFiles/TIM_ENCODER.dir/C_/Users/east_/STM32Cube/Repository/STM32Cube_FW_F1_V1.8.6/Drivers/STM32F1xx_HAL_Driver/Src/stm32f1xx_hal_flash_ex.c.obj
LOAD CMakeFiles/TIM_ENCODER.dir/C_/Users/east_/STM32Cube/Repository/STM32Cube_FW_F1_V1.8.6/Drivers/STM32F1xx_HAL_Driver/Src/stm32f1xx_hal_exti.c.obj
LOAD CMakeFiles/TIM_ENCODER.dir/C_/Users/east_/STM32Cube/Repository/STM32Cube_FW_F1_V1.8.6/Drivers/STM32F1xx_HAL_Driver/Src/stm32f1xx_hal_tim.c.obj
LOAD CMakeFiles/TIM_ENCODER.dir/C_/Users/east_/STM32Cube/Repository/STM32Cube_FW_F1_V1.8.6/Drivers/STM32F1xx_HAL_Driver/Src/stm32f1xx_hal_tim_ex.c.obj
LOAD CMakeFiles/TIM_ENCODER.dir/Core/Src/system_stm32f1xx.c.obj
LOAD CMakeFiles/TIM_ENCODER.dir/Core/Src/sysmem.c.obj
LOAD CMakeFiles/TIM_ENCODER.dir/Core/Src/syscalls.c.obj
LOAD CMakeFiles/TIM_ENCODER.dir/startup_stm32f103xb.s.obj
START GROUP
LOAD c:/users/east_/.eide/tools/gcc_arm/bin/../lib/gcc/arm-none-eabi/10.2.1/thumb/v7-m/nofp\libgcc.a
LOAD c:/users/east_/.eide/tools/gcc_arm/bin/../lib/gcc/arm-none-eabi/10.2.1/../../../../arm-none-eabi/lib/thumb/v7-m/nofp\libg_nano.a
LOAD c:/users/east_/.eide/tools/gcc_arm/bin/../lib/gcc/arm-none-eabi/10.2.1/../../../../arm-none-eabi/lib/thumb/v7-m/nofp\libc_nano.a
END GROUP
START GROUP
LOAD c:/users/east_/.eide/tools/gcc_arm/bin/../lib/gcc/arm-none-eabi/10.2.1/thumb/v7-m/nofp\libgcc.a
LOAD c:/users/east_/.eide/tools/gcc_arm/bin/../lib/gcc/arm-none-eabi/10.2.1/../../../../arm-none-eabi/lib/thumb/v7-m/nofp\libc_nano.a
END GROUP
LOAD c:/users/east_/.eide/tools/gcc_arm/bin/../lib/gcc/arm-none-eabi/10.2.1/thumb/v7-m/nofp/crtend.o
LOAD c:/users/east_/.eide/tools/gcc_arm/bin/../lib/gcc/arm-none-eabi/10.2.1/thumb/v7-m/nofp/crtn.o
                0x20005000                _estack = (ORIGIN (RAM) + LENGTH (RAM))
                0x00000200                _Min_Heap_Size = 0x200
                0x00000400                _Min_Stack_Size = 0x400

.isr_vector     0x08000000      0x10c
                0x08000000                . = ALIGN (0x4)
 *(.isr_vector)
 .isr_vector    0x08000000      0x10c CMakeFiles/TIM_ENCODER.dir/startup_stm32f103xb.s.obj
                0x08000000                g_pfnVectors
                0x0800010c                . = ALIGN (0x4)

.text           0x08000110     0x70dc
                0x08000110                . = ALIGN (0x4)
 *(.text)
 .text          0x08000110       0x40 c:/users/east_/.eide/tools/gcc_arm/bin/../lib/gcc/arm-none-eabi/10.2.1/thumb/v7-m/nofp/crtbegin.o
 .text          0x08000150       0x10 c:/users/east_/.eide/tools/gcc_arm/bin/../lib/gcc/arm-none-eabi/10.2.1/../../../../arm-none-eabi/lib/thumb/v7-m/nofp\libc_nano.a(lib_a-strlen.o)
                0x08000150                strlen
 .text          0x08000160      0x378 c:/users/east_/.eide/tools/gcc_arm/bin/../lib/gcc/arm-none-eabi/10.2.1/thumb/v7-m/nofp\libgcc.a(_arm_addsubdf3.o)
                0x08000160                __aeabi_drsub
                0x08000168                __aeabi_dsub
                0x08000168                __subdf3
                0x0800016c                __aeabi_dadd
                0x0800016c                __adddf3
                0x080003e4                __floatunsidf
                0x080003e4                __aeabi_ui2d
                0x08000404                __floatsidf
                0x08000404                __aeabi_i2d
                0x08000428                __aeabi_f2d
                0x08000428                __extendsfdf2
                0x0800046c                __floatundidf
                0x0800046c                __aeabi_ul2d
                0x0800047c                __floatdidf
                0x0800047c                __aeabi_l2d
 .text          0x080004d8      0x424 c:/users/east_/.eide/tools/gcc_arm/bin/../lib/gcc/arm-none-eabi/10.2.1/thumb/v7-m/nofp\libgcc.a(_arm_muldivdf3.o)
                0x080004d8                __aeabi_dmul
                0x080004d8                __muldf3
                0x0800072c                __divdf3
                0x0800072c                __aeabi_ddiv
 .text          0x080008fc      0x110 c:/users/east_/.eide/tools/gcc_arm/bin/../lib/gcc/arm-none-eabi/10.2.1/thumb/v7-m/nofp\libgcc.a(_arm_cmpdf2.o)
                0x080008fc                __gtdf2
                0x080008fc                __gedf2
                0x08000904                __ltdf2
                0x08000904                __ledf2
                0x0800090c                __nedf2
                0x0800090c                __eqdf2
                0x0800090c                __cmpdf2
                0x08000988                __aeabi_cdrcmple
                0x08000998                __aeabi_cdcmpeq
                0x08000998                __aeabi_cdcmple
                0x080009a8                __aeabi_dcmpeq
                0x080009bc                __aeabi_dcmplt
                0x080009d0                __aeabi_dcmple
                0x080009e4                __aeabi_dcmpge
                0x080009f8                __aeabi_dcmpgt
 .text          0x08000a0c       0x2c c:/users/east_/.eide/tools/gcc_arm/bin/../lib/gcc/arm-none-eabi/10.2.1/thumb/v7-m/nofp\libgcc.a(_arm_unorddf2.o)
                0x08000a0c                __unorddf2
                0x08000a0c                __aeabi_dcmpun
 .text          0x08000a38       0x50 c:/users/east_/.eide/tools/gcc_arm/bin/../lib/gcc/arm-none-eabi/10.2.1/thumb/v7-m/nofp\libgcc.a(_arm_fixdfsi.o)
                0x08000a38                __aeabi_d2iz
                0x08000a38                __fixdfsi
 *(.text*)
 .text.__libc_init_array
                0x08000a88       0x48 c:/users/east_/.eide/tools/gcc_arm/bin/../lib/gcc/arm-none-eabi/10.2.1/../../../../arm-none-eabi/lib/thumb/v7-m/nofp\libc_nano.a(lib_a-init.o)
                0x08000a88                __libc_init_array
 .text.memset   0x08000ad0       0x10 c:/users/east_/.eide/tools/gcc_arm/bin/../lib/gcc/arm-none-eabi/10.2.1/../../../../arm-none-eabi/lib/thumb/v7-m/nofp\libc_nano.a(lib_a-memset.o)
                0x08000ad0                memset
 .text.__cvt    0x08000ae0       0xbe c:/users/east_/.eide/tools/gcc_arm/bin/../lib/gcc/arm-none-eabi/10.2.1/../../../../arm-none-eabi/lib/thumb/v7-m/nofp\libc_nano.a(lib_a-nano-vfprintf_float.o)
                0x08000ae0                __cvt
 .text.__exponent
                0x08000b9e       0x7c c:/users/east_/.eide/tools/gcc_arm/bin/../lib/gcc/arm-none-eabi/10.2.1/../../../../arm-none-eabi/lib/thumb/v7-m/nofp\libc_nano.a(lib_a-nano-vfprintf_float.o)
                0x08000b9e                __exponent
 *fill*         0x08000c1a        0x2 
 .text._printf_float
                0x08000c1c      0x458 c:/users/east_/.eide/tools/gcc_arm/bin/../lib/gcc/arm-none-eabi/10.2.1/../../../../arm-none-eabi/lib/thumb/v7-m/nofp\libc_nano.a(lib_a-nano-vfprintf_float.o)
                0x08000c1c                _printf_float
 .text._printf_common
                0x08001074       0xde c:/users/east_/.eide/tools/gcc_arm/bin/../lib/gcc/arm-none-eabi/10.2.1/../../../../arm-none-eabi/lib/thumb/v7-m/nofp\libc_nano.a(lib_a-nano-vfprintf_i.o)
                0x08001074                _printf_common
 *fill*         0x08001152        0x2 
 .text._printf_i
                0x08001154      0x24c c:/users/east_/.eide/tools/gcc_arm/bin/../lib/gcc/arm-none-eabi/10.2.1/../../../../arm-none-eabi/lib/thumb/v7-m/nofp\libc_nano.a(lib_a-nano-vfprintf_i.o)
                0x08001154                _printf_i
 .text.quorem   0x080013a0      0x118 c:/users/east_/.eide/tools/gcc_arm/bin/../lib/gcc/arm-none-eabi/10.2.1/../../../../arm-none-eabi/lib/thumb/v7-m/nofp\libc_nano.a(lib_a-dtoa.o)
 .text._dtoa_r  0x080014b8      0xbdc c:/users/east_/.eide/tools/gcc_arm/bin/../lib/gcc/arm-none-eabi/10.2.1/../../../../arm-none-eabi/lib/thumb/v7-m/nofp\libc_nano.a(lib_a-dtoa.o)
                0x080014b8                _dtoa_r
 .text._localeconv_r
                0x08002094        0x8 c:/users/east_/.eide/tools/gcc_arm/bin/../lib/gcc/arm-none-eabi/10.2.1/../../../../arm-none-eabi/lib/thumb/v7-m/nofp\libc_nano.a(lib_a-localeconv.o)
                0x08002094                _localeconv_r
 .text.malloc   0x0800209c       0x10 c:/users/east_/.eide/tools/gcc_arm/bin/../lib/gcc/arm-none-eabi/10.2.1/../../../../arm-none-eabi/lib/thumb/v7-m/nofp\libc_nano.a(lib_a-malloc.o)
                0x0800209c                malloc
 .text.memchr   0x080020ac       0x1c c:/users/east_/.eide/tools/gcc_arm/bin/../lib/gcc/arm-none-eabi/10.2.1/../../../../arm-none-eabi/lib/thumb/v7-m/nofp\libc_nano.a(lib_a-memchr-stub.o)
                0x080020ac                memchr
 .text.memcpy   0x080020c8       0x1c c:/users/east_/.eide/tools/gcc_arm/bin/../lib/gcc/arm-none-eabi/10.2.1/../../../../arm-none-eabi/lib/thumb/v7-m/nofp\libc_nano.a(lib_a-memcpy-stub.o)
                0x080020c8                memcpy
 .text._Balloc  0x080020e4       0x80 c:/users/east_/.eide/tools/gcc_arm/bin/../lib/gcc/arm-none-eabi/10.2.1/../../../../arm-none-eabi/lib/thumb/v7-m/nofp\libc_nano.a(lib_a-mprec.o)
                0x080020e4                _Balloc
 .text._Bfree   0x08002164       0x44 c:/users/east_/.eide/tools/gcc_arm/bin/../lib/gcc/arm-none-eabi/10.2.1/../../../../arm-none-eabi/lib/thumb/v7-m/nofp\libc_nano.a(lib_a-mprec.o)
                0x08002164                _Bfree
 .text.__multadd
                0x080021a8       0x8c c:/users/east_/.eide/tools/gcc_arm/bin/../lib/gcc/arm-none-eabi/10.2.1/../../../../arm-none-eabi/lib/thumb/v7-m/nofp\libc_nano.a(lib_a-mprec.o)
                0x080021a8                __multadd
 .text.__hi0bits
                0x08002234       0x40 c:/users/east_/.eide/tools/gcc_arm/bin/../lib/gcc/arm-none-eabi/10.2.1/../../../../arm-none-eabi/lib/thumb/v7-m/nofp\libc_nano.a(lib_a-mprec.o)
                0x08002234                __hi0bits
 .text.__lo0bits
                0x08002274       0x5a c:/users/east_/.eide/tools/gcc_arm/bin/../lib/gcc/arm-none-eabi/10.2.1/../../../../arm-none-eabi/lib/thumb/v7-m/nofp\libc_nano.a(lib_a-mprec.o)
                0x08002274                __lo0bits
 *fill*         0x080022ce        0x2 
 .text.__i2b    0x080022d0       0x2c c:/users/east_/.eide/tools/gcc_arm/bin/../lib/gcc/arm-none-eabi/10.2.1/../../../../arm-none-eabi/lib/thumb/v7-m/nofp\libc_nano.a(lib_a-mprec.o)
                0x080022d0                __i2b
 .text.__multiply
                0x080022fc      0x150 c:/users/east_/.eide/tools/gcc_arm/bin/../lib/gcc/arm-none-eabi/10.2.1/../../../../arm-none-eabi/lib/thumb/v7-m/nofp\libc_nano.a(lib_a-mprec.o)
                0x080022fc                __multiply
 .text.__pow5mult
                0x0800244c       0xb4 c:/users/east_/.eide/tools/gcc_arm/bin/../lib/gcc/arm-none-eabi/10.2.1/../../../../arm-none-eabi/lib/thumb/v7-m/nofp\libc_nano.a(lib_a-mprec.o)
                0x0800244c                __pow5mult
 .text.__lshift
                0x08002500       0xe0 c:/users/east_/.eide/tools/gcc_arm/bin/../lib/gcc/arm-none-eabi/10.2.1/../../../../arm-none-eabi/lib/thumb/v7-m/nofp\libc_nano.a(lib_a-mprec.o)
                0x08002500                __lshift
 .text.__mcmp   0x080025e0       0x36 c:/users/east_/.eide/tools/gcc_arm/bin/../lib/gcc/arm-none-eabi/10.2.1/../../../../arm-none-eabi/lib/thumb/v7-m/nofp\libc_nano.a(lib_a-mprec.o)
                0x080025e0                __mcmp
 *fill*         0x08002616        0x2 
 .text.__mdiff  0x08002618      0x118 c:/users/east_/.eide/tools/gcc_arm/bin/../lib/gcc/arm-none-eabi/10.2.1/../../../../arm-none-eabi/lib/thumb/v7-m/nofp\libc_nano.a(lib_a-mprec.o)
                0x08002618                __mdiff
 .text.__d2b    0x08002730       0xb8 c:/users/east_/.eide/tools/gcc_arm/bin/../lib/gcc/arm-none-eabi/10.2.1/../../../../arm-none-eabi/lib/thumb/v7-m/nofp\libc_nano.a(lib_a-mprec.o)
                0x08002730                __d2b
 .text._calloc_r
                0x080027e8       0x1c c:/users/east_/.eide/tools/gcc_arm/bin/../lib/gcc/arm-none-eabi/10.2.1/../../../../arm-none-eabi/lib/thumb/v7-m/nofp\libc_nano.a(lib_a-nano-callocr.o)
                0x080027e8                _calloc_r
 .text._free_r  0x08002804       0x90 c:/users/east_/.eide/tools/gcc_arm/bin/../lib/gcc/arm-none-eabi/10.2.1/../../../../arm-none-eabi/lib/thumb/v7-m/nofp\libc_nano.a(lib_a-nano-freer.o)
                0x08002804                _free_r
 .text._malloc_r
                0x08002894       0xb4 c:/users/east_/.eide/tools/gcc_arm/bin/../lib/gcc/arm-none-eabi/10.2.1/../../../../arm-none-eabi/lib/thumb/v7-m/nofp\libc_nano.a(lib_a-nano-mallocr.o)
                0x08002894                _malloc_r
 .text._sbrk_r  0x08002948       0x20 c:/users/east_/.eide/tools/gcc_arm/bin/../lib/gcc/arm-none-eabi/10.2.1/../../../../arm-none-eabi/lib/thumb/v7-m/nofp\libc_nano.a(lib_a-sbrkr.o)
                0x08002948                _sbrk_r
 .text.__assert_func
                0x08002968       0x3c c:/users/east_/.eide/tools/gcc_arm/bin/../lib/gcc/arm-none-eabi/10.2.1/../../../../arm-none-eabi/lib/thumb/v7-m/nofp\libc_nano.a(lib_a-assert.o)
                0x08002968                __assert_func
 .text.fprintf  0x080029a4       0x24 c:/users/east_/.eide/tools/gcc_arm/bin/../lib/gcc/arm-none-eabi/10.2.1/../../../../arm-none-eabi/lib/thumb/v7-m/nofp\libc_nano.a(lib_a-fprintf.o)
                0x080029a4                fiprintf
                0x080029a4                fprintf
 .text.__ascii_mbtowc
                0x080029c8       0x24 c:/users/east_/.eide/tools/gcc_arm/bin/../lib/gcc/arm-none-eabi/10.2.1/../../../../arm-none-eabi/lib/thumb/v7-m/nofp\libc_nano.a(lib_a-mbtowc_r.o)
                0x080029c8                __ascii_mbtowc
 .text.__malloc_lock
                0x080029ec        0xc c:/users/east_/.eide/tools/gcc_arm/bin/../lib/gcc/arm-none-eabi/10.2.1/../../../../arm-none-eabi/lib/thumb/v7-m/nofp\libc_nano.a(lib_a-mlock.o)
                0x080029ec                __malloc_lock
 .text.__malloc_unlock
                0x080029f8        0xc c:/users/east_/.eide/tools/gcc_arm/bin/../lib/gcc/arm-none-eabi/10.2.1/../../../../arm-none-eabi/lib/thumb/v7-m/nofp\libc_nano.a(lib_a-mlock.o)
                0x080029f8                __malloc_unlock
 .text.__sfputc_r
                0x08002a04       0x2a c:/users/east_/.eide/tools/gcc_arm/bin/../lib/gcc/arm-none-eabi/10.2.1/../../../../arm-none-eabi/lib/thumb/v7-m/nofp\libc_nano.a(lib_a-nano-vfprintf.o)
 .text.__sfputs_r
                0x08002a2e       0x24 c:/users/east_/.eide/tools/gcc_arm/bin/../lib/gcc/arm-none-eabi/10.2.1/../../../../arm-none-eabi/lib/thumb/v7-m/nofp\libc_nano.a(lib_a-nano-vfprintf.o)
                0x08002a2e                __sfputs_r
 *fill*         0x08002a52        0x2 
 .text._vfprintf_r
                0x08002a54      0x260 c:/users/east_/.eide/tools/gcc_arm/bin/../lib/gcc/arm-none-eabi/10.2.1/../../../../arm-none-eabi/lib/thumb/v7-m/nofp\libc_nano.a(lib_a-nano-vfprintf.o)
                0x08002a54                _vfprintf_r
                0x08002a54                _vfiprintf_r
 .text.__swbuf_r
                0x08002cb4       0xa4 c:/users/east_/.eide/tools/gcc_arm/bin/../lib/gcc/arm-none-eabi/10.2.1/../../../../arm-none-eabi/lib/thumb/v7-m/nofp\libc_nano.a(lib_a-wbuf.o)
                0x08002cb4                __swbuf_r
 .text.__ascii_wctomb
                0x08002d58       0x1a c:/users/east_/.eide/tools/gcc_arm/bin/../lib/gcc/arm-none-eabi/10.2.1/../../../../arm-none-eabi/lib/thumb/v7-m/nofp\libc_nano.a(lib_a-wctomb_r.o)
                0x08002d58                __ascii_wctomb
 *fill*         0x08002d72        0x2 
 .text.__swsetup_r
                0x08002d74       0xdc c:/users/east_/.eide/tools/gcc_arm/bin/../lib/gcc/arm-none-eabi/10.2.1/../../../../arm-none-eabi/lib/thumb/v7-m/nofp\libc_nano.a(lib_a-wsetup.o)
                0x08002d74                __swsetup_r
 .text.abort    0x08002e50        0xe c:/users/east_/.eide/tools/gcc_arm/bin/../lib/gcc/arm-none-eabi/10.2.1/../../../../arm-none-eabi/lib/thumb/v7-m/nofp\libc_nano.a(lib_a-abort.o)
                0x08002e50                abort
 *fill*         0x08002e5e        0x2 
 .text.__sflush_r
                0x08002e60      0x104 c:/users/east_/.eide/tools/gcc_arm/bin/../lib/gcc/arm-none-eabi/10.2.1/../../../../arm-none-eabi/lib/thumb/v7-m/nofp\libc_nano.a(lib_a-fflush.o)
                0x08002e60                __sflush_r
 .text._fflush_r
                0x08002f64       0x78 c:/users/east_/.eide/tools/gcc_arm/bin/../lib/gcc/arm-none-eabi/10.2.1/../../../../arm-none-eabi/lib/thumb/v7-m/nofp\libc_nano.a(lib_a-fflush.o)
                0x08002f64                _fflush_r
 .text.std      0x08002fdc       0x48 c:/users/east_/.eide/tools/gcc_arm/bin/../lib/gcc/arm-none-eabi/10.2.1/../../../../arm-none-eabi/lib/thumb/v7-m/nofp\libc_nano.a(lib_a-findfp.o)
 .text._cleanup_r
                0x08003024        0xc c:/users/east_/.eide/tools/gcc_arm/bin/../lib/gcc/arm-none-eabi/10.2.1/../../../../arm-none-eabi/lib/thumb/v7-m/nofp\libc_nano.a(lib_a-findfp.o)
                0x08003024                _cleanup_r
 .text.__sfmoreglue
                0x08003030       0x2c c:/users/east_/.eide/tools/gcc_arm/bin/../lib/gcc/arm-none-eabi/10.2.1/../../../../arm-none-eabi/lib/thumb/v7-m/nofp\libc_nano.a(lib_a-findfp.o)
                0x08003030                __sfmoreglue
 .text.__sfp_lock_acquire
                0x0800305c        0xc c:/users/east_/.eide/tools/gcc_arm/bin/../lib/gcc/arm-none-eabi/10.2.1/../../../../arm-none-eabi/lib/thumb/v7-m/nofp\libc_nano.a(lib_a-findfp.o)
                0x0800305c                __sfp_lock_acquire
 .text.__sfp_lock_release
                0x08003068        0xc c:/users/east_/.eide/tools/gcc_arm/bin/../lib/gcc/arm-none-eabi/10.2.1/../../../../arm-none-eabi/lib/thumb/v7-m/nofp\libc_nano.a(lib_a-findfp.o)
                0x08003068                __sfp_lock_release
 .text.__sinit_lock_acquire
                0x08003074        0xc c:/users/east_/.eide/tools/gcc_arm/bin/../lib/gcc/arm-none-eabi/10.2.1/../../../../arm-none-eabi/lib/thumb/v7-m/nofp\libc_nano.a(lib_a-findfp.o)
                0x08003074                __sinit_lock_acquire
 .text.__sinit_lock_release
                0x08003080        0xc c:/users/east_/.eide/tools/gcc_arm/bin/../lib/gcc/arm-none-eabi/10.2.1/../../../../arm-none-eabi/lib/thumb/v7-m/nofp\libc_nano.a(lib_a-findfp.o)
                0x08003080                __sinit_lock_release
 .text.__sinit  0x0800308c       0x70 c:/users/east_/.eide/tools/gcc_arm/bin/../lib/gcc/arm-none-eabi/10.2.1/../../../../arm-none-eabi/lib/thumb/v7-m/nofp\libc_nano.a(lib_a-findfp.o)
                0x0800308c                __sinit
 .text.__sfp    0x080030fc       0x8c c:/users/east_/.eide/tools/gcc_arm/bin/../lib/gcc/arm-none-eabi/10.2.1/../../../../arm-none-eabi/lib/thumb/v7-m/nofp\libc_nano.a(lib_a-findfp.o)
                0x080030fc                __sfp
 .text._fwalk_reent
                0x08003188       0x3e c:/users/east_/.eide/tools/gcc_arm/bin/../lib/gcc/arm-none-eabi/10.2.1/../../../../arm-none-eabi/lib/thumb/v7-m/nofp\libc_nano.a(lib_a-fwalk.o)
                0x08003188                _fwalk_reent
 .text.__retarget_lock_init_recursive
                0x080031c6        0x2 c:/users/east_/.eide/tools/gcc_arm/bin/../lib/gcc/arm-none-eabi/10.2.1/../../../../arm-none-eabi/lib/thumb/v7-m/nofp\libc_nano.a(lib_a-lock.o)
                0x080031c6                __retarget_lock_init_recursive
 .text.__retarget_lock_acquire_recursive
                0x080031c8        0x2 c:/users/east_/.eide/tools/gcc_arm/bin/../lib/gcc/arm-none-eabi/10.2.1/../../../../arm-none-eabi/lib/thumb/v7-m/nofp\libc_nano.a(lib_a-lock.o)
                0x080031c8                __retarget_lock_acquire_recursive
 .text.__retarget_lock_release_recursive
                0x080031ca        0x2 c:/users/east_/.eide/tools/gcc_arm/bin/../lib/gcc/arm-none-eabi/10.2.1/../../../../arm-none-eabi/lib/thumb/v7-m/nofp\libc_nano.a(lib_a-lock.o)
                0x080031ca                __retarget_lock_release_recursive
 .text.__swhatbuf_r
                0x080031cc       0x4a c:/users/east_/.eide/tools/gcc_arm/bin/../lib/gcc/arm-none-eabi/10.2.1/../../../../arm-none-eabi/lib/thumb/v7-m/nofp\libc_nano.a(lib_a-makebuf.o)
                0x080031cc                __swhatbuf_r
 *fill*         0x08003216        0x2 
 .text.__smakebuf_r
                0x08003218       0x80 c:/users/east_/.eide/tools/gcc_arm/bin/../lib/gcc/arm-none-eabi/10.2.1/../../../../arm-none-eabi/lib/thumb/v7-m/nofp\libc_nano.a(lib_a-makebuf.o)
                0x08003218                __smakebuf_r
 .text.memmove  0x08003298       0x34 c:/users/east_/.eide/tools/gcc_arm/bin/../lib/gcc/arm-none-eabi/10.2.1/../../../../arm-none-eabi/lib/thumb/v7-m/nofp\libc_nano.a(lib_a-memmove.o)
                0x08003298                memmove
 .text._realloc_r
                0x080032cc       0x4c c:/users/east_/.eide/tools/gcc_arm/bin/../lib/gcc/arm-none-eabi/10.2.1/../../../../arm-none-eabi/lib/thumb/v7-m/nofp\libc_nano.a(lib_a-nano-reallocr.o)
                0x080032cc                _realloc_r
 .text._raise_r
                0x08003318       0x50 c:/users/east_/.eide/tools/gcc_arm/bin/../lib/gcc/arm-none-eabi/10.2.1/../../../../arm-none-eabi/lib/thumb/v7-m/nofp\libc_nano.a(lib_a-signal.o)
                0x08003318                _raise_r
 .text.raise    0x08003368       0x10 c:/users/east_/.eide/tools/gcc_arm/bin/../lib/gcc/arm-none-eabi/10.2.1/../../../../arm-none-eabi/lib/thumb/v7-m/nofp\libc_nano.a(lib_a-signal.o)
                0x08003368                raise
 .text._kill_r  0x08003378       0x24 c:/users/east_/.eide/tools/gcc_arm/bin/../lib/gcc/arm-none-eabi/10.2.1/../../../../arm-none-eabi/lib/thumb/v7-m/nofp\libc_nano.a(lib_a-signalr.o)
                0x08003378                _kill_r
 .text._getpid_r
                0x0800339c        0x4 c:/users/east_/.eide/tools/gcc_arm/bin/../lib/gcc/arm-none-eabi/10.2.1/../../../../arm-none-eabi/lib/thumb/v7-m/nofp\libc_nano.a(lib_a-signalr.o)
                0x0800339c                _getpid_r
 .text.__sread  0x080033a0       0x22 c:/users/east_/.eide/tools/gcc_arm/bin/../lib/gcc/arm-none-eabi/10.2.1/../../../../arm-none-eabi/lib/thumb/v7-m/nofp\libc_nano.a(lib_a-stdio.o)
                0x080033a0                __sread
 .text.__swrite
                0x080033c2       0x38 c:/users/east_/.eide/tools/gcc_arm/bin/../lib/gcc/arm-none-eabi/10.2.1/../../../../arm-none-eabi/lib/thumb/v7-m/nofp\libc_nano.a(lib_a-stdio.o)
                0x080033c2                __swrite
 .text.__sseek  0x080033fa       0x24 c:/users/east_/.eide/tools/gcc_arm/bin/../lib/gcc/arm-none-eabi/10.2.1/../../../../arm-none-eabi/lib/thumb/v7-m/nofp\libc_nano.a(lib_a-stdio.o)
                0x080033fa                __sseek
 .text.__sclose
                0x0800341e        0x8 c:/users/east_/.eide/tools/gcc_arm/bin/../lib/gcc/arm-none-eabi/10.2.1/../../../../arm-none-eabi/lib/thumb/v7-m/nofp\libc_nano.a(lib_a-stdio.o)
                0x0800341e                __sclose
 *fill*         0x08003426        0x2 
 .text._write_r
                0x08003428       0x24 c:/users/east_/.eide/tools/gcc_arm/bin/../lib/gcc/arm-none-eabi/10.2.1/../../../../arm-none-eabi/lib/thumb/v7-m/nofp\libc_nano.a(lib_a-writer.o)
                0x08003428                _write_r
 .text._close_r
                0x0800344c       0x20 c:/users/east_/.eide/tools/gcc_arm/bin/../lib/gcc/arm-none-eabi/10.2.1/../../../../arm-none-eabi/lib/thumb/v7-m/nofp\libc_nano.a(lib_a-closer.o)
                0x0800344c                _close_r
 .text._fstat_r
                0x0800346c       0x24 c:/users/east_/.eide/tools/gcc_arm/bin/../lib/gcc/arm-none-eabi/10.2.1/../../../../arm-none-eabi/lib/thumb/v7-m/nofp\libc_nano.a(lib_a-fstatr.o)
                0x0800346c                _fstat_r
 .text._isatty_r
                0x08003490       0x20 c:/users/east_/.eide/tools/gcc_arm/bin/../lib/gcc/arm-none-eabi/10.2.1/../../../../arm-none-eabi/lib/thumb/v7-m/nofp\libc_nano.a(lib_a-isattyr.o)
                0x08003490                _isatty_r
 .text._lseek_r
                0x080034b0       0x24 c:/users/east_/.eide/tools/gcc_arm/bin/../lib/gcc/arm-none-eabi/10.2.1/../../../../arm-none-eabi/lib/thumb/v7-m/nofp\libc_nano.a(lib_a-lseekr.o)
                0x080034b0                _lseek_r
 .text._malloc_usable_size_r
                0x080034d4       0x10 c:/users/east_/.eide/tools/gcc_arm/bin/../lib/gcc/arm-none-eabi/10.2.1/../../../../arm-none-eabi/lib/thumb/v7-m/nofp\libc_nano.a(lib_a-nano-msizer.o)
                0x080034d4                _malloc_usable_size_r
 .text._read_r  0x080034e4       0x24 c:/users/east_/.eide/tools/gcc_arm/bin/../lib/gcc/arm-none-eabi/10.2.1/../../../../arm-none-eabi/lib/thumb/v7-m/nofp\libc_nano.a(lib_a-readr.o)
                0x080034e4                _read_r
 .text.OLED_Send
                0x08003508       0x2c CMakeFiles/TIM_ENCODER.dir/Core/Src/oled.c.obj
                0x08003508                OLED_Send
 .text.OLED_SendCmd
                0x08003534       0x24 CMakeFiles/TIM_ENCODER.dir/Core/Src/oled.c.obj
                0x08003534                OLED_SendCmd
 .text.OLED_Init
                0x08003558       0xac CMakeFiles/TIM_ENCODER.dir/Core/Src/oled.c.obj
                0x08003558                OLED_Init
 .text.OLED_NewFrame
                0x08003604       0x18 CMakeFiles/TIM_ENCODER.dir/Core/Src/oled.c.obj
                0x08003604                OLED_NewFrame
 .text.OLED_ShowFrame
                0x0800361c       0x68 CMakeFiles/TIM_ENCODER.dir/Core/Src/oled.c.obj
                0x0800361c                OLED_ShowFrame
 .text.OLED_SetPixel
                0x08003684       0xb0 CMakeFiles/TIM_ENCODER.dir/Core/Src/oled.c.obj
                0x08003684                OLED_SetPixel
 .text.OLED_SetByte_Fine
                0x08003734       0xf8 CMakeFiles/TIM_ENCODER.dir/Core/Src/oled.c.obj
                0x08003734                OLED_SetByte_Fine
 .text.OLED_SetBits_Fine
                0x0800382c       0xbe CMakeFiles/TIM_ENCODER.dir/Core/Src/oled.c.obj
                0x0800382c                OLED_SetBits_Fine
 .text.OLED_SetBits
                0x080038ea       0x82 CMakeFiles/TIM_ENCODER.dir/Core/Src/oled.c.obj
                0x080038ea                OLED_SetBits
 .text.OLED_SetBlock
                0x0800396c       0xe2 CMakeFiles/TIM_ENCODER.dir/Core/Src/oled.c.obj
                0x0800396c                OLED_SetBlock
 *fill*         0x08003a4e        0x2 
 .text.OLED_DrawLine
                0x08003a50      0x1d8 CMakeFiles/TIM_ENCODER.dir/Core/Src/oled.c.obj
                0x08003a50                OLED_DrawLine
 .text.OLED_DrawRectangle
                0x08003c28       0xa2 CMakeFiles/TIM_ENCODER.dir/Core/Src/oled.c.obj
                0x08003c28                OLED_DrawRectangle
 .text.OLED_DrawFilledRectangle
                0x08003cca       0x68 CMakeFiles/TIM_ENCODER.dir/Core/Src/oled.c.obj
                0x08003cca                OLED_DrawFilledRectangle
 .text.OLED_PrintASCIIChar
                0x08003d32       0x5e CMakeFiles/TIM_ENCODER.dir/Core/Src/oled.c.obj
                0x08003d32                OLED_PrintASCIIChar
 .text._OLED_GetUTF8Len
                0x08003d90       0x52 CMakeFiles/TIM_ENCODER.dir/Core/Src/oled.c.obj
                0x08003d90                _OLED_GetUTF8Len
 .text.OLED_PrintString
                0x08003de2      0x14c CMakeFiles/TIM_ENCODER.dir/Core/Src/oled.c.obj
                0x08003de2                OLED_PrintString
 *fill*         0x08003f2e        0x2 
 .text.main     0x08003f30      0x1c0 CMakeFiles/TIM_ENCODER.dir/Core/Src/main.c.obj
                0x08003f30                main
 .text.SystemClock_Config
                0x080040f0       0x8a CMakeFiles/TIM_ENCODER.dir/Core/Src/main.c.obj
                0x080040f0                SystemClock_Config
 .text.Error_Handler
                0x0800417a        0xa CMakeFiles/TIM_ENCODER.dir/Core/Src/main.c.obj
                0x0800417a                Error_Handler
 .text.MX_GPIO_Init
                0x08004184       0x88 CMakeFiles/TIM_ENCODER.dir/Core/Src/gpio.c.obj
                0x08004184                MX_GPIO_Init
 .text.MX_I2C1_Init
                0x0800420c       0x5c CMakeFiles/TIM_ENCODER.dir/Core/Src/i2c.c.obj
                0x0800420c                MX_I2C1_Init
 .text.HAL_I2C_MspInit
                0x08004268       0x7c CMakeFiles/TIM_ENCODER.dir/Core/Src/i2c.c.obj
                0x08004268                HAL_I2C_MspInit
 .text.MX_TIM1_Init
                0x080042e4       0xb0 CMakeFiles/TIM_ENCODER.dir/Core/Src/tim.c.obj
                0x080042e4                MX_TIM1_Init
 .text.MX_TIM3_Init
                0x08004394      0x118 CMakeFiles/TIM_ENCODER.dir/Core/Src/tim.c.obj
                0x08004394                MX_TIM3_Init
 .text.HAL_TIM_Encoder_MspInit
                0x080044ac       0x80 CMakeFiles/TIM_ENCODER.dir/Core/Src/tim.c.obj
                0x080044ac                HAL_TIM_Encoder_MspInit
 .text.HAL_TIM_Base_MspInit
                0x0800452c       0x3c CMakeFiles/TIM_ENCODER.dir/Core/Src/tim.c.obj
                0x0800452c                HAL_TIM_Base_MspInit
 .text.HAL_TIM_MspPostInit
                0x08004568       0x98 CMakeFiles/TIM_ENCODER.dir/Core/Src/tim.c.obj
                0x08004568                HAL_TIM_MspPostInit
 .text.NMI_Handler
                0x08004600        0x6 CMakeFiles/TIM_ENCODER.dir/Core/Src/stm32f1xx_it.c.obj
                0x08004600                NMI_Handler
 .text.HardFault_Handler
                0x08004606        0x6 CMakeFiles/TIM_ENCODER.dir/Core/Src/stm32f1xx_it.c.obj
                0x08004606                HardFault_Handler
 .text.MemManage_Handler
                0x0800460c        0x6 CMakeFiles/TIM_ENCODER.dir/Core/Src/stm32f1xx_it.c.obj
                0x0800460c                MemManage_Handler
 .text.BusFault_Handler
                0x08004612        0x6 CMakeFiles/TIM_ENCODER.dir/Core/Src/stm32f1xx_it.c.obj
                0x08004612                BusFault_Handler
 .text.UsageFault_Handler
                0x08004618        0x6 CMakeFiles/TIM_ENCODER.dir/Core/Src/stm32f1xx_it.c.obj
                0x08004618                UsageFault_Handler
 .text.SVC_Handler
                0x0800461e        0xc CMakeFiles/TIM_ENCODER.dir/Core/Src/stm32f1xx_it.c.obj
                0x0800461e                SVC_Handler
 .text.DebugMon_Handler
                0x0800462a        0xc CMakeFiles/TIM_ENCODER.dir/Core/Src/stm32f1xx_it.c.obj
                0x0800462a                DebugMon_Handler
 .text.PendSV_Handler
                0x08004636        0xc CMakeFiles/TIM_ENCODER.dir/Core/Src/stm32f1xx_it.c.obj
                0x08004636                PendSV_Handler
 .text.SysTick_Handler
                0x08004642        0xc CMakeFiles/TIM_ENCODER.dir/Core/Src/stm32f1xx_it.c.obj
                0x08004642                SysTick_Handler
 *fill*         0x0800464e        0x2 
 .text.HAL_MspInit
                0x08004650       0x64 CMakeFiles/TIM_ENCODER.dir/Core/Src/stm32f1xx_hal_msp.c.obj
                0x08004650                HAL_MspInit
 .text.HAL_I2C_Init
                0x080046b4      0x288 CMakeFiles/TIM_ENCODER.dir/C_/Users/east_/STM32Cube/Repository/STM32Cube_FW_F1_V1.8.6/Drivers/STM32F1xx_HAL_Driver/Src/stm32f1xx_hal_i2c.c.obj
                0x080046b4                HAL_I2C_Init
 .text.HAL_I2C_Master_Transmit
                0x0800493c      0x1fc CMakeFiles/TIM_ENCODER.dir/C_/Users/east_/STM32Cube/Repository/STM32Cube_FW_F1_V1.8.6/Drivers/STM32F1xx_HAL_Driver/Src/stm32f1xx_hal_i2c.c.obj
                0x0800493c                HAL_I2C_Master_Transmit
 .text.I2C_MasterRequestWrite
                0x08004b38      0x104 CMakeFiles/TIM_ENCODER.dir/C_/Users/east_/STM32Cube/Repository/STM32Cube_FW_F1_V1.8.6/Drivers/STM32F1xx_HAL_Driver/Src/stm32f1xx_hal_i2c.c.obj
 .text.I2C_WaitOnFlagUntilTimeout
                0x08004c3c       0xf4 CMakeFiles/TIM_ENCODER.dir/C_/Users/east_/STM32Cube/Repository/STM32Cube_FW_F1_V1.8.6/Drivers/STM32F1xx_HAL_Driver/Src/stm32f1xx_hal_i2c.c.obj
 .text.I2C_WaitOnMasterAddressFlagUntilTimeout
                0x08004d30      0x140 CMakeFiles/TIM_ENCODER.dir/C_/Users/east_/STM32Cube/Repository/STM32Cube_FW_F1_V1.8.6/Drivers/STM32F1xx_HAL_Driver/Src/stm32f1xx_hal_i2c.c.obj
 .text.I2C_WaitOnTXEFlagUntilTimeout
                0x08004e70       0x90 CMakeFiles/TIM_ENCODER.dir/C_/Users/east_/STM32Cube/Repository/STM32Cube_FW_F1_V1.8.6/Drivers/STM32F1xx_HAL_Driver/Src/stm32f1xx_hal_i2c.c.obj
 .text.I2C_WaitOnBTFFlagUntilTimeout
                0x08004f00       0x90 CMakeFiles/TIM_ENCODER.dir/C_/Users/east_/STM32Cube/Repository/STM32Cube_FW_F1_V1.8.6/Drivers/STM32F1xx_HAL_Driver/Src/stm32f1xx_hal_i2c.c.obj
 .text.I2C_IsAcknowledgeFailed
                0x08004f90       0x5c CMakeFiles/TIM_ENCODER.dir/C_/Users/east_/STM32Cube/Repository/STM32Cube_FW_F1_V1.8.6/Drivers/STM32F1xx_HAL_Driver/Src/stm32f1xx_hal_i2c.c.obj
 .text.HAL_Init
                0x08004fec       0x2c CMakeFiles/TIM_ENCODER.dir/C_/Users/east_/STM32Cube/Repository/STM32Cube_FW_F1_V1.8.6/Drivers/STM32F1xx_HAL_Driver/Src/stm32f1xx_hal.c.obj
                0x08004fec                HAL_Init
 .text.HAL_InitTick
                0x08005018       0x60 CMakeFiles/TIM_ENCODER.dir/C_/Users/east_/STM32Cube/Repository/STM32Cube_FW_F1_V1.8.6/Drivers/STM32F1xx_HAL_Driver/Src/stm32f1xx_hal.c.obj
                0x08005018                HAL_InitTick
 .text.HAL_IncTick
                0x08005078       0x24 CMakeFiles/TIM_ENCODER.dir/C_/Users/east_/STM32Cube/Repository/STM32Cube_FW_F1_V1.8.6/Drivers/STM32F1xx_HAL_Driver/Src/stm32f1xx_hal.c.obj
                0x08005078                HAL_IncTick
 .text.HAL_GetTick
                0x0800509c       0x14 CMakeFiles/TIM_ENCODER.dir/C_/Users/east_/STM32Cube/Repository/STM32Cube_FW_F1_V1.8.6/Drivers/STM32F1xx_HAL_Driver/Src/stm32f1xx_hal.c.obj
                0x0800509c                HAL_GetTick
 .text.HAL_Delay
                0x080050b0       0x48 CMakeFiles/TIM_ENCODER.dir/C_/Users/east_/STM32Cube/Repository/STM32Cube_FW_F1_V1.8.6/Drivers/STM32F1xx_HAL_Driver/Src/stm32f1xx_hal.c.obj
                0x080050b0                HAL_Delay
 .text.HAL_RCC_OscConfig
                0x080050f8      0x504 CMakeFiles/TIM_ENCODER.dir/C_/Users/east_/STM32Cube/Repository/STM32Cube_FW_F1_V1.8.6/Drivers/STM32F1xx_HAL_Driver/Src/stm32f1xx_hal_rcc.c.obj
                0x080050f8                HAL_RCC_OscConfig
 .text.HAL_RCC_ClockConfig
                0x080055fc      0x1d4 CMakeFiles/TIM_ENCODER.dir/C_/Users/east_/STM32Cube/Repository/STM32Cube_FW_F1_V1.8.6/Drivers/STM32F1xx_HAL_Driver/Src/stm32f1xx_hal_rcc.c.obj
                0x080055fc                HAL_RCC_ClockConfig
 .text.HAL_RCC_GetSysClockFreq
                0x080057d0       0xa8 CMakeFiles/TIM_ENCODER.dir/C_/Users/east_/STM32Cube/Repository/STM32Cube_FW_F1_V1.8.6/Drivers/STM32F1xx_HAL_Driver/Src/stm32f1xx_hal_rcc.c.obj
                0x080057d0                HAL_RCC_GetSysClockFreq
 .text.HAL_RCC_GetHCLKFreq
                0x08005878       0x14 CMakeFiles/TIM_ENCODER.dir/C_/Users/east_/STM32Cube/Repository/STM32Cube_FW_F1_V1.8.6/Drivers/STM32F1xx_HAL_Driver/Src/stm32f1xx_hal_rcc.c.obj
                0x08005878                HAL_RCC_GetHCLKFreq
 .text.HAL_RCC_GetPCLK1Freq
                0x0800588c       0x28 CMakeFiles/TIM_ENCODER.dir/C_/Users/east_/STM32Cube/Repository/STM32Cube_FW_F1_V1.8.6/Drivers/STM32F1xx_HAL_Driver/Src/stm32f1xx_hal_rcc.c.obj
                0x0800588c                HAL_RCC_GetPCLK1Freq
 .text.RCC_Delay
                0x080058b4       0x3c CMakeFiles/TIM_ENCODER.dir/C_/Users/east_/STM32Cube/Repository/STM32Cube_FW_F1_V1.8.6/Drivers/STM32F1xx_HAL_Driver/Src/stm32f1xx_hal_rcc.c.obj
 .text.HAL_GPIO_Init
                0x080058f0      0x308 CMakeFiles/TIM_ENCODER.dir/C_/Users/east_/STM32Cube/Repository/STM32Cube_FW_F1_V1.8.6/Drivers/STM32F1xx_HAL_Driver/Src/stm32f1xx_hal_gpio.c.obj
                0x080058f0                HAL_GPIO_Init
 .text.HAL_GPIO_ReadPin
                0x08005bf8       0x2e CMakeFiles/TIM_ENCODER.dir/C_/Users/east_/STM32Cube/Repository/STM32Cube_FW_F1_V1.8.6/Drivers/STM32F1xx_HAL_Driver/Src/stm32f1xx_hal_gpio.c.obj
                0x08005bf8                HAL_GPIO_ReadPin
 *fill*         0x08005c26        0x2 
 .text.__NVIC_SetPriorityGrouping
                0x08005c28       0x48 CMakeFiles/TIM_ENCODER.dir/C_/Users/east_/STM32Cube/Repository/STM32Cube_FW_F1_V1.8.6/Drivers/STM32F1xx_HAL_Driver/Src/stm32f1xx_hal_cortex.c.obj
 .text.__NVIC_GetPriorityGrouping
                0x08005c70       0x1c CMakeFiles/TIM_ENCODER.dir/C_/Users/east_/STM32Cube/Repository/STM32Cube_FW_F1_V1.8.6/Drivers/STM32F1xx_HAL_Driver/Src/stm32f1xx_hal_cortex.c.obj
 .text.__NVIC_SetPriority
                0x08005c8c       0x54 CMakeFiles/TIM_ENCODER.dir/C_/Users/east_/STM32Cube/Repository/STM32Cube_FW_F1_V1.8.6/Drivers/STM32F1xx_HAL_Driver/Src/stm32f1xx_hal_cortex.c.obj
 .text.NVIC_EncodePriority
                0x08005ce0       0x64 CMakeFiles/TIM_ENCODER.dir/C_/Users/east_/STM32Cube/Repository/STM32Cube_FW_F1_V1.8.6/Drivers/STM32F1xx_HAL_Driver/Src/stm32f1xx_hal_cortex.c.obj
 .text.SysTick_Config
                0x08005d44       0x44 CMakeFiles/TIM_ENCODER.dir/C_/Users/east_/STM32Cube/Repository/STM32Cube_FW_F1_V1.8.6/Drivers/STM32F1xx_HAL_Driver/Src/stm32f1xx_hal_cortex.c.obj
 .text.HAL_NVIC_SetPriorityGrouping
                0x08005d88       0x16 CMakeFiles/TIM_ENCODER.dir/C_/Users/east_/STM32Cube/Repository/STM32Cube_FW_F1_V1.8.6/Drivers/STM32F1xx_HAL_Driver/Src/stm32f1xx_hal_cortex.c.obj
                0x08005d88                HAL_NVIC_SetPriorityGrouping
 .text.HAL_NVIC_SetPriority
                0x08005d9e       0x38 CMakeFiles/TIM_ENCODER.dir/C_/Users/east_/STM32Cube/Repository/STM32Cube_FW_F1_V1.8.6/Drivers/STM32F1xx_HAL_Driver/Src/stm32f1xx_hal_cortex.c.obj
                0x08005d9e                HAL_NVIC_SetPriority
 .text.HAL_SYSTICK_Config
                0x08005dd6       0x18 CMakeFiles/TIM_ENCODER.dir/C_/Users/east_/STM32Cube/Repository/STM32Cube_FW_F1_V1.8.6/Drivers/STM32F1xx_HAL_Driver/Src/stm32f1xx_hal_cortex.c.obj
                0x08005dd6                HAL_SYSTICK_Config
 .text.HAL_TIM_Base_Init
                0x08005dee       0x9e CMakeFiles/TIM_ENCODER.dir/C_/Users/east_/STM32Cube/Repository/STM32Cube_FW_F1_V1.8.6/Drivers/STM32F1xx_HAL_Driver/Src/stm32f1xx_hal_tim.c.obj
                0x08005dee                HAL_TIM_Base_Init
 .text.HAL_TIM_PWM_Init
                0x08005e8c       0x9e CMakeFiles/TIM_ENCODER.dir/C_/Users/east_/STM32Cube/Repository/STM32Cube_FW_F1_V1.8.6/Drivers/STM32F1xx_HAL_Driver/Src/stm32f1xx_hal_tim.c.obj
                0x08005e8c                HAL_TIM_PWM_Init
 .text.HAL_TIM_PWM_MspInit
                0x08005f2a       0x12 CMakeFiles/TIM_ENCODER.dir/C_/Users/east_/STM32Cube/Repository/STM32Cube_FW_F1_V1.8.6/Drivers/STM32F1xx_HAL_Driver/Src/stm32f1xx_hal_tim.c.obj
                0x08005f2a                HAL_TIM_PWM_MspInit
 .text.HAL_TIM_PWM_Start
                0x08005f3c      0x144 CMakeFiles/TIM_ENCODER.dir/C_/Users/east_/STM32Cube/Repository/STM32Cube_FW_F1_V1.8.6/Drivers/STM32F1xx_HAL_Driver/Src/stm32f1xx_hal_tim.c.obj
                0x08005f3c                HAL_TIM_PWM_Start
 .text.HAL_TIM_PWM_Stop
                0x08006080       0xc8 CMakeFiles/TIM_ENCODER.dir/C_/Users/east_/STM32Cube/Repository/STM32Cube_FW_F1_V1.8.6/Drivers/STM32F1xx_HAL_Driver/Src/stm32f1xx_hal_tim.c.obj
                0x08006080                HAL_TIM_PWM_Stop
 .text.HAL_TIM_Encoder_Init
                0x08006148      0x144 CMakeFiles/TIM_ENCODER.dir/C_/Users/east_/STM32Cube/Repository/STM32Cube_FW_F1_V1.8.6/Drivers/STM32F1xx_HAL_Driver/Src/stm32f1xx_hal_tim.c.obj
                0x08006148                HAL_TIM_Encoder_Init
 .text.HAL_TIM_Encoder_Start
                0x0800628c      0x11c CMakeFiles/TIM_ENCODER.dir/C_/Users/east_/STM32Cube/Repository/STM32Cube_FW_F1_V1.8.6/Drivers/STM32F1xx_HAL_Driver/Src/stm32f1xx_hal_tim.c.obj
                0x0800628c                HAL_TIM_Encoder_Start
 .text.HAL_TIM_PWM_ConfigChannel
                0x080063a8      0x184 CMakeFiles/TIM_ENCODER.dir/C_/Users/east_/STM32Cube/Repository/STM32Cube_FW_F1_V1.8.6/Drivers/STM32F1xx_HAL_Driver/Src/stm32f1xx_hal_tim.c.obj
                0x080063a8                HAL_TIM_PWM_ConfigChannel
 .text.HAL_TIM_ConfigClockSource
                0x0800652c      0x18e CMakeFiles/TIM_ENCODER.dir/C_/Users/east_/STM32Cube/Repository/STM32Cube_FW_F1_V1.8.6/Drivers/STM32F1xx_HAL_Driver/Src/stm32f1xx_hal_tim.c.obj
                0x0800652c                HAL_TIM_ConfigClockSource
 *fill*         0x080066ba        0x2 
 .text.TIM_Base_SetConfig
                0x080066bc       0xdc CMakeFiles/TIM_ENCODER.dir/C_/Users/east_/STM32Cube/Repository/STM32Cube_FW_F1_V1.8.6/Drivers/STM32F1xx_HAL_Driver/Src/stm32f1xx_hal_tim.c.obj
                0x080066bc                TIM_Base_SetConfig
 .text.TIM_OC1_SetConfig
                0x08006798       0xcc CMakeFiles/TIM_ENCODER.dir/C_/Users/east_/STM32Cube/Repository/STM32Cube_FW_F1_V1.8.6/Drivers/STM32F1xx_HAL_Driver/Src/stm32f1xx_hal_tim.c.obj
 .text.TIM_OC2_SetConfig
                0x08006864       0xd4 CMakeFiles/TIM_ENCODER.dir/C_/Users/east_/STM32Cube/Repository/STM32Cube_FW_F1_V1.8.6/Drivers/STM32F1xx_HAL_Driver/Src/stm32f1xx_hal_tim.c.obj
                0x08006864                TIM_OC2_SetConfig
 .text.TIM_OC3_SetConfig
                0x08006938       0xd4 CMakeFiles/TIM_ENCODER.dir/C_/Users/east_/STM32Cube/Repository/STM32Cube_FW_F1_V1.8.6/Drivers/STM32F1xx_HAL_Driver/Src/stm32f1xx_hal_tim.c.obj
 .text.TIM_OC4_SetConfig
                0x08006a0c       0x9c CMakeFiles/TIM_ENCODER.dir/C_/Users/east_/STM32Cube/Repository/STM32Cube_FW_F1_V1.8.6/Drivers/STM32F1xx_HAL_Driver/Src/stm32f1xx_hal_tim.c.obj
 .text.TIM_TI1_ConfigInputStage
                0x08006aa8       0x5c CMakeFiles/TIM_ENCODER.dir/C_/Users/east_/STM32Cube/Repository/STM32Cube_FW_F1_V1.8.6/Drivers/STM32F1xx_HAL_Driver/Src/stm32f1xx_hal_tim.c.obj
 .text.TIM_TI2_ConfigInputStage
                0x08006b04       0x5e CMakeFiles/TIM_ENCODER.dir/C_/Users/east_/STM32Cube/Repository/STM32Cube_FW_F1_V1.8.6/Drivers/STM32F1xx_HAL_Driver/Src/stm32f1xx_hal_tim.c.obj
 .text.TIM_ITRx_SetConfig
                0x08006b62       0x34 CMakeFiles/TIM_ENCODER.dir/C_/Users/east_/STM32Cube/Repository/STM32Cube_FW_F1_V1.8.6/Drivers/STM32F1xx_HAL_Driver/Src/stm32f1xx_hal_tim.c.obj
 .text.TIM_ETR_SetConfig
                0x08006b96       0x3e CMakeFiles/TIM_ENCODER.dir/C_/Users/east_/STM32Cube/Repository/STM32Cube_FW_F1_V1.8.6/Drivers/STM32F1xx_HAL_Driver/Src/stm32f1xx_hal_tim.c.obj
                0x08006b96                TIM_ETR_SetConfig
 .text.TIM_CCxChannelCmd
                0x08006bd4       0x48 CMakeFiles/TIM_ENCODER.dir/C_/Users/east_/STM32Cube/Repository/STM32Cube_FW_F1_V1.8.6/Drivers/STM32F1xx_HAL_Driver/Src/stm32f1xx_hal_tim.c.obj
                0x08006bd4                TIM_CCxChannelCmd
 .text.HAL_TIMEx_MasterConfigSynchronization
                0x08006c1c       0xbc CMakeFiles/TIM_ENCODER.dir/C_/Users/east_/STM32Cube/Repository/STM32Cube_FW_F1_V1.8.6/Drivers/STM32F1xx_HAL_Driver/Src/stm32f1xx_hal_tim_ex.c.obj
                0x08006c1c                HAL_TIMEx_MasterConfigSynchronization
 .text.SystemInit
                0x08006cd8        0xc CMakeFiles/TIM_ENCODER.dir/Core/Src/system_stm32f1xx.c.obj
                0x08006cd8                SystemInit
 .text._sbrk    0x08006ce4       0x6c CMakeFiles/TIM_ENCODER.dir/Core/Src/sysmem.c.obj
                0x08006ce4                _sbrk
 .text._getpid  0x08006d50        0xe CMakeFiles/TIM_ENCODER.dir/Core/Src/syscalls.c.obj
                0x08006d50                _getpid
 .text._kill    0x08006d5e       0x20 CMakeFiles/TIM_ENCODER.dir/Core/Src/syscalls.c.obj
                0x08006d5e                _kill
 .text._exit    0x08006d7e       0x14 CMakeFiles/TIM_ENCODER.dir/Core/Src/syscalls.c.obj
                0x08006d7e                _exit
 .text._read    0x08006d92       0x3a CMakeFiles/TIM_ENCODER.dir/Core/Src/syscalls.c.obj
                0x08006d92                _read
 .text._write   0x08006dcc       0x38 CMakeFiles/TIM_ENCODER.dir/Core/Src/syscalls.c.obj
                0x08006dcc                _write
 .text._close   0x08006e04       0x16 CMakeFiles/TIM_ENCODER.dir/Core/Src/syscalls.c.obj
                0x08006e04                _close
 .text._fstat   0x08006e1a       0x1e CMakeFiles/TIM_ENCODER.dir/Core/Src/syscalls.c.obj
                0x08006e1a                _fstat
 .text._isatty  0x08006e38       0x14 CMakeFiles/TIM_ENCODER.dir/Core/Src/syscalls.c.obj
                0x08006e38                _isatty
 .text._lseek   0x08006e4c       0x18 CMakeFiles/TIM_ENCODER.dir/Core/Src/syscalls.c.obj
                0x08006e4c                _lseek
 .text.Reset_Handler
                0x08006e64       0x48 CMakeFiles/TIM_ENCODER.dir/startup_stm32f103xb.s.obj
                0x08006e64                Reset_Handler
 .text.Default_Handler
                0x08006eac        0x2 CMakeFiles/TIM_ENCODER.dir/startup_stm32f103xb.s.obj
                0x08006eac                RTC_Alarm_IRQHandler
                0x08006eac                EXTI2_IRQHandler
                0x08006eac                TIM1_CC_IRQHandler
                0x08006eac                PVD_IRQHandler
                0x08006eac                EXTI3_IRQHandler
                0x08006eac                EXTI0_IRQHandler
                0x08006eac                I2C2_EV_IRQHandler
                0x08006eac                ADC1_2_IRQHandler
                0x08006eac                SPI1_IRQHandler
                0x08006eac                TAMPER_IRQHandler
                0x08006eac                DMA1_Channel4_IRQHandler
                0x08006eac                USART3_IRQHandler
                0x08006eac                RTC_IRQHandler
                0x08006eac                DMA1_Channel7_IRQHandler
                0x08006eac                CAN1_RX1_IRQHandler
                0x08006eac                TIM4_IRQHandler
                0x08006eac                I2C1_EV_IRQHandler
                0x08006eac                DMA1_Channel6_IRQHandler
                0x08006eac                TIM3_IRQHandler
                0x08006eac                RCC_IRQHandler
                0x08006eac                TIM1_TRG_COM_IRQHandler
                0x08006eac                DMA1_Channel1_IRQHandler
                0x08006eac                Default_Handler
                0x08006eac                EXTI15_10_IRQHandler
                0x08006eac                EXTI9_5_IRQHandler
                0x08006eac                SPI2_IRQHandler
                0x08006eac                DMA1_Channel5_IRQHandler
                0x08006eac                EXTI4_IRQHandler
                0x08006eac                USB_LP_CAN1_RX0_IRQHandler
                0x08006eac                USB_HP_CAN1_TX_IRQHandler
                0x08006eac                DMA1_Channel3_IRQHandler
                0x08006eac                TIM1_UP_IRQHandler
                0x08006eac                WWDG_IRQHandler
                0x08006eac                TIM2_IRQHandler
                0x08006eac                TIM1_BRK_IRQHandler
                0x08006eac                EXTI1_IRQHandler
                0x08006eac                USART2_IRQHandler
                0x08006eac                I2C2_ER_IRQHandler
                0x08006eac                DMA1_Channel2_IRQHandler
                0x08006eac                CAN1_SCE_IRQHandler
                0x08006eac                FLASH_IRQHandler
                0x08006eac                USART1_IRQHandler
                0x08006eac                I2C1_ER_IRQHandler
                0x08006eac                USBWakeUp_IRQHandler
 *fill*         0x08006eae        0x2 
 .text.__errno  0x08006eb0        0xc c:/users/east_/.eide/tools/gcc_arm/bin/../lib/gcc/arm-none-eabi/10.2.1/../../../../arm-none-eabi/lib/thumb/v7-m/nofp\libg_nano.a(lib_a-errno.o)
                0x08006eb0                __errno
 .text.memcmp   0x08006ebc       0x20 c:/users/east_/.eide/tools/gcc_arm/bin/../lib/gcc/arm-none-eabi/10.2.1/../../../../arm-none-eabi/lib/thumb/v7-m/nofp\libg_nano.a(lib_a-memcmp.o)
                0x08006ebc                memcmp
 .text.sprintf  0x08006edc       0x40 c:/users/east_/.eide/tools/gcc_arm/bin/../lib/gcc/arm-none-eabi/10.2.1/../../../../arm-none-eabi/lib/thumb/v7-m/nofp\libg_nano.a(lib_a-sprintf.o)
                0x08006edc                siprintf
                0x08006edc                sprintf
 .text.__ssputs_r
                0x08006f1c       0xb6 c:/users/east_/.eide/tools/gcc_arm/bin/../lib/gcc/arm-none-eabi/10.2.1/../../../../arm-none-eabi/lib/thumb/v7-m/nofp\libg_nano.a(lib_a-nano-svfprintf.o)
                0x08006f1c                __ssputs_r
 *fill*         0x08006fd2        0x2 
 .text._svfprintf_r
                0x08006fd4      0x200 c:/users/east_/.eide/tools/gcc_arm/bin/../lib/gcc/arm-none-eabi/10.2.1/../../../../arm-none-eabi/lib/thumb/v7-m/nofp\libg_nano.a(lib_a-nano-svfprintf.o)
                0x08006fd4                _svfiprintf_r
                0x08006fd4                _svfprintf_r
 *(.glue_7)
 .glue_7        0x080071d4        0x0 linker stubs
 *(.glue_7t)
 .glue_7t       0x080071d4        0x0 linker stubs
 *(.eh_frame)
 .eh_frame      0x080071d4        0x0 c:/users/east_/.eide/tools/gcc_arm/bin/../lib/gcc/arm-none-eabi/10.2.1/thumb/v7-m/nofp/crtbegin.o
 *(.init)
 .init          0x080071d4        0x4 c:/users/east_/.eide/tools/gcc_arm/bin/../lib/gcc/arm-none-eabi/10.2.1/thumb/v7-m/nofp/crti.o
                0x080071d4                _init
 .init          0x080071d8        0x8 c:/users/east_/.eide/tools/gcc_arm/bin/../lib/gcc/arm-none-eabi/10.2.1/thumb/v7-m/nofp/crtn.o
 *(.fini)
 .fini          0x080071e0        0x4 c:/users/east_/.eide/tools/gcc_arm/bin/../lib/gcc/arm-none-eabi/10.2.1/thumb/v7-m/nofp/crti.o
                0x080071e0                _fini
 .fini          0x080071e4        0x8 c:/users/east_/.eide/tools/gcc_arm/bin/../lib/gcc/arm-none-eabi/10.2.1/thumb/v7-m/nofp/crtn.o
                0x080071ec                . = ALIGN (0x4)
                0x080071ec                _etext = .

.vfp11_veneer   0x080071ec        0x0
 .vfp11_veneer  0x080071ec        0x0 linker stubs

.v4_bx          0x080071ec        0x0
 .v4_bx         0x080071ec        0x0 linker stubs

.iplt           0x080071ec        0x0
 .iplt          0x080071ec        0x0 c:/users/east_/.eide/tools/gcc_arm/bin/../lib/gcc/arm-none-eabi/10.2.1/thumb/v7-m/nofp/crtbegin.o

.rodata         0x080071f0      0xaf8
                0x080071f0                . = ALIGN (0x4)
 *(.rodata)
 .rodata        0x080071f0       0x18 CMakeFiles/TIM_ENCODER.dir/Core/Src/main.c.obj
 *(.rodata*)
 .rodata._global_impure_ptr
                0x08007208        0x4 c:/users/east_/.eide/tools/gcc_arm/bin/../lib/gcc/arm-none-eabi/10.2.1/../../../../arm-none-eabi/lib/thumb/v7-m/nofp\libc_nano.a(lib_a-impure.o)
                0x08007208                _global_impure_ptr
 .rodata._printf_float.str1.1
                0x0800720c       0x12 c:/users/east_/.eide/tools/gcc_arm/bin/../lib/gcc/arm-none-eabi/10.2.1/../../../../arm-none-eabi/lib/thumb/v7-m/nofp\libc_nano.a(lib_a-nano-vfprintf_float.o)
 .rodata._printf_i.str1.1
                0x0800721e       0x22 c:/users/east_/.eide/tools/gcc_arm/bin/../lib/gcc/arm-none-eabi/10.2.1/../../../../arm-none-eabi/lib/thumb/v7-m/nofp\libc_nano.a(lib_a-nano-vfprintf_i.o)
 .rodata._dtoa_r.str1.1
                0x08007240       0xb2 c:/users/east_/.eide/tools/gcc_arm/bin/../lib/gcc/arm-none-eabi/10.2.1/../../../../arm-none-eabi/lib/thumb/v7-m/nofp\libc_nano.a(lib_a-dtoa.o)
                                 0xb4 (size before relaxing)
 .rodata._Balloc.str1.1
                0x080072f2       0x7e c:/users/east_/.eide/tools/gcc_arm/bin/../lib/gcc/arm-none-eabi/10.2.1/../../../../arm-none-eabi/lib/thumb/v7-m/nofp\libc_nano.a(lib_a-mprec.o)
                                 0x95 (size before relaxing)
 .rodata.__multadd.str1.1
                0x08007370       0x11 c:/users/east_/.eide/tools/gcc_arm/bin/../lib/gcc/arm-none-eabi/10.2.1/../../../../arm-none-eabi/lib/thumb/v7-m/nofp\libc_nano.a(lib_a-mprec.o)
 .rodata.__mprec_bigtens
                0x08007370       0x28 c:/users/east_/.eide/tools/gcc_arm/bin/../lib/gcc/arm-none-eabi/10.2.1/../../../../arm-none-eabi/lib/thumb/v7-m/nofp\libc_nano.a(lib_a-mprec.o)
                0x08007370                __mprec_bigtens
 .rodata.__mprec_tens
                0x08007398       0xc8 c:/users/east_/.eide/tools/gcc_arm/bin/../lib/gcc/arm-none-eabi/10.2.1/../../../../arm-none-eabi/lib/thumb/v7-m/nofp\libc_nano.a(lib_a-mprec.o)
                0x08007398                __mprec_tens
 .rodata.p05.0  0x08007460        0xc c:/users/east_/.eide/tools/gcc_arm/bin/../lib/gcc/arm-none-eabi/10.2.1/../../../../arm-none-eabi/lib/thumb/v7-m/nofp\libc_nano.a(lib_a-mprec.o)
 .rodata.__assert_func.str1.1
                0x0800746c       0x3c c:/users/east_/.eide/tools/gcc_arm/bin/../lib/gcc/arm-none-eabi/10.2.1/../../../../arm-none-eabi/lib/thumb/v7-m/nofp\libc_nano.a(lib_a-assert.o)
                                 0x3d (size before relaxing)
 .rodata._setlocale_r.str1.1
                0x080074a8        0x8 c:/users/east_/.eide/tools/gcc_arm/bin/../lib/gcc/arm-none-eabi/10.2.1/../../../../arm-none-eabi/lib/thumb/v7-m/nofp\libc_nano.a(lib_a-locale.o)
                                  0x9 (size before relaxing)
 .rodata.str1.1
                0x080074b0        0x2 c:/users/east_/.eide/tools/gcc_arm/bin/../lib/gcc/arm-none-eabi/10.2.1/../../../../arm-none-eabi/lib/thumb/v7-m/nofp\libc_nano.a(lib_a-locale.o)
 .rodata._vfprintf_r.str1.1
                0x080074b2       0x11 c:/users/east_/.eide/tools/gcc_arm/bin/../lib/gcc/arm-none-eabi/10.2.1/../../../../arm-none-eabi/lib/thumb/v7-m/nofp\libc_nano.a(lib_a-nano-vfprintf.o)
 .rodata._ctype_
                0x080074c3      0x101 c:/users/east_/.eide/tools/gcc_arm/bin/../lib/gcc/arm-none-eabi/10.2.1/../../../../arm-none-eabi/lib/thumb/v7-m/nofp\libc_nano.a(lib_a-ctype_.o)
                0x080074c3                _ctype_
 .rodata.__sf_fake_stderr
                0x080075c4       0x20 c:/users/east_/.eide/tools/gcc_arm/bin/../lib/gcc/arm-none-eabi/10.2.1/../../../../arm-none-eabi/lib/thumb/v7-m/nofp\libc_nano.a(lib_a-findfp.o)
                0x080075c4                __sf_fake_stderr
 .rodata.__sf_fake_stdin
                0x080075e4       0x20 c:/users/east_/.eide/tools/gcc_arm/bin/../lib/gcc/arm-none-eabi/10.2.1/../../../../arm-none-eabi/lib/thumb/v7-m/nofp\libc_nano.a(lib_a-findfp.o)
                0x080075e4                __sf_fake_stdin
 .rodata.__sf_fake_stdout
                0x08007604       0x20 c:/users/east_/.eide/tools/gcc_arm/bin/../lib/gcc/arm-none-eabi/10.2.1/../../../../arm-none-eabi/lib/thumb/v7-m/nofp\libc_nano.a(lib_a-findfp.o)
                0x08007604                __sf_fake_stdout
 .rodata.ascii_16x8
                0x08007624      0x5f0 CMakeFiles/TIM_ENCODER.dir/Core/Src/font.c.obj
                0x08007624                ascii_16x8
 .rodata.afont16x8
                0x08007c14        0x8 CMakeFiles/TIM_ENCODER.dir/Core/Src/font.c.obj
                0x08007c14                afont16x8
 .rodata.zh16x16
                0x08007c1c       0x90 CMakeFiles/TIM_ENCODER.dir/Core/Src/font.c.obj
                0x08007c1c                zh16x16
 .rodata.font16x16
                0x08007cac       0x10 CMakeFiles/TIM_ENCODER.dir/Core/Src/font.c.obj
                0x08007cac                font16x16
 .rodata.aPLLMULFactorTable.1
                0x08007cbc       0x10 CMakeFiles/TIM_ENCODER.dir/C_/Users/east_/STM32Cube/Repository/STM32Cube_FW_F1_V1.8.6/Drivers/STM32F1xx_HAL_Driver/Src/stm32f1xx_hal_rcc.c.obj
 .rodata.aPredivFactorTable.0
                0x08007ccc        0x2 CMakeFiles/TIM_ENCODER.dir/C_/Users/east_/STM32Cube/Repository/STM32Cube_FW_F1_V1.8.6/Drivers/STM32F1xx_HAL_Driver/Src/stm32f1xx_hal_rcc.c.obj
 *fill*         0x08007cce        0x2 
 .rodata.AHBPrescTable
                0x08007cd0       0x10 CMakeFiles/TIM_ENCODER.dir/Core/Src/system_stm32f1xx.c.obj
                0x08007cd0                AHBPrescTable
 .rodata.APBPrescTable
                0x08007ce0        0x8 CMakeFiles/TIM_ENCODER.dir/Core/Src/system_stm32f1xx.c.obj
                0x08007ce0                APBPrescTable
 .rodata._svfprintf_r.str1.1
                0x08007ce8       0x11 c:/users/east_/.eide/tools/gcc_arm/bin/../lib/gcc/arm-none-eabi/10.2.1/../../../../arm-none-eabi/lib/thumb/v7-m/nofp\libg_nano.a(lib_a-nano-svfprintf.o)
                0x08007cfc                . = ALIGN (0x4)

.rel.dyn        0x08007ce8        0x0
 .rel.iplt      0x08007ce8        0x0 c:/users/east_/.eide/tools/gcc_arm/bin/../lib/gcc/arm-none-eabi/10.2.1/thumb/v7-m/nofp/crtbegin.o

.ARM.extab
 *(.ARM.extab* .gnu.linkonce.armextab.*)

.ARM            0x08007ce8        0x0
                0x08007ce8                __exidx_start = .
 *(.ARM.exidx*)
                0x08007ce8                __exidx_end = .

.preinit_array  0x08007ce8        0x0
                0x08007ce8                PROVIDE (__preinit_array_start = .)
 *(.preinit_array*)
                0x08007ce8                PROVIDE (__preinit_array_end = .)

.init_array     0x08007ce8        0x4
                0x08007ce8                PROVIDE (__init_array_start = .)
 *(SORT_BY_NAME(.init_array.*))
 *(.init_array*)
 .init_array    0x08007ce8        0x4 c:/users/east_/.eide/tools/gcc_arm/bin/../lib/gcc/arm-none-eabi/10.2.1/thumb/v7-m/nofp/crtbegin.o
                0x08007cec                PROVIDE (__init_array_end = .)

.fini_array     0x08007cec        0x4
                [!provide]                PROVIDE (__fini_array_start = .)
 *(SORT_BY_NAME(.fini_array.*))
 *(.fini_array*)
 .fini_array    0x08007cec        0x4 c:/users/east_/.eide/tools/gcc_arm/bin/../lib/gcc/arm-none-eabi/10.2.1/thumb/v7-m/nofp/crtbegin.o
                [!provide]                PROVIDE (__fini_array_end = .)
                0x08007cf0                _sidata = LOADADDR (.data)

.data           0x20000000      0x1dc load address 0x08007cf0
                0x20000000                . = ALIGN (0x4)
                0x20000000                _sdata = .
 *(.data)
 *(.data*)
 .data._impure_ptr
                0x20000000        0x4 c:/users/east_/.eide/tools/gcc_arm/bin/../lib/gcc/arm-none-eabi/10.2.1/../../../../arm-none-eabi/lib/thumb/v7-m/nofp\libc_nano.a(lib_a-impure.o)
                0x20000000                _impure_ptr
 .data.impure_data
                0x20000004       0x60 c:/users/east_/.eide/tools/gcc_arm/bin/../lib/gcc/arm-none-eabi/10.2.1/../../../../arm-none-eabi/lib/thumb/v7-m/nofp\libc_nano.a(lib_a-impure.o)
 .data.__global_locale
                0x20000064      0x16c c:/users/east_/.eide/tools/gcc_arm/bin/../lib/gcc/arm-none-eabi/10.2.1/../../../../arm-none-eabi/lib/thumb/v7-m/nofp\libc_nano.a(lib_a-locale.o)
                0x20000064                __global_locale
 .data.uwTickPrio
                0x200001d0        0x4 CMakeFiles/TIM_ENCODER.dir/C_/Users/east_/STM32Cube/Repository/STM32Cube_FW_F1_V1.8.6/Drivers/STM32F1xx_HAL_Driver/Src/stm32f1xx_hal.c.obj
                0x200001d0                uwTickPrio
 .data.uwTickFreq
                0x200001d4        0x1 CMakeFiles/TIM_ENCODER.dir/C_/Users/east_/STM32Cube/Repository/STM32Cube_FW_F1_V1.8.6/Drivers/STM32F1xx_HAL_Driver/Src/stm32f1xx_hal.c.obj
                0x200001d4                uwTickFreq
 *fill*         0x200001d5        0x3 
 .data.SystemCoreClock
                0x200001d8        0x4 CMakeFiles/TIM_ENCODER.dir/Core/Src/system_stm32f1xx.c.obj
                0x200001d8                SystemCoreClock
                0x200001dc                . = ALIGN (0x4)
                0x200001dc                _edata = .

.igot.plt       0x200001dc        0x0 load address 0x08007ecc
 .igot.plt      0x200001dc        0x0 c:/users/east_/.eide/tools/gcc_arm/bin/../lib/gcc/arm-none-eabi/10.2.1/thumb/v7-m/nofp/crtbegin.o
                0x200001dc                . = ALIGN (0x4)

.bss            0x200001dc      0x5a0 load address 0x08007ecc
                0x200001dc                _sbss = .
                0x200001dc                __bss_start__ = _sbss
 *(.bss)
 .bss           0x200001dc       0x1c c:/users/east_/.eide/tools/gcc_arm/bin/../lib/gcc/arm-none-eabi/10.2.1/thumb/v7-m/nofp/crtbegin.o
 *(.bss*)
 .bss.__malloc_free_list
                0x200001f8        0x4 c:/users/east_/.eide/tools/gcc_arm/bin/../lib/gcc/arm-none-eabi/10.2.1/../../../../arm-none-eabi/lib/thumb/v7-m/nofp\libc_nano.a(lib_a-nano-mallocr.o)
                0x200001f8                __malloc_free_list
 .bss.__malloc_sbrk_start
                0x200001fc        0x4 c:/users/east_/.eide/tools/gcc_arm/bin/../lib/gcc/arm-none-eabi/10.2.1/../../../../arm-none-eabi/lib/thumb/v7-m/nofp\libc_nano.a(lib_a-nano-mallocr.o)
                0x200001fc                __malloc_sbrk_start
 .bss.errno     0x20000200        0x4 c:/users/east_/.eide/tools/gcc_arm/bin/../lib/gcc/arm-none-eabi/10.2.1/../../../../arm-none-eabi/lib/thumb/v7-m/nofp\libc_nano.a(lib_a-reent.o)
                0x20000200                errno
 .bss.__lock___malloc_recursive_mutex
                0x20000204        0x1 c:/users/east_/.eide/tools/gcc_arm/bin/../lib/gcc/arm-none-eabi/10.2.1/../../../../arm-none-eabi/lib/thumb/v7-m/nofp\libc_nano.a(lib_a-lock.o)
                0x20000204                __lock___malloc_recursive_mutex
 .bss.__lock___sfp_recursive_mutex
                0x20000205        0x1 c:/users/east_/.eide/tools/gcc_arm/bin/../lib/gcc/arm-none-eabi/10.2.1/../../../../arm-none-eabi/lib/thumb/v7-m/nofp\libc_nano.a(lib_a-lock.o)
                0x20000205                __lock___sfp_recursive_mutex
 .bss.__lock___sinit_recursive_mutex
                0x20000206        0x1 c:/users/east_/.eide/tools/gcc_arm/bin/../lib/gcc/arm-none-eabi/10.2.1/../../../../arm-none-eabi/lib/thumb/v7-m/nofp\libc_nano.a(lib_a-lock.o)
                0x20000206                __lock___sinit_recursive_mutex
 *fill*         0x20000207        0x1 
 .bss.OLED_GRAM
                0x20000208      0x400 CMakeFiles/TIM_ENCODER.dir/Core/Src/oled.c.obj
                0x20000208                OLED_GRAM
 .bss.sendBuffer.3
                0x20000608        0x2 CMakeFiles/TIM_ENCODER.dir/Core/Src/oled.c.obj
 *fill*         0x2000060a        0x2 
 .bss.sendBuffer.2
                0x2000060c       0x81 CMakeFiles/TIM_ENCODER.dir/Core/Src/oled.c.obj
 .bss.temp.1    0x2000068d        0x1 CMakeFiles/TIM_ENCODER.dir/Core/Src/oled.c.obj
 .bss.temp.0    0x2000068e        0x1 CMakeFiles/TIM_ENCODER.dir/Core/Src/oled.c.obj
 *fill*         0x2000068f        0x1 
 .bss.hi2c1     0x20000690       0x54 CMakeFiles/TIM_ENCODER.dir/Core/Src/i2c.c.obj
                0x20000690                hi2c1
 .bss.htim1     0x200006e4       0x48 CMakeFiles/TIM_ENCODER.dir/Core/Src/tim.c.obj
                0x200006e4                htim1
 .bss.htim3     0x2000072c       0x48 CMakeFiles/TIM_ENCODER.dir/Core/Src/tim.c.obj
                0x2000072c                htim3
 .bss.uwTick    0x20000774        0x4 CMakeFiles/TIM_ENCODER.dir/C_/Users/east_/STM32Cube/Repository/STM32Cube_FW_F1_V1.8.6/Drivers/STM32F1xx_HAL_Driver/Src/stm32f1xx_hal.c.obj
                0x20000774                uwTick
 .bss.__sbrk_heap_end
                0x20000778        0x4 CMakeFiles/TIM_ENCODER.dir/Core/Src/sysmem.c.obj
 *(COMMON)
                0x2000077c                . = ALIGN (0x4)
                0x2000077c                _ebss = .
                0x2000077c                __bss_end__ = _ebss

._user_heap_stack
                0x2000077c      0x604 load address 0x08007ecc
                0x20000780                . = ALIGN (0x8)
 *fill*         0x2000077c        0x4 
                [!provide]                PROVIDE (end = .)
                0x20000780                PROVIDE (_end = .)
                0x20000980                . = (. + _Min_Heap_Size)
 *fill*         0x20000780      0x200 
                0x20000d80                . = (. + _Min_Stack_Size)
 *fill*         0x20000980      0x400 
                0x20000d80                . = ALIGN (0x8)

/DISCARD/
 libc.a(*)
 libm.a(*)
 libgcc.a(*)

.ARM.attributes
                0x00000000       0x29
 *(.ARM.attributes)
 .ARM.attributes
                0x00000000       0x1d c:/users/east_/.eide/tools/gcc_arm/bin/../lib/gcc/arm-none-eabi/10.2.1/thumb/v7-m/nofp/crti.o
 .ARM.attributes
                0x0000001d       0x2d c:/users/east_/.eide/tools/gcc_arm/bin/../lib/gcc/arm-none-eabi/10.2.1/thumb/v7-m/nofp/crtbegin.o
 .ARM.attributes
                0x0000004a       0x2d c:/users/east_/.eide/tools/gcc_arm/bin/../lib/gcc/arm-none-eabi/10.2.1/../../../../arm-none-eabi/lib/thumb/v7-m/nofp\libc_nano.a(lib_a-impure.o)
 .ARM.attributes
                0x00000077       0x2d c:/users/east_/.eide/tools/gcc_arm/bin/../lib/gcc/arm-none-eabi/10.2.1/../../../../arm-none-eabi/lib/thumb/v7-m/nofp\libc_nano.a(lib_a-init.o)
 .ARM.attributes
                0x000000a4       0x2d c:/users/east_/.eide/tools/gcc_arm/bin/../lib/gcc/arm-none-eabi/10.2.1/../../../../arm-none-eabi/lib/thumb/v7-m/nofp\libc_nano.a(lib_a-memset.o)
 .ARM.attributes
                0x000000d1       0x2d c:/users/east_/.eide/tools/gcc_arm/bin/../lib/gcc/arm-none-eabi/10.2.1/../../../../arm-none-eabi/lib/thumb/v7-m/nofp\libc_nano.a(lib_a-nano-vfprintf_float.o)
 .ARM.attributes
                0x000000fe       0x2d c:/users/east_/.eide/tools/gcc_arm/bin/../lib/gcc/arm-none-eabi/10.2.1/../../../../arm-none-eabi/lib/thumb/v7-m/nofp\libc_nano.a(lib_a-nano-vfprintf_i.o)
 .ARM.attributes
                0x0000012b       0x17 c:/users/east_/.eide/tools/gcc_arm/bin/../lib/gcc/arm-none-eabi/10.2.1/../../../../arm-none-eabi/lib/thumb/v7-m/nofp\libc_nano.a(lib_a-strlen.o)
 .ARM.attributes
                0x00000142       0x2d c:/users/east_/.eide/tools/gcc_arm/bin/../lib/gcc/arm-none-eabi/10.2.1/../../../../arm-none-eabi/lib/thumb/v7-m/nofp\libc_nano.a(lib_a-dtoa.o)
 .ARM.attributes
                0x0000016f       0x2d c:/users/east_/.eide/tools/gcc_arm/bin/../lib/gcc/arm-none-eabi/10.2.1/../../../../arm-none-eabi/lib/thumb/v7-m/nofp\libc_nano.a(lib_a-localeconv.o)
 .ARM.attributes
                0x0000019c       0x2d c:/users/east_/.eide/tools/gcc_arm/bin/../lib/gcc/arm-none-eabi/10.2.1/../../../../arm-none-eabi/lib/thumb/v7-m/nofp\libc_nano.a(lib_a-malloc.o)
 .ARM.attributes
                0x000001c9       0x2d c:/users/east_/.eide/tools/gcc_arm/bin/../lib/gcc/arm-none-eabi/10.2.1/../../../../arm-none-eabi/lib/thumb/v7-m/nofp\libc_nano.a(lib_a-memchr-stub.o)
 .ARM.attributes
                0x000001f6       0x2d c:/users/east_/.eide/tools/gcc_arm/bin/../lib/gcc/arm-none-eabi/10.2.1/../../../../arm-none-eabi/lib/thumb/v7-m/nofp\libc_nano.a(lib_a-memcpy-stub.o)
 .ARM.attributes
                0x00000223       0x2d c:/users/east_/.eide/tools/gcc_arm/bin/../lib/gcc/arm-none-eabi/10.2.1/../../../../arm-none-eabi/lib/thumb/v7-m/nofp\libc_nano.a(lib_a-mprec.o)
 .ARM.attributes
                0x00000250       0x2d c:/users/east_/.eide/tools/gcc_arm/bin/../lib/gcc/arm-none-eabi/10.2.1/../../../../arm-none-eabi/lib/thumb/v7-m/nofp\libc_nano.a(lib_a-nano-callocr.o)
 .ARM.attributes
                0x0000027d       0x2d c:/users/east_/.eide/tools/gcc_arm/bin/../lib/gcc/arm-none-eabi/10.2.1/../../../../arm-none-eabi/lib/thumb/v7-m/nofp\libc_nano.a(lib_a-nano-freer.o)
 .ARM.attributes
                0x000002aa       0x2d c:/users/east_/.eide/tools/gcc_arm/bin/../lib/gcc/arm-none-eabi/10.2.1/../../../../arm-none-eabi/lib/thumb/v7-m/nofp\libc_nano.a(lib_a-nano-mallocr.o)
 .ARM.attributes
                0x000002d7       0x2d c:/users/east_/.eide/tools/gcc_arm/bin/../lib/gcc/arm-none-eabi/10.2.1/../../../../arm-none-eabi/lib/thumb/v7-m/nofp\libc_nano.a(lib_a-sbrkr.o)
 .ARM.attributes
                0x00000304       0x2d c:/users/east_/.eide/tools/gcc_arm/bin/../lib/gcc/arm-none-eabi/10.2.1/../../../../arm-none-eabi/lib/thumb/v7-m/nofp\libc_nano.a(lib_a-assert.o)
 .ARM.attributes
                0x00000331       0x2d c:/users/east_/.eide/tools/gcc_arm/bin/../lib/gcc/arm-none-eabi/10.2.1/../../../../arm-none-eabi/lib/thumb/v7-m/nofp\libc_nano.a(lib_a-fprintf.o)
 .ARM.attributes
                0x0000035e       0x2d c:/users/east_/.eide/tools/gcc_arm/bin/../lib/gcc/arm-none-eabi/10.2.1/../../../../arm-none-eabi/lib/thumb/v7-m/nofp\libc_nano.a(lib_a-locale.o)
 .ARM.attributes
                0x0000038b       0x2d c:/users/east_/.eide/tools/gcc_arm/bin/../lib/gcc/arm-none-eabi/10.2.1/../../../../arm-none-eabi/lib/thumb/v7-m/nofp\libc_nano.a(lib_a-mbtowc_r.o)
 .ARM.attributes
                0x000003b8       0x2d c:/users/east_/.eide/tools/gcc_arm/bin/../lib/gcc/arm-none-eabi/10.2.1/../../../../arm-none-eabi/lib/thumb/v7-m/nofp\libc_nano.a(lib_a-mlock.o)
 .ARM.attributes
                0x000003e5       0x2d c:/users/east_/.eide/tools/gcc_arm/bin/../lib/gcc/arm-none-eabi/10.2.1/../../../../arm-none-eabi/lib/thumb/v7-m/nofp\libc_nano.a(lib_a-nano-vfprintf.o)
 .ARM.attributes
                0x00000412       0x2d c:/users/east_/.eide/tools/gcc_arm/bin/../lib/gcc/arm-none-eabi/10.2.1/../../../../arm-none-eabi/lib/thumb/v7-m/nofp\libc_nano.a(lib_a-reent.o)
 .ARM.attributes
                0x0000043f       0x2d c:/users/east_/.eide/tools/gcc_arm/bin/../lib/gcc/arm-none-eabi/10.2.1/../../../../arm-none-eabi/lib/thumb/v7-m/nofp\libc_nano.a(lib_a-wbuf.o)
 .ARM.attributes
                0x0000046c       0x2d c:/users/east_/.eide/tools/gcc_arm/bin/../lib/gcc/arm-none-eabi/10.2.1/../../../../arm-none-eabi/lib/thumb/v7-m/nofp\libc_nano.a(lib_a-wctomb_r.o)
 .ARM.attributes
                0x00000499       0x2d c:/users/east_/.eide/tools/gcc_arm/bin/../lib/gcc/arm-none-eabi/10.2.1/../../../../arm-none-eabi/lib/thumb/v7-m/nofp\libc_nano.a(lib_a-wsetup.o)
 .ARM.attributes
                0x000004c6       0x2d c:/users/east_/.eide/tools/gcc_arm/bin/../lib/gcc/arm-none-eabi/10.2.1/../../../../arm-none-eabi/lib/thumb/v7-m/nofp\libc_nano.a(lib_a-abort.o)
 .ARM.attributes
                0x000004f3       0x2d c:/users/east_/.eide/tools/gcc_arm/bin/../lib/gcc/arm-none-eabi/10.2.1/../../../../arm-none-eabi/lib/thumb/v7-m/nofp\libc_nano.a(lib_a-ctype_.o)
 .ARM.attributes
                0x00000520       0x2d c:/users/east_/.eide/tools/gcc_arm/bin/../lib/gcc/arm-none-eabi/10.2.1/../../../../arm-none-eabi/lib/thumb/v7-m/nofp\libc_nano.a(lib_a-fflush.o)
 .ARM.attributes
                0x0000054d       0x2d c:/users/east_/.eide/tools/gcc_arm/bin/../lib/gcc/arm-none-eabi/10.2.1/../../../../arm-none-eabi/lib/thumb/v7-m/nofp\libc_nano.a(lib_a-findfp.o)
 .ARM.attributes
                0x0000057a       0x2d c:/users/east_/.eide/tools/gcc_arm/bin/../lib/gcc/arm-none-eabi/10.2.1/../../../../arm-none-eabi/lib/thumb/v7-m/nofp\libc_nano.a(lib_a-fwalk.o)
 .ARM.attributes
                0x000005a7       0x2d c:/users/east_/.eide/tools/gcc_arm/bin/../lib/gcc/arm-none-eabi/10.2.1/../../../../arm-none-eabi/lib/thumb/v7-m/nofp\libc_nano.a(lib_a-lock.o)
 .ARM.attributes
                0x000005d4       0x2d c:/users/east_/.eide/tools/gcc_arm/bin/../lib/gcc/arm-none-eabi/10.2.1/../../../../arm-none-eabi/lib/thumb/v7-m/nofp\libc_nano.a(lib_a-makebuf.o)
 .ARM.attributes
                0x00000601       0x2d c:/users/east_/.eide/tools/gcc_arm/bin/../lib/gcc/arm-none-eabi/10.2.1/../../../../arm-none-eabi/lib/thumb/v7-m/nofp\libc_nano.a(lib_a-memmove.o)
 .ARM.attributes
                0x0000062e       0x2d c:/users/east_/.eide/tools/gcc_arm/bin/../lib/gcc/arm-none-eabi/10.2.1/../../../../arm-none-eabi/lib/thumb/v7-m/nofp\libc_nano.a(lib_a-nano-reallocr.o)
 .ARM.attributes
                0x0000065b       0x2d c:/users/east_/.eide/tools/gcc_arm/bin/../lib/gcc/arm-none-eabi/10.2.1/../../../../arm-none-eabi/lib/thumb/v7-m/nofp\libc_nano.a(lib_a-signal.o)
 .ARM.attributes
                0x00000688       0x2d c:/users/east_/.eide/tools/gcc_arm/bin/../lib/gcc/arm-none-eabi/10.2.1/../../../../arm-none-eabi/lib/thumb/v7-m/nofp\libc_nano.a(lib_a-signalr.o)
 .ARM.attributes
                0x000006b5       0x2d c:/users/east_/.eide/tools/gcc_arm/bin/../lib/gcc/arm-none-eabi/10.2.1/../../../../arm-none-eabi/lib/thumb/v7-m/nofp\libc_nano.a(lib_a-stdio.o)
 .ARM.attributes
                0x000006e2       0x2d c:/users/east_/.eide/tools/gcc_arm/bin/../lib/gcc/arm-none-eabi/10.2.1/../../../../arm-none-eabi/lib/thumb/v7-m/nofp\libc_nano.a(lib_a-writer.o)
 .ARM.attributes
                0x0000070f       0x2d c:/users/east_/.eide/tools/gcc_arm/bin/../lib/gcc/arm-none-eabi/10.2.1/../../../../arm-none-eabi/lib/thumb/v7-m/nofp\libc_nano.a(lib_a-closer.o)
 .ARM.attributes
                0x0000073c       0x2d c:/users/east_/.eide/tools/gcc_arm/bin/../lib/gcc/arm-none-eabi/10.2.1/../../../../arm-none-eabi/lib/thumb/v7-m/nofp\libc_nano.a(lib_a-fstatr.o)
 .ARM.attributes
                0x00000769       0x2d c:/users/east_/.eide/tools/gcc_arm/bin/../lib/gcc/arm-none-eabi/10.2.1/../../../../arm-none-eabi/lib/thumb/v7-m/nofp\libc_nano.a(lib_a-isattyr.o)
 .ARM.attributes
                0x00000796       0x2d c:/users/east_/.eide/tools/gcc_arm/bin/../lib/gcc/arm-none-eabi/10.2.1/../../../../arm-none-eabi/lib/thumb/v7-m/nofp\libc_nano.a(lib_a-lseekr.o)
 .ARM.attributes
                0x000007c3       0x2d c:/users/east_/.eide/tools/gcc_arm/bin/../lib/gcc/arm-none-eabi/10.2.1/../../../../arm-none-eabi/lib/thumb/v7-m/nofp\libc_nano.a(lib_a-nano-msizer.o)
 .ARM.attributes
                0x000007f0       0x2d c:/users/east_/.eide/tools/gcc_arm/bin/../lib/gcc/arm-none-eabi/10.2.1/../../../../arm-none-eabi/lib/thumb/v7-m/nofp\libc_nano.a(lib_a-readr.o)
 .ARM.attributes
                0x0000081d       0x33 CMakeFiles/TIM_ENCODER.dir/Core/Src/font.c.obj
 .ARM.attributes
                0x00000850       0x2d CMakeFiles/TIM_ENCODER.dir/Core/Src/oled.c.obj
 .ARM.attributes
                0x0000087d       0x2d CMakeFiles/TIM_ENCODER.dir/Core/Src/main.c.obj
 .ARM.attributes
                0x000008aa       0x2d CMakeFiles/TIM_ENCODER.dir/Core/Src/gpio.c.obj
 .ARM.attributes
                0x000008d7       0x2d CMakeFiles/TIM_ENCODER.dir/Core/Src/i2c.c.obj
 .ARM.attributes
                0x00000904       0x2d CMakeFiles/TIM_ENCODER.dir/Core/Src/tim.c.obj
 .ARM.attributes
                0x00000931       0x2d CMakeFiles/TIM_ENCODER.dir/Core/Src/stm32f1xx_it.c.obj
 .ARM.attributes
                0x0000095e       0x2d CMakeFiles/TIM_ENCODER.dir/Core/Src/stm32f1xx_hal_msp.c.obj
 .ARM.attributes
                0x0000098b       0x2d CMakeFiles/TIM_ENCODER.dir/C_/Users/east_/STM32Cube/Repository/STM32Cube_FW_F1_V1.8.6/Drivers/STM32F1xx_HAL_Driver/Src/stm32f1xx_hal_i2c.c.obj
 .ARM.attributes
                0x000009b8       0x2d CMakeFiles/TIM_ENCODER.dir/C_/Users/east_/STM32Cube/Repository/STM32Cube_FW_F1_V1.8.6/Drivers/STM32F1xx_HAL_Driver/Src/stm32f1xx_hal.c.obj
 .ARM.attributes
                0x000009e5       0x2d CMakeFiles/TIM_ENCODER.dir/C_/Users/east_/STM32Cube/Repository/STM32Cube_FW_F1_V1.8.6/Drivers/STM32F1xx_HAL_Driver/Src/stm32f1xx_hal_rcc.c.obj
 .ARM.attributes
                0x00000a12       0x2d CMakeFiles/TIM_ENCODER.dir/C_/Users/east_/STM32Cube/Repository/STM32Cube_FW_F1_V1.8.6/Drivers/STM32F1xx_HAL_Driver/Src/stm32f1xx_hal_gpio.c.obj
 .ARM.attributes
                0x00000a3f       0x2d CMakeFiles/TIM_ENCODER.dir/C_/Users/east_/STM32Cube/Repository/STM32Cube_FW_F1_V1.8.6/Drivers/STM32F1xx_HAL_Driver/Src/stm32f1xx_hal_cortex.c.obj
 .ARM.attributes
                0x00000a6c       0x2d CMakeFiles/TIM_ENCODER.dir/C_/Users/east_/STM32Cube/Repository/STM32Cube_FW_F1_V1.8.6/Drivers/STM32F1xx_HAL_Driver/Src/stm32f1xx_hal_tim.c.obj
 .ARM.attributes
                0x00000a99       0x2d CMakeFiles/TIM_ENCODER.dir/C_/Users/east_/STM32Cube/Repository/STM32Cube_FW_F1_V1.8.6/Drivers/STM32F1xx_HAL_Driver/Src/stm32f1xx_hal_tim_ex.c.obj
 .ARM.attributes
                0x00000ac6       0x2d CMakeFiles/TIM_ENCODER.dir/Core/Src/system_stm32f1xx.c.obj
 .ARM.attributes
                0x00000af3       0x2d CMakeFiles/TIM_ENCODER.dir/Core/Src/sysmem.c.obj
 .ARM.attributes
                0x00000b20       0x2d CMakeFiles/TIM_ENCODER.dir/Core/Src/syscalls.c.obj
 .ARM.attributes
                0x00000b4d       0x21 CMakeFiles/TIM_ENCODER.dir/startup_stm32f103xb.s.obj
 .ARM.attributes
                0x00000b6e       0x1d c:/users/east_/.eide/tools/gcc_arm/bin/../lib/gcc/arm-none-eabi/10.2.1/thumb/v7-m/nofp\libgcc.a(_arm_addsubdf3.o)
 .ARM.attributes
                0x00000b8b       0x1d c:/users/east_/.eide/tools/gcc_arm/bin/../lib/gcc/arm-none-eabi/10.2.1/thumb/v7-m/nofp\libgcc.a(_arm_muldivdf3.o)
 .ARM.attributes
                0x00000ba8       0x1d c:/users/east_/.eide/tools/gcc_arm/bin/../lib/gcc/arm-none-eabi/10.2.1/thumb/v7-m/nofp\libgcc.a(_arm_cmpdf2.o)
 .ARM.attributes
                0x00000bc5       0x1d c:/users/east_/.eide/tools/gcc_arm/bin/../lib/gcc/arm-none-eabi/10.2.1/thumb/v7-m/nofp\libgcc.a(_arm_unorddf2.o)
 .ARM.attributes
                0x00000be2       0x1d c:/users/east_/.eide/tools/gcc_arm/bin/../lib/gcc/arm-none-eabi/10.2.1/thumb/v7-m/nofp\libgcc.a(_arm_fixdfsi.o)
 .ARM.attributes
                0x00000bff       0x2d c:/users/east_/.eide/tools/gcc_arm/bin/../lib/gcc/arm-none-eabi/10.2.1/../../../../arm-none-eabi/lib/thumb/v7-m/nofp\libg_nano.a(lib_a-errno.o)
 .ARM.attributes
                0x00000c2c       0x2d c:/users/east_/.eide/tools/gcc_arm/bin/../lib/gcc/arm-none-eabi/10.2.1/../../../../arm-none-eabi/lib/thumb/v7-m/nofp\libg_nano.a(lib_a-memcmp.o)
 .ARM.attributes
                0x00000c59       0x2d c:/users/east_/.eide/tools/gcc_arm/bin/../lib/gcc/arm-none-eabi/10.2.1/../../../../arm-none-eabi/lib/thumb/v7-m/nofp\libg_nano.a(lib_a-sprintf.o)
 .ARM.attributes
                0x00000c86       0x2d c:/users/east_/.eide/tools/gcc_arm/bin/../lib/gcc/arm-none-eabi/10.2.1/../../../../arm-none-eabi/lib/thumb/v7-m/nofp\libg_nano.a(lib_a-nano-svfprintf.o)
 .ARM.attributes
                0x00000cb3       0x1d c:/users/east_/.eide/tools/gcc_arm/bin/../lib/gcc/arm-none-eabi/10.2.1/thumb/v7-m/nofp/crtn.o
OUTPUT(TIM_ENCODER.elf elf32-littlearm)
LOAD linker stubs
LOAD c:/users/east_/.eide/tools/gcc_arm/bin/../lib/gcc/arm-none-eabi/10.2.1/../../../../arm-none-eabi/lib/thumb/v7-m/nofp\libc.a
LOAD c:/users/east_/.eide/tools/gcc_arm/bin/../lib/gcc/arm-none-eabi/10.2.1/../../../../arm-none-eabi/lib/thumb/v7-m/nofp\libm.a
LOAD c:/users/east_/.eide/tools/gcc_arm/bin/../lib/gcc/arm-none-eabi/10.2.1/thumb/v7-m/nofp\libgcc.a

.debug_frame    0x00000000     0x4c0c
 .debug_frame   0x00000000       0x2c c:/users/east_/.eide/tools/gcc_arm/bin/../lib/gcc/arm-none-eabi/10.2.1/../../../../arm-none-eabi/lib/thumb/v7-m/nofp\libc_nano.a(lib_a-init.o)
 .debug_frame   0x0000002c       0x20 c:/users/east_/.eide/tools/gcc_arm/bin/../lib/gcc/arm-none-eabi/10.2.1/../../../../arm-none-eabi/lib/thumb/v7-m/nofp\libc_nano.a(lib_a-memset.o)
 .debug_frame   0x0000004c       0x94 c:/users/east_/.eide/tools/gcc_arm/bin/../lib/gcc/arm-none-eabi/10.2.1/../../../../arm-none-eabi/lib/thumb/v7-m/nofp\libc_nano.a(lib_a-nano-vfprintf_float.o)
 .debug_frame   0x000000e0       0x60 c:/users/east_/.eide/tools/gcc_arm/bin/../lib/gcc/arm-none-eabi/10.2.1/../../../../arm-none-eabi/lib/thumb/v7-m/nofp\libc_nano.a(lib_a-nano-vfprintf_i.o)
 .debug_frame   0x00000140       0x6c c:/users/east_/.eide/tools/gcc_arm/bin/../lib/gcc/arm-none-eabi/10.2.1/../../../../arm-none-eabi/lib/thumb/v7-m/nofp\libc_nano.a(lib_a-dtoa.o)
 .debug_frame   0x000001ac       0x40 c:/users/east_/.eide/tools/gcc_arm/bin/../lib/gcc/arm-none-eabi/10.2.1/../../../../arm-none-eabi/lib/thumb/v7-m/nofp\libc_nano.a(lib_a-localeconv.o)
 .debug_frame   0x000001ec       0x30 c:/users/east_/.eide/tools/gcc_arm/bin/../lib/gcc/arm-none-eabi/10.2.1/../../../../arm-none-eabi/lib/thumb/v7-m/nofp\libc_nano.a(lib_a-malloc.o)
 .debug_frame   0x0000021c       0x28 c:/users/east_/.eide/tools/gcc_arm/bin/../lib/gcc/arm-none-eabi/10.2.1/../../../../arm-none-eabi/lib/thumb/v7-m/nofp\libc_nano.a(lib_a-memchr-stub.o)
 .debug_frame   0x00000244       0x28 c:/users/east_/.eide/tools/gcc_arm/bin/../lib/gcc/arm-none-eabi/10.2.1/../../../../arm-none-eabi/lib/thumb/v7-m/nofp\libc_nano.a(lib_a-memcpy-stub.o)
 .debug_frame   0x0000026c      0x254 c:/users/east_/.eide/tools/gcc_arm/bin/../lib/gcc/arm-none-eabi/10.2.1/../../../../arm-none-eabi/lib/thumb/v7-m/nofp\libc_nano.a(lib_a-mprec.o)
 .debug_frame   0x000004c0       0x2c c:/users/east_/.eide/tools/gcc_arm/bin/../lib/gcc/arm-none-eabi/10.2.1/../../../../arm-none-eabi/lib/thumb/v7-m/nofp\libc_nano.a(lib_a-nano-callocr.o)
 .debug_frame   0x000004ec       0x38 c:/users/east_/.eide/tools/gcc_arm/bin/../lib/gcc/arm-none-eabi/10.2.1/../../../../arm-none-eabi/lib/thumb/v7-m/nofp\libc_nano.a(lib_a-nano-freer.o)
 .debug_frame   0x00000524       0x30 c:/users/east_/.eide/tools/gcc_arm/bin/../lib/gcc/arm-none-eabi/10.2.1/../../../../arm-none-eabi/lib/thumb/v7-m/nofp\libc_nano.a(lib_a-nano-mallocr.o)
 .debug_frame   0x00000554       0x2c c:/users/east_/.eide/tools/gcc_arm/bin/../lib/gcc/arm-none-eabi/10.2.1/../../../../arm-none-eabi/lib/thumb/v7-m/nofp\libc_nano.a(lib_a-sbrkr.o)
 .debug_frame   0x00000580       0x40 c:/users/east_/.eide/tools/gcc_arm/bin/../lib/gcc/arm-none-eabi/10.2.1/../../../../arm-none-eabi/lib/thumb/v7-m/nofp\libc_nano.a(lib_a-assert.o)
 .debug_frame   0x000005c0       0x64 c:/users/east_/.eide/tools/gcc_arm/bin/../lib/gcc/arm-none-eabi/10.2.1/../../../../arm-none-eabi/lib/thumb/v7-m/nofp\libc_nano.a(lib_a-fprintf.o)
 .debug_frame   0x00000624       0x48 c:/users/east_/.eide/tools/gcc_arm/bin/../lib/gcc/arm-none-eabi/10.2.1/../../../../arm-none-eabi/lib/thumb/v7-m/nofp\libc_nano.a(lib_a-locale.o)
 .debug_frame   0x0000066c       0x48 c:/users/east_/.eide/tools/gcc_arm/bin/../lib/gcc/arm-none-eabi/10.2.1/../../../../arm-none-eabi/lib/thumb/v7-m/nofp\libc_nano.a(lib_a-mbtowc_r.o)
 .debug_frame   0x000006b4       0x30 c:/users/east_/.eide/tools/gcc_arm/bin/../lib/gcc/arm-none-eabi/10.2.1/../../../../arm-none-eabi/lib/thumb/v7-m/nofp\libc_nano.a(lib_a-mlock.o)
 .debug_frame   0x000006e4       0xac c:/users/east_/.eide/tools/gcc_arm/bin/../lib/gcc/arm-none-eabi/10.2.1/../../../../arm-none-eabi/lib/thumb/v7-m/nofp\libc_nano.a(lib_a-nano-vfprintf.o)
 .debug_frame   0x00000790       0x5c c:/users/east_/.eide/tools/gcc_arm/bin/../lib/gcc/arm-none-eabi/10.2.1/../../../../arm-none-eabi/lib/thumb/v7-m/nofp\libc_nano.a(lib_a-reent.o)
 .debug_frame   0x000007ec       0x40 c:/users/east_/.eide/tools/gcc_arm/bin/../lib/gcc/arm-none-eabi/10.2.1/../../../../arm-none-eabi/lib/thumb/v7-m/nofp\libc_nano.a(lib_a-wbuf.o)
 .debug_frame   0x0000082c       0x3c c:/users/east_/.eide/tools/gcc_arm/bin/../lib/gcc/arm-none-eabi/10.2.1/../../../../arm-none-eabi/lib/thumb/v7-m/nofp\libc_nano.a(lib_a-wctomb_r.o)
 .debug_frame   0x00000868       0x2c c:/users/east_/.eide/tools/gcc_arm/bin/../lib/gcc/arm-none-eabi/10.2.1/../../../../arm-none-eabi/lib/thumb/v7-m/nofp\libc_nano.a(lib_a-wsetup.o)
 .debug_frame   0x00000894       0x28 c:/users/east_/.eide/tools/gcc_arm/bin/../lib/gcc/arm-none-eabi/10.2.1/../../../../arm-none-eabi/lib/thumb/v7-m/nofp\libc_nano.a(lib_a-abort.o)
 .debug_frame   0x000008bc       0x5c c:/users/east_/.eide/tools/gcc_arm/bin/../lib/gcc/arm-none-eabi/10.2.1/../../../../arm-none-eabi/lib/thumb/v7-m/nofp\libc_nano.a(lib_a-fflush.o)
 .debug_frame   0x00000918      0x14c c:/users/east_/.eide/tools/gcc_arm/bin/../lib/gcc/arm-none-eabi/10.2.1/../../../../arm-none-eabi/lib/thumb/v7-m/nofp\libc_nano.a(lib_a-findfp.o)
 .debug_frame   0x00000a64       0x54 c:/users/east_/.eide/tools/gcc_arm/bin/../lib/gcc/arm-none-eabi/10.2.1/../../../../arm-none-eabi/lib/thumb/v7-m/nofp\libc_nano.a(lib_a-fwalk.o)
 .debug_frame   0x00000ab8       0xb0 c:/users/east_/.eide/tools/gcc_arm/bin/../lib/gcc/arm-none-eabi/10.2.1/../../../../arm-none-eabi/lib/thumb/v7-m/nofp\libc_nano.a(lib_a-lock.o)
 .debug_frame   0x00000b68       0x58 c:/users/east_/.eide/tools/gcc_arm/bin/../lib/gcc/arm-none-eabi/10.2.1/../../../../arm-none-eabi/lib/thumb/v7-m/nofp\libc_nano.a(lib_a-makebuf.o)
 .debug_frame   0x00000bc0       0x28 c:/users/east_/.eide/tools/gcc_arm/bin/../lib/gcc/arm-none-eabi/10.2.1/../../../../arm-none-eabi/lib/thumb/v7-m/nofp\libc_nano.a(lib_a-memmove.o)
 .debug_frame   0x00000be8       0x3c c:/users/east_/.eide/tools/gcc_arm/bin/../lib/gcc/arm-none-eabi/10.2.1/../../../../arm-none-eabi/lib/thumb/v7-m/nofp\libc_nano.a(lib_a-nano-reallocr.o)
 .debug_frame   0x00000c24       0xcc c:/users/east_/.eide/tools/gcc_arm/bin/../lib/gcc/arm-none-eabi/10.2.1/../../../../arm-none-eabi/lib/thumb/v7-m/nofp\libc_nano.a(lib_a-signal.o)
 .debug_frame   0x00000cf0       0x3c c:/users/east_/.eide/tools/gcc_arm/bin/../lib/gcc/arm-none-eabi/10.2.1/../../../../arm-none-eabi/lib/thumb/v7-m/nofp\libc_nano.a(lib_a-signalr.o)
 .debug_frame   0x00000d2c       0x88 c:/users/east_/.eide/tools/gcc_arm/bin/../lib/gcc/arm-none-eabi/10.2.1/../../../../arm-none-eabi/lib/thumb/v7-m/nofp\libc_nano.a(lib_a-stdio.o)
 .debug_frame   0x00000db4       0x2c c:/users/east_/.eide/tools/gcc_arm/bin/../lib/gcc/arm-none-eabi/10.2.1/../../../../arm-none-eabi/lib/thumb/v7-m/nofp\libc_nano.a(lib_a-writer.o)
 .debug_frame   0x00000de0       0x2c c:/users/east_/.eide/tools/gcc_arm/bin/../lib/gcc/arm-none-eabi/10.2.1/../../../../arm-none-eabi/lib/thumb/v7-m/nofp\libc_nano.a(lib_a-closer.o)
 .debug_frame   0x00000e0c       0x2c c:/users/east_/.eide/tools/gcc_arm/bin/../lib/gcc/arm-none-eabi/10.2.1/../../../../arm-none-eabi/lib/thumb/v7-m/nofp\libc_nano.a(lib_a-fstatr.o)
 .debug_frame   0x00000e38       0x2c c:/users/east_/.eide/tools/gcc_arm/bin/../lib/gcc/arm-none-eabi/10.2.1/../../../../arm-none-eabi/lib/thumb/v7-m/nofp\libc_nano.a(lib_a-isattyr.o)
 .debug_frame   0x00000e64       0x2c c:/users/east_/.eide/tools/gcc_arm/bin/../lib/gcc/arm-none-eabi/10.2.1/../../../../arm-none-eabi/lib/thumb/v7-m/nofp\libc_nano.a(lib_a-lseekr.o)
 .debug_frame   0x00000e90       0x20 c:/users/east_/.eide/tools/gcc_arm/bin/../lib/gcc/arm-none-eabi/10.2.1/../../../../arm-none-eabi/lib/thumb/v7-m/nofp\libc_nano.a(lib_a-nano-msizer.o)
 .debug_frame   0x00000eb0       0x2c c:/users/east_/.eide/tools/gcc_arm/bin/../lib/gcc/arm-none-eabi/10.2.1/../../../../arm-none-eabi/lib/thumb/v7-m/nofp\libc_nano.a(lib_a-readr.o)
 .debug_frame   0x00000edc      0x418 CMakeFiles/TIM_ENCODER.dir/Core/Src/oled.c.obj
 .debug_frame   0x000012f4       0x6c CMakeFiles/TIM_ENCODER.dir/Core/Src/main.c.obj
 .debug_frame   0x00001360       0x34 CMakeFiles/TIM_ENCODER.dir/Core/Src/gpio.c.obj
 .debug_frame   0x00001394       0x74 CMakeFiles/TIM_ENCODER.dir/Core/Src/i2c.c.obj
 .debug_frame   0x00001408      0x114 CMakeFiles/TIM_ENCODER.dir/Core/Src/tim.c.obj
 .debug_frame   0x0000151c      0x104 CMakeFiles/TIM_ENCODER.dir/Core/Src/stm32f1xx_it.c.obj
 .debug_frame   0x00001620       0x38 CMakeFiles/TIM_ENCODER.dir/Core/Src/stm32f1xx_hal_msp.c.obj
 .debug_frame   0x00001658      0xc84 CMakeFiles/TIM_ENCODER.dir/C_/Users/east_/STM32Cube/Repository/STM32Cube_FW_F1_V1.8.6/Drivers/STM32F1xx_HAL_Driver/Src/stm32f1xx_hal_i2c.c.obj
 .debug_frame   0x000022dc      0x334 CMakeFiles/TIM_ENCODER.dir/C_/Users/east_/STM32Cube/Repository/STM32Cube_FW_F1_V1.8.6/Drivers/STM32F1xx_HAL_Driver/Src/stm32f1xx_hal.c.obj
 .debug_frame   0x00002610      0x218 CMakeFiles/TIM_ENCODER.dir/C_/Users/east_/STM32Cube/Repository/STM32Cube_FW_F1_V1.8.6/Drivers/STM32F1xx_HAL_Driver/Src/stm32f1xx_hal_rcc.c.obj
 .debug_frame   0x00002828      0x14c CMakeFiles/TIM_ENCODER.dir/C_/Users/east_/STM32Cube/Repository/STM32Cube_FW_F1_V1.8.6/Drivers/STM32F1xx_HAL_Driver/Src/stm32f1xx_hal_gpio.c.obj
 .debug_frame   0x00002974      0x428 CMakeFiles/TIM_ENCODER.dir/C_/Users/east_/STM32Cube/Repository/STM32Cube_FW_F1_V1.8.6/Drivers/STM32F1xx_HAL_Driver/Src/stm32f1xx_hal_cortex.c.obj
 .debug_frame   0x00002d9c     0x11b8 CMakeFiles/TIM_ENCODER.dir/C_/Users/east_/STM32Cube/Repository/STM32Cube_FW_F1_V1.8.6/Drivers/STM32F1xx_HAL_Driver/Src/stm32f1xx_hal_tim.c.obj
 .debug_frame   0x00003f54      0x638 CMakeFiles/TIM_ENCODER.dir/C_/Users/east_/STM32Cube/Repository/STM32Cube_FW_F1_V1.8.6/Drivers/STM32F1xx_HAL_Driver/Src/stm32f1xx_hal_tim_ex.c.obj
 .debug_frame   0x0000458c       0x58 CMakeFiles/TIM_ENCODER.dir/Core/Src/system_stm32f1xx.c.obj
 .debug_frame   0x000045e4       0x34 CMakeFiles/TIM_ENCODER.dir/Core/Src/sysmem.c.obj
 .debug_frame   0x00004618      0x2ac CMakeFiles/TIM_ENCODER.dir/Core/Src/syscalls.c.obj
 .debug_frame   0x000048c4       0xac c:/users/east_/.eide/tools/gcc_arm/bin/../lib/gcc/arm-none-eabi/10.2.1/thumb/v7-m/nofp\libgcc.a(_arm_addsubdf3.o)
 .debug_frame   0x00004970       0x50 c:/users/east_/.eide/tools/gcc_arm/bin/../lib/gcc/arm-none-eabi/10.2.1/thumb/v7-m/nofp\libgcc.a(_arm_muldivdf3.o)
 .debug_frame   0x000049c0       0xc4 c:/users/east_/.eide/tools/gcc_arm/bin/../lib/gcc/arm-none-eabi/10.2.1/thumb/v7-m/nofp\libgcc.a(_arm_cmpdf2.o)
 .debug_frame   0x00004a84       0x20 c:/users/east_/.eide/tools/gcc_arm/bin/../lib/gcc/arm-none-eabi/10.2.1/thumb/v7-m/nofp\libgcc.a(_arm_unorddf2.o)
 .debug_frame   0x00004aa4       0x24 c:/users/east_/.eide/tools/gcc_arm/bin/../lib/gcc/arm-none-eabi/10.2.1/thumb/v7-m/nofp\libgcc.a(_arm_fixdfsi.o)
 .debug_frame   0x00004ac8       0x20 c:/users/east_/.eide/tools/gcc_arm/bin/../lib/gcc/arm-none-eabi/10.2.1/../../../../arm-none-eabi/lib/thumb/v7-m/nofp\libg_nano.a(lib_a-errno.o)
 .debug_frame   0x00004ae8       0x28 c:/users/east_/.eide/tools/gcc_arm/bin/../lib/gcc/arm-none-eabi/10.2.1/../../../../arm-none-eabi/lib/thumb/v7-m/nofp\libg_nano.a(lib_a-memcmp.o)
 .debug_frame   0x00004b10       0x6c c:/users/east_/.eide/tools/gcc_arm/bin/../lib/gcc/arm-none-eabi/10.2.1/../../../../arm-none-eabi/lib/thumb/v7-m/nofp\libg_nano.a(lib_a-sprintf.o)
 .debug_frame   0x00004b7c       0x90 c:/users/east_/.eide/tools/gcc_arm/bin/../lib/gcc/arm-none-eabi/10.2.1/../../../../arm-none-eabi/lib/thumb/v7-m/nofp\libg_nano.a(lib_a-nano-svfprintf.o)

.debug_info     0x00000000     0xc9f9
 .debug_info    0x00000000      0x336 CMakeFiles/TIM_ENCODER.dir/Core/Src/font.c.obj
 .debug_info    0x00000336     0x1295 CMakeFiles/TIM_ENCODER.dir/Core/Src/oled.c.obj
 .debug_info    0x000015cb      0x9c9 CMakeFiles/TIM_ENCODER.dir/Core/Src/main.c.obj
 .debug_info    0x00001f94      0x288 CMakeFiles/TIM_ENCODER.dir/Core/Src/gpio.c.obj
 .debug_info    0x0000221c      0x7fb CMakeFiles/TIM_ENCODER.dir/Core/Src/i2c.c.obj
 .debug_info    0x00002a17      0xb39 CMakeFiles/TIM_ENCODER.dir/Core/Src/tim.c.obj
 .debug_info    0x00003550      0x119 CMakeFiles/TIM_ENCODER.dir/Core/Src/stm32f1xx_it.c.obj
 .debug_info    0x00003669      0x210 CMakeFiles/TIM_ENCODER.dir/Core/Src/stm32f1xx_hal_msp.c.obj
 .debug_info    0x00003879     0x2703 CMakeFiles/TIM_ENCODER.dir/C_/Users/east_/STM32Cube/Repository/STM32Cube_FW_F1_V1.8.6/Drivers/STM32F1xx_HAL_Driver/Src/stm32f1xx_hal_i2c.c.obj
 .debug_info    0x00005f7c      0x6e1 CMakeFiles/TIM_ENCODER.dir/C_/Users/east_/STM32Cube/Repository/STM32Cube_FW_F1_V1.8.6/Drivers/STM32F1xx_HAL_Driver/Src/stm32f1xx_hal.c.obj
 .debug_info    0x0000665d      0x81e CMakeFiles/TIM_ENCODER.dir/C_/Users/east_/STM32Cube/Repository/STM32Cube_FW_F1_V1.8.6/Drivers/STM32F1xx_HAL_Driver/Src/stm32f1xx_hal_rcc.c.obj
 .debug_info    0x00006e7b      0x615 CMakeFiles/TIM_ENCODER.dir/C_/Users/east_/STM32Cube/Repository/STM32Cube_FW_F1_V1.8.6/Drivers/STM32F1xx_HAL_Driver/Src/stm32f1xx_hal_gpio.c.obj
 .debug_info    0x00007490      0xb20 CMakeFiles/TIM_ENCODER.dir/C_/Users/east_/STM32Cube/Repository/STM32Cube_FW_F1_V1.8.6/Drivers/STM32F1xx_HAL_Driver/Src/stm32f1xx_hal_cortex.c.obj
 .debug_info    0x00007fb0     0x2b46 CMakeFiles/TIM_ENCODER.dir/C_/Users/east_/STM32Cube/Repository/STM32Cube_FW_F1_V1.8.6/Drivers/STM32F1xx_HAL_Driver/Src/stm32f1xx_hal_tim.c.obj
 .debug_info    0x0000aaf6     0x1493 CMakeFiles/TIM_ENCODER.dir/C_/Users/east_/STM32Cube/Repository/STM32Cube_FW_F1_V1.8.6/Drivers/STM32F1xx_HAL_Driver/Src/stm32f1xx_hal_tim_ex.c.obj
 .debug_info    0x0000bf89      0x23d CMakeFiles/TIM_ENCODER.dir/Core/Src/system_stm32f1xx.c.obj
 .debug_info    0x0000c1c6      0x15f CMakeFiles/TIM_ENCODER.dir/Core/Src/sysmem.c.obj