Archive member included to satisfy reference by file (symbol)

c:/users/east_/.eide/tools/gcc_arm/bin/../lib/gcc/arm-none-eabi/10.2.1/../../../../arm-none-eabi/lib/thumb/v7-m/nofp\libc_nano.a(lib_a-exit.o)
                              c:/users/east_/.eide/tools/gcc_arm/bin/../lib/gcc/arm-none-eabi/10.2.1/../../../../arm-none-eabi/lib/thumb/v7-m/nofp/crt0.o (exit)
c:/users/east_/.eide/tools/gcc_arm/bin/../lib/gcc/arm-none-eabi/10.2.1/../../../../arm-none-eabi/lib/thumb/v7-m/nofp\libc_nano.a(lib_a-impure.o)
                              c:/users/east_/.eide/tools/gcc_arm/bin/../lib/gcc/arm-none-eabi/10.2.1/../../../../arm-none-eabi/lib/thumb/v7-m/nofp\libc_nano.a(lib_a-exit.o) (_global_impure_ptr)
c:/users/east_/.eide/tools/gcc_arm/bin/../lib/gcc/arm-none-eabi/10.2.1/../../../../arm-none-eabi/lib/thumb/v7-m/nofp\libc_nano.a(lib_a-init.o)
                              c:/users/east_/.eide/tools/gcc_arm/bin/../lib/gcc/arm-none-eabi/10.2.1/../../../../arm-none-eabi/lib/thumb/v7-m/nofp/crt0.o (__libc_init_array)
c:/users/east_/.eide/tools/gcc_arm/bin/../lib/gcc/arm-none-eabi/10.2.1/../../../../arm-none-eabi/lib/thumb/v7-m/nofp\libc_nano.a(lib_a-memset.o)
                              c:/users/east_/.eide/tools/gcc_arm/bin/../lib/gcc/arm-none-eabi/10.2.1/../../../../arm-none-eabi/lib/thumb/v7-m/nofp/crt0.o (memset)
c:/users/east_/.eide/tools/gcc_arm/bin/../lib/gcc/arm-none-eabi/10.2.1/../../../../arm-none-eabi/lib/thumb/v7-m/nofp\libg_nano.a(lib_a-errno.o)
                              CMakeFiles/TIM_ENCODER.dir/Core/Src/sysmem.c.obj (__errno)

Discarded input sections

 .text          0x00000000        0x0 c:/users/east_/.eide/tools/gcc_arm/bin/../lib/gcc/arm-none-eabi/10.2.1/thumb/v7-m/nofp/crti.o
 .data          0x00000000        0x0 c:/users/east_/.eide/tools/gcc_arm/bin/../lib/gcc/arm-none-eabi/10.2.1/thumb/v7-m/nofp/crti.o
 .bss           0x00000000        0x0 c:/users/east_/.eide/tools/gcc_arm/bin/../lib/gcc/arm-none-eabi/10.2.1/thumb/v7-m/nofp/crti.o
 .data          0x00000000        0x4 c:/users/east_/.eide/tools/gcc_arm/bin/../lib/gcc/arm-none-eabi/10.2.1/thumb/v7-m/nofp/crtbegin.o
 .rodata        0x00000000       0x24 c:/users/east_/.eide/tools/gcc_arm/bin/../lib/gcc/arm-none-eabi/10.2.1/thumb/v7-m/nofp/crtbegin.o
 .text          0x00000000       0x7c c:/users/east_/.eide/tools/gcc_arm/bin/../lib/gcc/arm-none-eabi/10.2.1/../../../../arm-none-eabi/lib/thumb/v7-m/nofp/crt0.o
 .data          0x00000000        0x0 c:/users/east_/.eide/tools/gcc_arm/bin/../lib/gcc/arm-none-eabi/10.2.1/../../../../arm-none-eabi/lib/thumb/v7-m/nofp/crt0.o
 .bss           0x00000000        0x0 c:/users/east_/.eide/tools/gcc_arm/bin/../lib/gcc/arm-none-eabi/10.2.1/../../../../arm-none-eabi/lib/thumb/v7-m/nofp/crt0.o
 .ARM.extab     0x00000000        0x0 c:/users/east_/.eide/tools/gcc_arm/bin/../lib/gcc/arm-none-eabi/10.2.1/../../../../arm-none-eabi/lib/thumb/v7-m/nofp/crt0.o
 .ARM.exidx     0x00000000       0x10 c:/users/east_/.eide/tools/gcc_arm/bin/../lib/gcc/arm-none-eabi/10.2.1/../../../../arm-none-eabi/lib/thumb/v7-m/nofp/crt0.o
 .ARM.attributes
                0x00000000       0x1b c:/users/east_/.eide/tools/gcc_arm/bin/../lib/gcc/arm-none-eabi/10.2.1/../../../../arm-none-eabi/lib/thumb/v7-m/nofp/crt0.o
 .text          0x00000000        0x0 c:/users/east_/.eide/tools/gcc_arm/bin/../lib/gcc/arm-none-eabi/10.2.1/../../../../arm-none-eabi/lib/thumb/v7-m/nofp\libc_nano.a(lib_a-exit.o)
 .data          0x00000000        0x0 c:/users/east_/.eide/tools/gcc_arm/bin/../lib/gcc/arm-none-eabi/10.2.1/../../../../arm-none-eabi/lib/thumb/v7-m/nofp\libc_nano.a(lib_a-exit.o)
 .bss           0x00000000        0x0 c:/users/east_/.eide/tools/gcc_arm/bin/../lib/gcc/arm-none-eabi/10.2.1/../../../../arm-none-eabi/lib/thumb/v7-m/nofp\libc_nano.a(lib_a-exit.o)
 .text.exit     0x00000000       0x28 c:/users/east_/.eide/tools/gcc_arm/bin/../lib/gcc/arm-none-eabi/10.2.1/../../../../arm-none-eabi/lib/thumb/v7-m/nofp\libc_nano.a(lib_a-exit.o)
 .debug_frame   0x00000000       0x28 c:/users/east_/.eide/tools/gcc_arm/bin/../lib/gcc/arm-none-eabi/10.2.1/../../../../arm-none-eabi/lib/thumb/v7-m/nofp\libc_nano.a(lib_a-exit.o)
 .ARM.attributes
                0x00000000       0x2d c:/users/east_/.eide/tools/gcc_arm/bin/../lib/gcc/arm-none-eabi/10.2.1/../../../../arm-none-eabi/lib/thumb/v7-m/nofp\libc_nano.a(lib_a-exit.o)
 .text          0x00000000        0x0 c:/users/east_/.eide/tools/gcc_arm/bin/../lib/gcc/arm-none-eabi/10.2.1/../../../../arm-none-eabi/lib/thumb/v7-m/nofp\libc_nano.a(lib_a-impure.o)
 .data          0x00000000        0x0 c:/users/east_/.eide/tools/gcc_arm/bin/../lib/gcc/arm-none-eabi/10.2.1/../../../../arm-none-eabi/lib/thumb/v7-m/nofp\libc_nano.a(lib_a-impure.o)
 .bss           0x00000000        0x0 c:/users/east_/.eide/tools/gcc_arm/bin/../lib/gcc/arm-none-eabi/10.2.1/../../../../arm-none-eabi/lib/thumb/v7-m/nofp\libc_nano.a(lib_a-impure.o)
 .data._impure_ptr
[...]
Memory Configuration

Name             Origin             Length             Attributes
RAM              0x20000000         0x00005000         xrw
FLASH            0x08000000         0x00010000         xr
*default*        0x00000000         0xffffffff

Linker script and memory map

LOAD c:/users/east_/.eide/tools/gcc_arm/bin/../lib/gcc/arm-none-eabi/10.2.1/thumb/v7-m/nofp/crti.o
LOAD c:/users/east_/.eide/tools/gcc_arm/bin/../lib/gcc/arm-none-eabi/10.2.1/thumb/v7-m/nofp/crtbegin.o
LOAD c:/users/east_/.eide/tools/gcc_arm/bin/../lib/gcc/arm-none-eabi/10.2.1/../../../../arm-none-eabi/lib/thumb/v7-m/nofp/crt0.o
START GROUP
LOAD c:/users/east_/.eide/tools/gcc_arm/bin/../lib/gcc/arm-none-eabi/10.2.1/../../../../arm-none-eabi/lib/thumb/v7-m/nofp\libc_nano.a
LOAD c:/users/east_/.eide/tools/gcc_arm/bin/../lib/gcc/arm-none-eabi/10.2.1/../../../../arm-none-eabi/lib/thumb/v7-m/nofp\libm.a
END GROUP
LOAD CMakeFiles/TIM_ENCODER.dir/Core/Src/main.c.obj
LOAD CMakeFiles/TIM_ENCODER.dir/Core/Src/gpio.c.obj
LOAD CMakeFiles/TIM_ENCODER.dir/Core/Src/i2c.c.obj
LOAD CMakeFiles/TIM_ENCODER.dir/Core/Src/tim.c.obj
LOAD CMakeFiles/TIM_ENCODER.dir/Core/Src/stm32f1xx_it.c.obj
LOAD CMakeFiles/TIM_ENCODER.dir/Core/Src/stm32f1xx_hal_msp.c.obj
LOAD CMakeFiles/TIM_ENCODER.dir/C_/Users/east_/STM32Cube/Repository/STM32Cube_FW_F1_V1.8.6/Drivers/STM32F1xx_HAL_Driver/Src/stm32f1xx_hal_gpio_ex.c.obj
LOAD CMakeFiles/TIM_ENCODER.dir/C_/Users/east_/STM32Cube/Repository/STM32Cube_FW_F1_V1.8.6/Drivers/STM32F1xx_HAL_Driver/Src/stm32f1xx_hal_i2c.c.obj
LOAD CMakeFiles/TIM_ENCODER.dir/C_/Users/east_/STM32Cube/Repository/STM32Cube_FW_F1_V1.8.6/Drivers/STM32F1xx_HAL_Driver/Src/stm32f1xx_hal.c.obj
LOAD CMakeFiles/TIM_ENCODER.dir/C_/Users/east_/STM32Cube/Repository/STM32Cube_FW_F1_V1.8.6/Drivers/STM32F1xx_HAL_Driver/Src/stm32f1xx_hal_rcc.c.obj
LOAD CMakeFiles/TIM_ENCODER.dir/C_/Users/east_/STM32Cube/Repository/STM32Cube_FW_F1_V1.8.6/Drivers/STM32F1xx_HAL_Driver/Src/stm32f1xx_hal_rcc_ex.c.obj
LOAD CMakeFiles/TIM_ENCODER.dir/C_/Users/east_/STM32Cube/Repository/STM32Cube_FW_F1_V1.8.6/Drivers/STM32F1xx_HAL_Driver/Src/stm32f1xx_hal_gpio.c.obj
LOAD CMakeFiles/TIM_ENCODER.dir/C_/Users/east_/STM32Cube/Repository/STM32Cube_FW_F1_V1.8.6/Drivers/STM32F1xx_HAL_Driver/Src/stm32f1xx_hal_dma.c.obj
LOAD CMakeFiles/TIM_ENCODER.dir/C_/Users/east_/STM32Cube/Repository/STM32Cube_FW_F1_V1.8.6/Drivers/STM32F1xx_HAL_Driver/Src/stm32f1xx_hal_cortex.c.obj
LOAD CMakeFiles/TIM_ENCODER.dir/C_/Users/east_/STM32Cube/Repository/STM32Cube_FW_F1_V1.8.6/Drivers/STM32F1xx_HAL_Driver/Src/stm32f1xx_hal_pwr.c.obj
LOAD CMakeFiles/TIM_ENCODER.dir/C_/Users/east_/STM32Cube/Repository/STM32Cube_FW_F1_V1.8.6/Drivers/STM32F1xx_HAL_Driver/Src/stm32f1xx_hal_flash.c.obj
LOAD CMakeFiles/TIM_ENCODER.dir/C_/Users/east_/STM32Cube/Repository/STM32Cube_FW_F1_V1.8.6/Drivers/STM32F1xx_HAL_Driver/Src/stm32f1xx_hal_flash_ex.c.obj
LOAD CMakeFiles/TIM_ENCODER.dir/C_/Users/east_/STM32Cube/Repository/STM32Cube_FW_F1_V1.8.6/Drivers/STM32F1xx_HAL_Driver/Src/stm32f1xx_hal_exti.c.obj
LOAD CMakeFiles/TIM_ENCODER.dir/C_/Users/east_/STM32Cube/Repository/STM32Cube_FW_F1_V1.8.6/Drivers/STM32F1xx_HAL_Driver/Src/stm32f1xx_hal_tim.c.obj
LOAD CMakeFiles/TIM_ENCODER.dir/C_/Users/east_/STM32Cube/Repository/STM32Cube_FW_F1_V1.8.6/Drivers/STM32F1xx_HAL_Driver/Src/stm32f1xx_hal_tim_ex.c.obj
LOAD CMakeFiles/TIM_ENCODER.dir/Core/Src/system_stm32f1xx.c.obj
LOAD CMakeFiles/TIM_ENCODER.dir/Core/Src/sysmem.c.obj
LOAD CMakeFiles/TIM_ENCODER.dir/Core/Src/syscalls.c.obj
LOAD CMakeFiles/TIM_ENCODER.dir/startup_stm32f103xb.s.obj
START GROUP
LOAD c:/users/east_/.eide/tools/gcc_arm/bin/../lib/gcc/arm-none-eabi/10.2.1/thumb/v7-m/nofp\libgcc.a
LOAD c:/users/east_/.eide/tools/gcc_arm/bin/../lib/gcc/arm-none-eabi/10.2.1/../../../../arm-none-eabi/lib/thumb/v7-m/nofp\libg_nano.a
LOAD c:/users/east_/.eide/tools/gcc_arm/bin/../lib/gcc/arm-none-eabi/10.2.1/../../../../arm-none-eabi/lib/thumb/v7-m/nofp\libc_nano.a
END GROUP
START GROUP
LOAD c:/users/east_/.eide/tools/gcc_arm/bin/../lib/gcc/arm-none-eabi/10.2.1/thumb/v7-m/nofp\libgcc.a
LOAD c:/users/east_/.eide/tools/gcc_arm/bin/../lib/gcc/arm-none-eabi/10.2.1/../../../../arm-none-eabi/lib/thumb/v7-m/nofp\libc_nano.a
END GROUP
LOAD c:/users/east_/.eide/tools/gcc_arm/bin/../lib/gcc/arm-none-eabi/10.2.1/thumb/v7-m/nofp/crtend.o
LOAD c:/users/east_/.eide/tools/gcc_arm/bin/../lib/gcc/arm-none-eabi/10.2.1/thumb/v7-m/nofp/crtn.o
                0x20005000                _estack = (ORIGIN (RAM) + LENGTH (RAM))
                0x00000200                _Min_Heap_Size = 0x200
                0x00000400                _Min_Stack_Size = 0x400

.isr_vector     0x08000000      0x10c
                0x08000000                . = ALIGN (0x4)
 *(.isr_vector)
 .isr_vector    0x08000000      0x10c CMakeFiles/TIM_ENCODER.dir/startup_stm32f103xb.s.obj
                0x08000000                g_pfnVectors
                0x0800010c                . = ALIGN (0x4)

.text           0x0800010c     0x2278
                0x0800010c                . = ALIGN (0x4)
 *(.text)
 .text          0x0800010c       0x40 c:/users/east_/.eide/tools/gcc_arm/bin/../lib/gcc/arm-none-eabi/10.2.1/thumb/v7-m/nofp/crtbegin.o
 *(.text*)
 .text.__libc_init_array
                0x0800014c       0x48 c:/users/east_/.eide/tools/gcc_arm/bin/../lib/gcc/arm-none-eabi/10.2.1/../../../../arm-none-eabi/lib/thumb/v7-m/nofp\libc_nano.a(lib_a-init.o)
                0x0800014c                __libc_init_array
 .text.memset   0x08000194       0x10 c:/users/east_/.eide/tools/gcc_arm/bin/../lib/gcc/arm-none-eabi/10.2.1/../../../../arm-none-eabi/lib/thumb/v7-m/nofp\libc_nano.a(lib_a-memset.o)
                0x08000194                memset
 .text.main     0x080001a4       0x1e CMakeFiles/TIM_ENCODER.dir/Core/Src/main.c.obj
                0x080001a4                main
 .text.SystemClock_Config
                0x080001c2       0x8a CMakeFiles/TIM_ENCODER.dir/Core/Src/main.c.obj
                0x080001c2                SystemClock_Config
 .text.Error_Handler
                0x0800024c        0xa CMakeFiles/TIM_ENCODER.dir/Core/Src/main.c.obj
                0x0800024c                Error_Handler
 *fill*         0x08000256        0x2 
 .text.MX_GPIO_Init
                0x08000258       0x88 CMakeFiles/TIM_ENCODER.dir/Core/Src/gpio.c.obj
                0x08000258                MX_GPIO_Init
 .text.MX_I2C1_Init
                0x080002e0       0x5c CMakeFiles/TIM_ENCODER.dir/Core/Src/i2c.c.obj
                0x080002e0                MX_I2C1_Init
 .text.HAL_I2C_MspInit
                0x0800033c       0x7c CMakeFiles/TIM_ENCODER.dir/Core/Src/i2c.c.obj
                0x0800033c                HAL_I2C_MspInit
 .text.MX_TIM1_Init
                0x080003b8       0xb0 CMakeFiles/TIM_ENCODER.dir/Core/Src/tim.c.obj
                0x080003b8                MX_TIM1_Init
 .text.MX_TIM3_Init
                0x08000468      0x118 CMakeFiles/TIM_ENCODER.dir/Core/Src/tim.c.obj
                0x08000468                MX_TIM3_Init
 .text.HAL_TIM_Encoder_MspInit
                0x08000580       0x80 CMakeFiles/TIM_ENCODER.dir/Core/Src/tim.c.obj
                0x08000580                HAL_TIM_Encoder_MspInit
 .text.HAL_TIM_Base_MspInit
                0x08000600       0x3c CMakeFiles/TIM_ENCODER.dir/Core/Src/tim.c.obj
                0x08000600                HAL_TIM_Base_MspInit
 .text.HAL_TIM_MspPostInit
                0x0800063c       0x98 CMakeFiles/TIM_ENCODER.dir/Core/Src/tim.c.obj
                0x0800063c                HAL_TIM_MspPostInit
 .text.NMI_Handler
                0x080006d4        0x6 CMakeFiles/TIM_ENCODER.dir/Core/Src/stm32f1xx_it.c.obj
                0x080006d4                NMI_Handler
 .text.HardFault_Handler
                0x080006da        0x6 CMakeFiles/TIM_ENCODER.dir/Core/Src/stm32f1xx_it.c.obj
                0x080006da                HardFault_Handler
 .text.MemManage_Handler
                0x080006e0        0x6 CMakeFiles/TIM_ENCODER.dir/Core/Src/stm32f1xx_it.c.obj
                0x080006e0                MemManage_Handler
 .text.BusFault_Handler
                0x080006e6        0x6 CMakeFiles/TIM_ENCODER.dir/Core/Src/stm32f1xx_it.c.obj
                0x080006e6                BusFault_Handler
 .text.UsageFault_Handler
                0x080006ec        0x6 CMakeFiles/TIM_ENCODER.dir/Core/Src/stm32f1xx_it.c.obj
                0x080006ec                UsageFault_Handler
 .text.SVC_Handler
                0x080006f2        0xc CMakeFiles/TIM_ENCODER.dir/Core/Src/stm32f1xx_it.c.obj
                0x080006f2                SVC_Handler
 .text.DebugMon_Handler
                0x080006fe        0xc CMakeFiles/TIM_ENCODER.dir/Core/Src/stm32f1xx_it.c.obj
                0x080006fe                DebugMon_Handler
 .text.PendSV_Handler
                0x0800070a        0xc CMakeFiles/TIM_ENCODER.dir/Core/Src/stm32f1xx_it.c.obj
                0x0800070a                PendSV_Handler
 .text.SysTick_Handler
                0x08000716        0xc CMakeFiles/TIM_ENCODER.dir/Core/Src/stm32f1xx_it.c.obj
                0x08000716                SysTick_Handler
 *fill*         0x08000722        0x2 
 .text.HAL_MspInit
                0x08000724       0x64 CMakeFiles/TIM_ENCODER.dir/Core/Src/stm32f1xx_hal_msp.c.obj
                0x08000724                HAL_MspInit
 .text.HAL_I2C_Init
                0x08000788      0x288 CMakeFiles/TIM_ENCODER.dir/C_/Users/east_/STM32Cube/Repository/STM32Cube_FW_F1_V1.8.6/Drivers/STM32F1xx_HAL_Driver/Src/stm32f1xx_hal_i2c.c.obj
                0x08000788                HAL_I2C_Init
 .text.HAL_Init
                0x08000a10       0x2c CMakeFiles/TIM_ENCODER.dir/C_/Users/east_/STM32Cube/Repository/STM32Cube_FW_F1_V1.8.6/Drivers/STM32F1xx_HAL_Driver/Src/stm32f1xx_hal.c.obj
                0x08000a10                HAL_Init
 .text.HAL_InitTick
                0x08000a3c       0x60 CMakeFiles/TIM_ENCODER.dir/C_/Users/east_/STM32Cube/Repository/STM32Cube_FW_F1_V1.8.6/Drivers/STM32F1xx_HAL_Driver/Src/stm32f1xx_hal.c.obj
                0x08000a3c                HAL_InitTick
 .text.HAL_IncTick
                0x08000a9c       0x24 CMakeFiles/TIM_ENCODER.dir/C_/Users/east_/STM32Cube/Repository/STM32Cube_FW_F1_V1.8.6/Drivers/STM32F1xx_HAL_Driver/Src/stm32f1xx_hal.c.obj
                0x08000a9c                HAL_IncTick
 .text.HAL_GetTick
                0x08000ac0       0x14 CMakeFiles/TIM_ENCODER.dir/C_/Users/east_/STM32Cube/Repository/STM32Cube_FW_F1_V1.8.6/Drivers/STM32F1xx_HAL_Driver/Src/stm32f1xx_hal.c.obj
                0x08000ac0                HAL_GetTick
 .text.HAL_RCC_OscConfig
                0x08000ad4      0x504 CMakeFiles/TIM_ENCODER.dir/C_/Users/east_/STM32Cube/Repository/STM32Cube_FW_F1_V1.8.6/Drivers/STM32F1xx_HAL_Driver/Src/stm32f1xx_hal_rcc.c.obj
                0x08000ad4                HAL_RCC_OscConfig
 .text.HAL_RCC_ClockConfig
                0x08000fd8      0x1d4 CMakeFiles/TIM_ENCODER.dir/C_/Users/east_/STM32Cube/Repository/STM32Cube_FW_F1_V1.8.6/Drivers/STM32F1xx_HAL_Driver/Src/stm32f1xx_hal_rcc.c.obj
                0x08000fd8                HAL_RCC_ClockConfig
 .text.HAL_RCC_GetSysClockFreq
                0x080011ac       0xa8 CMakeFiles/TIM_ENCODER.dir/C_/Users/east_/STM32Cube/Repository/STM32Cube_FW_F1_V1.8.6/Drivers/STM32F1xx_HAL_Driver/Src/stm32f1xx_hal_rcc.c.obj
                0x080011ac                HAL_RCC_GetSysClockFreq
 .text.HAL_RCC_GetHCLKFreq
                0x08001254       0x14 CMakeFiles/TIM_ENCODER.dir/C_/Users/east_/STM32Cube/Repository/STM32Cube_FW_F1_V1.8.6/Drivers/STM32F1xx_HAL_Driver/Src/stm32f1xx_hal_rcc.c.obj
                0x08001254                HAL_RCC_GetHCLKFreq
 .text.HAL_RCC_GetPCLK1Freq
                0x08001268       0x28 CMakeFiles/TIM_ENCODER.dir/C_/Users/east_/STM32Cube/Repository/STM32Cube_FW_F1_V1.8.6/Drivers/STM32F1xx_HAL_Driver/Src/stm32f1xx_hal_rcc.c.obj
                0x08001268                HAL_RCC_GetPCLK1Freq
 .text.RCC_Delay
                0x08001290       0x3c CMakeFiles/TIM_ENCODER.dir/C_/Users/east_/STM32Cube/Repository/STM32Cube_FW_F1_V1.8.6/Drivers/STM32F1xx_HAL_Driver/Src/stm32f1xx_hal_rcc.c.obj
 .text.HAL_GPIO_Init
                0x080012cc      0x308 CMakeFiles/TIM_ENCODER.dir/C_/Users/east_/STM32Cube/Repository/STM32Cube_FW_F1_V1.8.6/Drivers/STM32F1xx_HAL_Driver/Src/stm32f1xx_hal_gpio.c.obj
                0x080012cc                HAL_GPIO_Init
 .text.__NVIC_SetPriorityGrouping
                0x080015d4       0x48 CMakeFiles/TIM_ENCODER.dir/C_/Users/east_/STM32Cube/Repository/STM32Cube_FW_F1_V1.8.6/Drivers/STM32F1xx_HAL_Driver/Src/stm32f1xx_hal_cortex.c.obj
 .text.__NVIC_GetPriorityGrouping
                0x0800161c       0x1c CMakeFiles/TIM_ENCODER.dir/C_/Users/east_/STM32Cube/Repository/STM32Cube_FW_F1_V1.8.6/Drivers/STM32F1xx_HAL_Driver/Src/stm32f1xx_hal_cortex.c.obj
 .text.__NVIC_SetPriority
                0x08001638       0x54 CMakeFiles/TIM_ENCODER.dir/C_/Users/east_/STM32Cube/Repository/STM32Cube_FW_F1_V1.8.6/Drivers/STM32F1xx_HAL_Driver/Src/stm32f1xx_hal_cortex.c.obj
 .text.NVIC_EncodePriority
                0x0800168c       0x64 CMakeFiles/TIM_ENCODER.dir/C_/Users/east_/STM32Cube/Repository/STM32Cube_FW_F1_V1.8.6/Drivers/STM32F1xx_HAL_Driver/Src/stm32f1xx_hal_cortex.c.obj
 .text.SysTick_Config
                0x080016f0       0x44 CMakeFiles/TIM_ENCODER.dir/C_/Users/east_/STM32Cube/Repository/STM32Cube_FW_F1_V1.8.6/Drivers/STM32F1xx_HAL_Driver/Src/stm32f1xx_hal_cortex.c.obj
 .text.HAL_NVIC_SetPriorityGrouping
                0x08001734       0x16 CMakeFiles/TIM_ENCODER.dir/C_/Users/east_/STM32Cube/Repository/STM32Cube_FW_F1_V1.8.6/Drivers/STM32F1xx_HAL_Driver/Src/stm32f1xx_hal_cortex.c.obj
                0x08001734                HAL_NVIC_SetPriorityGrouping
 .text.HAL_NVIC_SetPriority
                0x0800174a       0x38 CMakeFiles/TIM_ENCODER.dir/C_/Users/east_/STM32Cube/Repository/STM32Cube_FW_F1_V1.8.6/Drivers/STM32F1xx_HAL_Driver/Src/stm32f1xx_hal_cortex.c.obj
                0x0800174a                HAL_NVIC_SetPriority
 .text.HAL_SYSTICK_Config
                0x08001782       0x18 CMakeFiles/TIM_ENCODER.dir/C_/Users/east_/STM32Cube/Repository/STM32Cube_FW_F1_V1.8.6/Drivers/STM32F1xx_HAL_Driver/Src/stm32f1xx_hal_cortex.c.obj
                0x08001782                HAL_SYSTICK_Config
 .text.HAL_TIM_Base_Init
                0x0800179a       0x9e CMakeFiles/TIM_ENCODER.dir/C_/Users/east_/STM32Cube/Repository/STM32Cube_FW_F1_V1.8.6/Drivers/STM32F1xx_HAL_Driver/Src/stm32f1xx_hal_tim.c.obj
                0x0800179a                HAL_TIM_Base_Init
 .text.HAL_TIM_PWM_Init
                0x08001838       0x9e CMakeFiles/TIM_ENCODER.dir/C_/Users/east_/STM32Cube/Repository/STM32Cube_FW_F1_V1.8.6/Drivers/STM32F1xx_HAL_Driver/Src/stm32f1xx_hal_tim.c.obj
                0x08001838                HAL_TIM_PWM_Init
 .text.HAL_TIM_PWM_MspInit
                0x080018d6       0x12 CMakeFiles/TIM_ENCODER.dir/C_/Users/east_/STM32Cube/Repository/STM32Cube_FW_F1_V1.8.6/Drivers/STM32F1xx_HAL_Driver/Src/stm32f1xx_hal_tim.c.obj
                0x080018d6                HAL_TIM_PWM_MspInit
 .text.HAL_TIM_Encoder_Init
                0x080018e8      0x144 CMakeFiles/TIM_ENCODER.dir/C_/Users/east_/STM32Cube/Repository/STM32Cube_FW_F1_V1.8.6/Drivers/STM32F1xx_HAL_Driver/Src/stm32f1xx_hal_tim.c.obj
                0x080018e8                HAL_TIM_Encoder_Init
 .text.HAL_TIM_PWM_ConfigChannel
                0x08001a2c      0x184 CMakeFiles/TIM_ENCODER.dir/C_/Users/east_/STM32Cube/Repository/STM32Cube_FW_F1_V1.8.6/Drivers/STM32F1xx_HAL_Driver/Src/stm32f1xx_hal_tim.c.obj
                0x08001a2c                HAL_TIM_PWM_ConfigChannel
 .text.HAL_TIM_ConfigClockSource
                0x08001bb0      0x18e CMakeFiles/TIM_ENCODER.dir/C_/Users/east_/STM32Cube/Repository/STM32Cube_FW_F1_V1.8.6/Drivers/STM32F1xx_HAL_Driver/Src/stm32f1xx_hal_tim.c.obj
                0x08001bb0                HAL_TIM_ConfigClockSource
 *fill*         0x08001d3e        0x2 
 .text.TIM_Base_SetConfig
                0x08001d40       0xdc CMakeFiles/TIM_ENCODER.dir/C_/Users/east_/STM32Cube/Repository/STM32Cube_FW_F1_V1.8.6/Drivers/STM32F1xx_HAL_Driver/Src/stm32f1xx_hal_tim.c.obj
                0x08001d40                TIM_Base_SetConfig
 .text.TIM_OC1_SetConfig
                0x08001e1c       0xcc CMakeFiles/TIM_ENCODER.dir/C_/Users/east_/STM32Cube/Repository/STM32Cube_FW_F1_V1.8.6/Drivers/STM32F1xx_HAL_Driver/Src/stm32f1xx_hal_tim.c.obj
 .text.TIM_OC2_SetConfig
                0x08001ee8       0xd4 CMakeFiles/TIM_ENCODER.dir/C_/Users/east_/STM32Cube/Repository/STM32Cube_FW_F1_V1.8.6/Drivers/STM32F1xx_HAL_Driver/Src/stm32f1xx_hal_tim.c.obj
                0x08001ee8                TIM_OC2_SetConfig
 .text.TIM_OC3_SetConfig
                0x08001fbc       0xd4 CMakeFiles/TIM_ENCODER.dir/C_/Users/east_/STM32Cube/Repository/STM32Cube_FW_F1_V1.8.6/Drivers/STM32F1xx_HAL_Driver/Src/stm32f1xx_hal_tim.c.obj
 .text.TIM_OC4_SetConfig
                0x08002090       0x9c CMakeFiles/TIM_ENCODER.dir/C_/Users/east_/STM32Cube/Repository/STM32Cube_FW_F1_V1.8.6/Drivers/STM32F1xx_HAL_Driver/Src/stm32f1xx_hal_tim.c.obj
 .text.TIM_TI1_ConfigInputStage
                0x0800212c       0x5c CMakeFiles/TIM_ENCODER.dir/C_/Users/east_/STM32Cube/Repository/STM32Cube_FW_F1_V1.8.6/Drivers/STM32F1xx_HAL_Driver/Src/stm32f1xx_hal_tim.c.obj
 .text.TIM_TI2_ConfigInputStage
                0x08002188       0x5e CMakeFiles/TIM_ENCODER.dir/C_/Users/east_/STM32Cube/Repository/STM32Cube_FW_F1_V1.8.6/Drivers/STM32F1xx_HAL_Driver/Src/stm32f1xx_hal_tim.c.obj
 .text.TIM_ITRx_SetConfig
                0x080021e6       0x34 CMakeFiles/TIM_ENCODER.dir/C_/Users/east_/STM32Cube/Repository/STM32Cube_FW_F1_V1.8.6/Drivers/STM32F1xx_HAL_Driver/Src/stm32f1xx_hal_tim.c.obj
 .text.TIM_ETR_SetConfig
                0x0800221a       0x3e CMakeFiles/TIM_ENCODER.dir/C_/Users/east_/STM32Cube/Repository/STM32Cube_FW_F1_V1.8.6/Drivers/STM32F1xx_HAL_Driver/Src/stm32f1xx_hal_tim.c.obj
                0x0800221a                TIM_ETR_SetConfig
 .text.HAL_TIMEx_MasterConfigSynchronization
                0x08002258       0xbc CMakeFiles/TIM_ENCODER.dir/C_/Users/east_/STM32Cube/Repository/STM32Cube_FW_F1_V1.8.6/Drivers/STM32F1xx_HAL_Driver/Src/stm32f1xx_hal_tim_ex.c.obj
                0x08002258                HAL_TIMEx_MasterConfigSynchronization
 .text.SystemInit
                0x08002314        0xc CMakeFiles/TIM_ENCODER.dir/Core/Src/system_stm32f1xx.c.obj
                0x08002314                SystemInit
 .text.Reset_Handler
                0x08002320       0x48 CMakeFiles/TIM_ENCODER.dir/startup_stm32f103xb.s.obj
                0x08002320                Reset_Handler
 .text.Default_Handler
                0x08002368        0x2 CMakeFiles/TIM_ENCODER.dir/startup_stm32f103xb.s.obj
                0x08002368                RTC_Alarm_IRQHandler
                0x08002368                EXTI2_IRQHandler
                0x08002368                TIM1_CC_IRQHandler
                0x08002368                PVD_IRQHandler
                0x08002368                EXTI3_IRQHandler
                0x08002368                EXTI0_IRQHandler
                0x08002368                I2C2_EV_IRQHandler
                0x08002368                ADC1_2_IRQHandler
                0x08002368                SPI1_IRQHandler
                0x08002368                TAMPER_IRQHandler
                0x08002368                DMA1_Channel4_IRQHandler
                0x08002368                USART3_IRQHandler
                0x08002368                RTC_IRQHandler
                0x08002368                DMA1_Channel7_IRQHandler
                0x08002368                CAN1_RX1_IRQHandler
                0x08002368                TIM4_IRQHandler
                0x08002368                I2C1_EV_IRQHandler
                0x08002368                DMA1_Channel6_IRQHandler
                0x08002368                TIM3_IRQHandler
                0x08002368                RCC_IRQHandler
                0x08002368                TIM1_TRG_COM_IRQHandler
                0x08002368                DMA1_Channel1_IRQHandler
                0x08002368                Default_Handler
                0x08002368                EXTI15_10_IRQHandler
                0x08002368                EXTI9_5_IRQHandler
                0x08002368                SPI2_IRQHandler
                0x08002368                DMA1_Channel5_IRQHandler
                0x08002368                EXTI4_IRQHandler
                0x08002368                USB_LP_CAN1_RX0_IRQHandler
                0x08002368                USB_HP_CAN1_TX_IRQHandler
                0x08002368                DMA1_Channel3_IRQHandler
                0x08002368                TIM1_UP_IRQHandler
                0x08002368                WWDG_IRQHandler
                0x08002368                TIM2_IRQHandler
                0x08002368                TIM1_BRK_IRQHandler
                0x08002368                EXTI1_IRQHandler
                0x08002368                USART2_IRQHandler
                0x08002368                I2C2_ER_IRQHandler
                0x08002368                DMA1_Channel2_IRQHandler
                0x08002368                CAN1_SCE_IRQHandler
                0x08002368                FLASH_IRQHandler
                0x08002368                USART1_IRQHandler
                0x08002368                I2C1_ER_IRQHandler
                0x08002368                USBWakeUp_IRQHandler
 *(.glue_7)
 .glue_7        0x0800236a        0x0 linker stubs
 *(.glue_7t)
 .glue_7t       0x0800236a        0x0 linker stubs
 *(.eh_frame)
 *fill*         0x0800236a        0x2 
 .eh_frame      0x0800236c        0x0 c:/users/east_/.eide/tools/gcc_arm/bin/../lib/gcc/arm-none-eabi/10.2.1/thumb/v7-m/nofp/crtbegin.o
 *(.init)
 .init          0x0800236c        0x4 c:/users/east_/.eide/tools/gcc_arm/bin/../lib/gcc/arm-none-eabi/10.2.1/thumb/v7-m/nofp/crti.o
                0x0800236c                _init
 .init          0x08002370        0x8 c:/users/east_/.eide/tools/gcc_arm/bin/../lib/gcc/arm-none-eabi/10.2.1/thumb/v7-m/nofp/crtn.o
 *(.fini)
 .fini          0x08002378        0x4 c:/users/east_/.eide/tools/gcc_arm/bin/../lib/gcc/arm-none-eabi/10.2.1/thumb/v7-m/nofp/crti.o
                0x08002378                _fini
 .fini          0x0800237c        0x8 c:/users/east_/.eide/tools/gcc_arm/bin/../lib/gcc/arm-none-eabi/10.2.1/thumb/v7-m/nofp/crtn.o
                0x08002384                . = ALIGN (0x4)
                0x08002384                _etext = .

.vfp11_veneer   0x08002384        0x0
 .vfp11_veneer  0x08002384        0x0 linker stubs

.v4_bx          0x08002384        0x0
 .v4_bx         0x08002384        0x0 linker stubs

.iplt           0x08002384        0x0
 .iplt          0x08002384        0x0 c:/users/east_/.eide/tools/gcc_arm/bin/../lib/gcc/arm-none-eabi/10.2.1/thumb/v7-m/nofp/crtbegin.o

.rodata         0x08002384       0x2c
                0x08002384                . = ALIGN (0x4)
 *(.rodata)
 *(.rodata*)
 .rodata.aPLLMULFactorTable.1
                0x08002384       0x10 CMakeFiles/TIM_ENCODER.dir/C_/Users/east_/STM32Cube/Repository/STM32Cube_FW_F1_V1.8.6/Drivers/STM32F1xx_HAL_Driver/Src/stm32f1xx_hal_rcc.c.obj
 .rodata.aPredivFactorTable.0
                0x08002394        0x2 CMakeFiles/TIM_ENCODER.dir/C_/Users/east_/STM32Cube/Repository/STM32Cube_FW_F1_V1.8.6/Drivers/STM32F1xx_HAL_Driver/Src/stm32f1xx_hal_rcc.c.obj
 *fill*         0x08002396        0x2 
 .rodata.AHBPrescTable
                0x08002398       0x10 CMakeFiles/TIM_ENCODER.dir/Core/Src/system_stm32f1xx.c.obj
                0x08002398                AHBPrescTable
 .rodata.APBPrescTable
                0x080023a8        0x8 CMakeFiles/TIM_ENCODER.dir/Core/Src/system_stm32f1xx.c.obj
                0x080023a8                APBPrescTable
                0x080023b0                . = ALIGN (0x4)

.rel.dyn        0x080023b0        0x0
 .rel.iplt      0x080023b0        0x0 c:/users/east_/.eide/tools/gcc_arm/bin/../lib/gcc/arm-none-eabi/10.2.1/thumb/v7-m/nofp/crtbegin.o

.ARM.extab
 *(.ARM.extab* .gnu.linkonce.armextab.*)

.ARM            0x080023b0        0x0
                0x080023b0                __exidx_start = .
 *(.ARM.exidx*)
                0x080023b0                __exidx_end = .

.preinit_array  0x080023b0        0x0
                0x080023b0                PROVIDE (__preinit_array_start = .)
 *(.preinit_array*)
                0x080023b0                PROVIDE (__preinit_array_end = .)

.init_array     0x080023b0        0x4
                0x080023b0                PROVIDE (__init_array_start = .)
 *(SORT_BY_NAME(.init_array.*))
 *(.init_array*)
 .init_array    0x080023b0        0x4 c:/users/east_/.eide/tools/gcc_arm/bin/../lib/gcc/arm-none-eabi/10.2.1/thumb/v7-m/nofp/crtbegin.o
                0x080023b4                PROVIDE (__init_array_end = .)

.fini_array     0x080023b4        0x4
                [!provide]                PROVIDE (__fini_array_start = .)
 *(SORT_BY_NAME(.fini_array.*))
 *(.fini_array*)
 .fini_array    0x080023b4        0x4 c:/users/east_/.eide/tools/gcc_arm/bin/../lib/gcc/arm-none-eabi/10.2.1/thumb/v7-m/nofp/crtbegin.o
                [!provide]                PROVIDE (__fini_array_end = .)
                0x080023b8                _sidata = LOADADDR (.data)

.data           0x20000000        0xc load address 0x080023b8
                0x20000000                . = ALIGN (0x4)
                0x20000000                _sdata = .
 *(.data)
 *(.data*)
 .data.uwTickPrio
                0x20000000        0x4 CMakeFiles/TIM_ENCODER.dir/C_/Users/east_/STM32Cube/Repository/STM32Cube_FW_F1_V1.8.6/Drivers/STM32F1xx_HAL_Driver/Src/stm32f1xx_hal.c.obj
                0x20000000                uwTickPrio
 .data.uwTickFreq
                0x20000004        0x1 CMakeFiles/TIM_ENCODER.dir/C_/Users/east_/STM32Cube/Repository/STM32Cube_FW_F1_V1.8.6/Drivers/STM32F1xx_HAL_Driver/Src/stm32f1xx_hal.c.obj
                0x20000004                uwTickFreq
 *fill*         0x20000005        0x3 
 .data.SystemCoreClock
                0x20000008        0x4 CMakeFiles/TIM_ENCODER.dir/Core/Src/system_stm32f1xx.c.obj
                0x20000008                SystemCoreClock
                0x2000000c                . = ALIGN (0x4)
                0x2000000c                _edata = .

.igot.plt       0x2000000c        0x0 load address 0x080023c4
 .igot.plt      0x2000000c        0x0 c:/users/east_/.eide/tools/gcc_arm/bin/../lib/gcc/arm-none-eabi/10.2.1/thumb/v7-m/nofp/crtbegin.o
                0x2000000c                . = ALIGN (0x4)

.bss            0x2000000c      0x104 load address 0x080023c4
                0x2000000c                _sbss = .
                0x2000000c                __bss_start__ = _sbss
 *(.bss)
 .bss           0x2000000c       0x1c c:/users/east_/.eide/tools/gcc_arm/bin/../lib/gcc/arm-none-eabi/10.2.1/thumb/v7-m/nofp/crtbegin.o
 *(.bss*)
 .bss.hi2c1     0x20000028       0x54 CMakeFiles/TIM_ENCODER.dir/Core/Src/i2c.c.obj
                0x20000028                hi2c1
 .bss.htim1     0x2000007c       0x48 CMakeFiles/TIM_ENCODER.dir/Core/Src/tim.c.obj
                0x2000007c                htim1
 .bss.htim3     0x200000c4       0x48 CMakeFiles/TIM_ENCODER.dir/Core/Src/tim.c.obj
                0x200000c4                htim3
 .bss.uwTick    0x2000010c        0x4 CMakeFiles/TIM_ENCODER.dir/C_/Users/east_/STM32Cube/Repository/STM32Cube_FW_F1_V1.8.6/Drivers/STM32F1xx_HAL_Driver/Src/stm32f1xx_hal.c.obj
                0x2000010c                uwTick
 *(COMMON)
                0x20000110                . = ALIGN (0x4)
                0x20000110                _ebss = .
                0x20000110                __bss_end__ = _ebss

._user_heap_stack
                0x20000110      0x600 load address 0x080023c4
                0x20000110                . = ALIGN (0x8)
                [!provide]                PROVIDE (end = .)
                0x20000110                PROVIDE (_end = .)
                0x20000310                . = (. + _Min_Heap_Size)
 *fill*         0x20000110      0x200 
                0x20000710                . = (. + _Min_Stack_Size)
 *fill*         0x20000310      0x400 
                0x20000710                . = ALIGN (0x8)

/DISCARD/
 libc.a(*)
 libm.a(*)
 libgcc.a(*)

.ARM.attributes
                0x00000000       0x29
 *(.ARM.attributes)
 .ARM.attributes
                0x00000000       0x1d c:/users/east_/.eide/tools/gcc_arm/bin/../lib/gcc/arm-none-eabi/10.2.1/thumb/v7-m/nofp/crti.o
 .ARM.attributes
                0x0000001d       0x2d c:/users/east_/.eide/tools/gcc_arm/bin/../lib/gcc/arm-none-eabi/10.2.1/thumb/v7-m/nofp/crtbegin.o
 .ARM.attributes
                0x0000004a       0x2d c:/users/east_/.eide/tools/gcc_arm/bin/../lib/gcc/arm-none-eabi/10.2.1/../../../../arm-none-eabi/lib/thumb/v7-m/nofp\libc_nano.a(lib_a-init.o)
 .ARM.attributes
                0x00000077       0x2d c:/users/east_/.eide/tools/gcc_arm/bin/../lib/gcc/arm-none-eabi/10.2.1/../../../../arm-none-eabi/lib/thumb/v7-m/nofp\libc_nano.a(lib_a-memset.o)
 .ARM.attributes
                0x000000a4       0x2d CMakeFiles/TIM_ENCODER.dir/Core/Src/main.c.obj
 .ARM.attributes
                0x000000d1       0x2d CMakeFiles/TIM_ENCODER.dir/Core/Src/gpio.c.obj
 .ARM.attributes
                0x000000fe       0x2d CMakeFiles/TIM_ENCODER.dir/Core/Src/i2c.c.obj
 .ARM.attributes
                0x0000012b       0x2d CMakeFiles/TIM_ENCODER.dir/Core/Src/tim.c.obj
 .ARM.attributes
                0x00000158       0x2d CMakeFiles/TIM_ENCODER.dir/Core/Src/stm32f1xx_it.c.obj
 .ARM.attributes
                0x00000185       0x2d CMakeFiles/TIM_ENCODER.dir/Core/Src/stm32f1xx_hal_msp.c.obj
 .ARM.attributes
                0x000001b2       0x2d CMakeFiles/TIM_ENCODER.dir/C_/Users/east_/STM32Cube/Repository/STM32Cube_FW_F1_V1.8.6/Drivers/STM32F1xx_HAL_Driver/Src/stm32f1xx_hal_i2c.c.obj
 .ARM.attributes
                0x000001df       0x2d CMakeFiles/TIM_ENCODER.dir/C_/Users/east_/STM32Cube/Repository/STM32Cube_FW_F1_V1.8.6/Drivers/STM32F1xx_HAL_Driver/Src/stm32f1xx_hal.c.obj
 .ARM.attributes
                0x0000020c       0x2d CMakeFiles/TIM_ENCODER.dir/C_/Users/east_/STM32Cube/Repository/STM32Cube_FW_F1_V1.8.6/Drivers/STM32F1xx_HAL_Driver/Src/stm32f1xx_hal_rcc.c.obj
 .ARM.attributes
                0x00000239       0x2d CMakeFiles/TIM_ENCODER.dir/C_/Users/east_/STM32Cube/Repository/STM32Cube_FW_F1_V1.8.6/Drivers/STM32F1xx_HAL_Driver/Src/stm32f1xx_hal_gpio.c.obj
 .ARM.attributes
                0x00000266       0x2d CMakeFiles/TIM_ENCODER.dir/C_/Users/east_/STM32Cube/Repository/STM32Cube_FW_F1_V1.8.6/Drivers/STM32F1xx_HAL_Driver/Src/stm32f1xx_hal_cortex.c.obj
 .ARM.attributes
                0x00000293       0x2d CMakeFiles/TIM_ENCODER.dir/C_/Users/east_/STM32Cube/Repository/STM32Cube_FW_F1_V1.8.6/Drivers/STM32F1xx_HAL_Driver/Src/stm32f1xx_hal_tim.c.obj
 .ARM.attributes
                0x000002c0       0x2d CMakeFiles/TIM_ENCODER.dir/C_/Users/east_/STM32Cube/Repository/STM32Cube_FW_F1_V1.8.6/Drivers/STM32F1xx_HAL_Driver/Src/stm32f1xx_hal_tim_ex.c.obj
 .ARM.attributes
                0x000002ed       0x2d CMakeFiles/TIM_ENCODER.dir/Core/Src/system_stm32f1xx.c.obj
 .ARM.attributes
                0x0000031a       0x21 CMakeFiles/TIM_ENCODER.dir/startup_stm32f103xb.s.obj
 .ARM.attributes
                0x0000033b       0x1d c:/users/east_/.eide/tools/gcc_arm/bin/../lib/gcc/arm-none-eabi/10.2.1/thumb/v7-m/nofp/crtn.o
OUTPUT(TIM_ENCODER.elf elf32-littlearm)
LOAD linker stubs
LOAD c:/users/east_/.eide/tools/gcc_arm/bin/../lib/gcc/arm-none-eabi/10.2.1/../../../../arm-none-eabi/lib/thumb/v7-m/nofp\libc.a
LOAD c:/users/east_/.eide/tools/gcc_arm/bin/../lib/gcc/arm-none-eabi/10.2.1/../../../../arm-none-eabi/lib/thumb/v7-m/nofp\libm.a
LOAD c:/users/east_/.eide/tools/gcc_arm/bin/../lib/gcc/arm-none-eabi/10.2.1/thumb/v7-m/nofp\libgcc.a

.debug_frame    0x00000000     0x3338
 .debug_frame   0x00000000       0x2c c:/users/east_/.eide/tools/gcc_arm/bin/../lib/gcc/arm-none-eabi/10.2.1/../../../../arm-none-eabi/lib/thumb/v7-m/nofp\libc_nano.a(lib_a-init.o)
 .debug_frame   0x0000002c       0x20 c:/users/east_/.eide/tools/gcc_arm/bin/../lib/gcc/arm-none-eabi/10.2.1/../../../../arm-none-eabi/lib/thumb/v7-m/nofp\libc_nano.a(lib_a-memset.o)
 .debug_frame   0x0000004c       0x68 CMakeFiles/TIM_ENCODER.dir/Core/Src/main.c.obj
 .debug_frame   0x000000b4       0x34 CMakeFiles/TIM_ENCODER.dir/Core/Src/gpio.c.obj
 .debug_frame   0x000000e8       0x74 CMakeFiles/TIM_ENCODER.dir/Core/Src/i2c.c.obj
 .debug_frame   0x0000015c      0x114 CMakeFiles/TIM_ENCODER.dir/Core/Src/tim.c.obj
 .debug_frame   0x00000270      0x104 CMakeFiles/TIM_ENCODER.dir/Core/Src/stm32f1xx_it.c.obj
 .debug_frame   0x00000374       0x38 CMakeFiles/TIM_ENCODER.dir/Core/Src/stm32f1xx_hal_msp.c.obj
 .debug_frame   0x000003ac      0xc84 CMakeFiles/TIM_ENCODER.dir/C_/Users/east_/STM32Cube/Repository/STM32Cube_FW_F1_V1.8.6/Drivers/STM32F1xx_HAL_Driver/Src/stm32f1xx_hal_i2c.c.obj
 .debug_frame   0x00001030      0x334 CMakeFiles/TIM_ENCODER.dir/C_/Users/east_/STM32Cube/Repository/STM32Cube_FW_F1_V1.8.6/Drivers/STM32F1xx_HAL_Driver/Src/stm32f1xx_hal.c.obj
 .debug_frame   0x00001364      0x218 CMakeFiles/TIM_ENCODER.dir/C_/Users/east_/STM32Cube/Repository/STM32Cube_FW_F1_V1.8.6/Drivers/STM32F1xx_HAL_Driver/Src/stm32f1xx_hal_rcc.c.obj
 .debug_frame   0x0000157c      0x14c CMakeFiles/TIM_ENCODER.dir/C_/Users/east_/STM32Cube/Repository/STM32Cube_FW_F1_V1.8.6/Drivers/STM32F1xx_HAL_Driver/Src/stm32f1xx_hal_gpio.c.obj
 .debug_frame   0x000016c8      0x428 CMakeFiles/TIM_ENCODER.dir/C_/Users/east_/STM32Cube/Repository/STM32Cube_FW_F1_V1.8.6/Drivers/STM32F1xx_HAL_Driver/Src/stm32f1xx_hal_cortex.c.obj
 .debug_frame   0x00001af0     0x11b8 CMakeFiles/TIM_ENCODER.dir/C_/Users/east_/STM32Cube/Repository/STM32Cube_FW_F1_V1.8.6/Drivers/STM32F1xx_HAL_Driver/Src/stm32f1xx_hal_tim.c.obj
 .debug_frame   0x00002ca8      0x638 CMakeFiles/TIM_ENCODER.dir/C_/Users/east_/STM32Cube/Repository/STM32Cube_FW_F1_V1.8.6/Drivers/STM32F1xx_HAL_Driver/Src/stm32f1xx_hal_tim_ex.c.obj
 .debug_frame   0x000032e0       0x58 CMakeFiles/TIM_ENCODER.dir/Core/Src/system_stm32f1xx.c.obj

.debug_info     0x00000000     0xa499
 .debug_info    0x00000000      0x245 CMakeFiles/TIM_ENCODER.dir/Core/Src/main.c.obj
 .debug_info    0x00000245      0x288 CMakeFiles/TIM_ENCODER.dir/Core/Src/gpio.c.obj
 .debug_info    0x000004cd      0x7fb CMakeFiles/TIM_ENCODER.dir/Core/Src/i2c.c.obj
 .debug_info    0x00000cc8      0xb39 CMakeFiles/TIM_ENCODER.dir/Core/Src/tim.c.obj
 .debug_info    0x00001801      0x119 CMakeFiles/TIM_ENCODER.dir/Core/Src/stm32f1xx_it.c.obj
 .debug_info    0x0000191a      0x210 CMakeFiles/TIM_ENCODER.dir/Core/Src/stm32f1xx_hal_msp.c.obj
 .debug_info    0x00001b2a     0x2703 CMakeFiles/TIM_ENCODER.dir/C_/Users/east_/STM32Cube/Repository/STM32Cube_FW_F1_V1.8.6/Drivers/STM32F1xx_HAL_Driver/Src/stm32f1xx_hal_i2c.c.obj
 .debug_info    0x0000422d      0x6e1 CMakeFiles/TIM_ENCODER.dir/C_/Users/east_/STM32Cube/Repository/STM32Cube_FW_F1_V1.8.6/Drivers/STM32F1xx_HAL_Driver/Src/stm32f1xx_hal.c.obj
 .debug_info    0x0000490e      0x81e CMakeFiles/TIM_ENCODER.dir/C_/Users/east_/STM32Cube/Repository/STM32Cube_FW_F1_V1.8.6/Drivers/STM32F1xx_HAL_Driver/Src/stm32f1xx_hal_rcc.c.obj
 .debug_info    0x0000512c      0x615 CMakeFiles/TIM_ENCODER.dir/C_/Users/east_/STM32Cube/Repository/STM32Cube_FW_F1_V1.8.6/Drivers/STM32F1xx_HAL_Driver/Src/stm32f1xx_hal_gpio.c.obj
 .debug_info    0x00005741      0xb20 CMakeFiles/TIM_ENCODER.dir/C_/Users/east_/STM32Cube/Repository/STM32Cube_FW_F1_V1.8.6/Drivers/STM32F1xx_HAL_Driver/Src/stm32f1xx_hal_cortex.c.obj
 .debug_info    0x00006261     0x2b46 CMakeFiles/TIM_ENCODER.dir/C_/Users/east_/STM32Cube/Repository/STM32Cube_FW_F1_V1.8.6/Drivers/STM32F1xx_HAL_Driver/Src/stm32f1xx_hal_tim.c.obj
 .debug_info    0x00008da7     0x1493 CMakeFiles/TIM_ENCODER.dir/C_/Users/east_/STM32Cube/Repository/STM32Cube_FW_F1_V1.8.6/Drivers/STM32F1xx_HAL_Driver/Src/stm32f1xx_hal_tim_ex.c.obj
 .debug_info    0x0000a23a      0x23d CMakeFiles/TIM_ENCODER.dir/Core/Src/system_stm32f1xx.c.obj
 .debug_info    0x0000a477       0x22 CMakeFiles/TIM_ENCODER.dir/startup_stm32f103xb.s.obj

.debug_abbrev   0x00000000     0x1797
 .debug_abbrev  0x00000000      0x11f CMakeFiles/TIM_ENCODER.dir/Core/Src/main.c.obj
 .debug_abbrev  0x0000011f       0xf3 CMakeFiles/TIM_ENCODER.dir/Core/Src/gpio.c.obj
 .debug_abbrev  0x00000212      0x18f CMakeFiles/TIM_ENCODER.dir/Core/Src/i2c.c.obj
 .debug_abbrev  0x000003a1      0x1d0 CMakeFiles/TIM_ENCODER.dir/Core/Src/tim.c.obj
 .debug_abbrev  0x00000571       0x61 CMakeFiles/TIM_ENCODER.dir/Core/Src/stm32f1xx_it.c.obj
 .debug_abbrev  0x000005d2       0xd4 CMakeFiles/TIM_ENCODER.dir/Core/Src/stm32f1xx_hal_msp.c.obj
 .debug_abbrev  0x000006a6      0x25c CMakeFiles/TIM_ENCODER.dir/C_/Users/east_/STM32Cube/Repository/STM32Cube_FW_F1_V1.8.6/Drivers/STM32F1xx_HAL_Driver/Src/stm32f1xx_hal_i2c.c.obj
 .debug_abbrev  0x00000902      0x1c8 CMakeFiles/TIM_ENCODER.dir/C_/Users/east_/STM32Cube/Repository/STM32Cube_FW_F1_V1.8.6/Drivers/STM32F1xx_HAL_Driver/Src/stm32f1xx_hal.c.obj
 .debug_abbrev  0x00000aca      0x260 CMakeFiles/TIM_ENCODER.dir/C_/Users/east_/STM32Cube/Repository/STM32Cube_FW_F1_V1.8.6/Drivers/STM32F1xx_HAL_Driver/Src/stm32f1xx_hal_rcc.c.obj
 .debug_abbrev  0x00000d2a      0x1bb CMakeFiles/TIM_ENCODER.dir/C_/Users/east_/STM32Cube/Repository/STM32Cube_FW_F1_V1.8.6/Drivers/STM32F1xx_HAL_Driver/Src/stm32f1xx_hal_gpio.c.obj
 .debug_abbrev  0x00000ee5      0x2ed CMakeFiles/TIM_ENCODER.dir/C_/Users/east_/STM32Cube/Repository/STM32Cube_FW_F1_V1.8.6/Drivers/STM32F1xx_HAL_Driver/Src/stm32f1xx_hal_cortex.c.obj
 .debug_abbrev  0x000011d2      0x238 CMakeFiles/TIM_ENCODER.dir/C_/Users/east_/STM32Cube/Repository/STM32Cube_FW_F1_V1.8.6/Drivers/STM32F1xx_HAL_Driver/Src/stm32f1xx_hal_tim.c.obj
 .debug_abbrev  0x0000140a      0x240 CMakeFiles/TIM_ENCODER.dir/C_/Users/east_/STM32Cube/Repository/STM32Cube_FW_F1_V1.8.6/Drivers/STM32F1xx_HAL_Driver/Src/stm32f1xx_hal_tim_ex.c.obj
 .debug_abbrev  0x0000164a      0x13b CMakeFiles/TIM_ENCODER.dir/Core/Src/system_stm32f1xx.c.obj
 .debug_abbrev  0x00001785       0x12 CMakeFiles/TIM_ENCODER.dir/startup_stm32f103xb.s.obj

.debug_aranges  0x00000000      0xc48
 .debug_aranges
                0x00000000       0x30 CMakeFiles/TIM_ENCODER.dir/Core/Src/main.c.obj
 .debug_aranges
                0x00000030       0x20 CMakeFiles/TIM_ENCODER.dir/Core/Src/gpio.c.obj
 .debug_aranges
                0x00000050       0x30 CMakeFiles/TIM_ENCODER.dir/Core/Src/i2c.c.obj
 .debug_aranges
                0x00000080       0x50 CMakeFiles/TIM_ENCODER.dir/Core/Src/tim.c.obj
 .debug_aranges
                0x000000d0       0x60 CMakeFiles/TIM_ENCODER.dir/Core/Src/stm32f1xx_it.c.obj
 .debug_aranges
                0x00000130       0x20 CMakeFiles/TIM_ENCODER.dir/Core/Src/stm32f1xx_hal_msp.c.obj
 .debug_aranges
                0x00000150      0x2a8 CMakeFiles/TIM_ENCODER.dir/C_/Users/east_/STM32Cube/Repository/STM32Cube_FW_F1_V1.8.6/Drivers/STM32F1xx_HAL_Driver/Src/stm32f1xx_hal_i2c.c.obj
 .debug_aranges
                0x000003f8       0xe0 CMakeFiles/TIM_ENCODER.dir/C_/Users/east_/STM32Cube/Repository/STM32Cube_FW_F1_V1.8.6/Drivers/STM32F1xx_HAL_Driver/Src/stm32f1xx_hal.c.obj
 .debug_aranges
                0x000004d8       0x90 CMakeFiles/TIM_ENCODER.dir/C_/Users/east_/STM32Cube/Repository/STM32Cube_FW_F1_V1.8.6/Drivers/STM32F1xx_HAL_Driver/Src/stm32f1xx_hal_rcc.c.obj
 .debug_aranges
                0x00000568       0x58 CMakeFiles/TIM_ENCODER.dir/C_/Users/east_/STM32Cube/Repository/STM32Cube_FW_F1_V1.8.6/Drivers/STM32F1xx_HAL_Driver/Src/stm32f1xx_hal_gpio.c.obj
 .debug_aranges
                0x000005c0      0x100 CMakeFiles/TIM_ENCODER.dir/C_/Users/east_/STM32Cube/Repository/STM32Cube_FW_F1_V1.8.6/Drivers/STM32F1xx_HAL_Driver/Src/stm32f1xx_hal_cortex.c.obj
 .debug_aranges
                0x000006c0      0x3d0 CMakeFiles/TIM_ENCODER.dir/C_/Users/east_/STM32Cube/Repository/STM32Cube_FW_F1_V1.8.6/Drivers/STM32F1xx_HAL_Driver/Src/stm32f1xx_hal_tim.c.obj
 .debug_aranges
                0x00000a90      0x168 CMakeFiles/TIM_ENCODER.dir/C_/Users/east_/STM32Cube/Repository/STM32Cube_FW_F1_V1.8.6/Drivers/STM32F1xx_HAL_Driver/Src/stm32f1xx_hal_tim_ex.c.obj
 .debug_aranges
                0x00000bf8       0x28 CMakeFiles/TIM_ENCODER.dir/Core/Src/system_stm32f1xx.c.obj
 .debug_aranges
                0x00000c20       0x28 CMakeFiles/TIM_ENCODER.dir/startup_stm32f103xb.s.obj

.debug_ranges   0x00000000      0xb78
 .debug_ranges  0x00000000       0x20 CMakeFiles/TIM_ENCODER.dir/Core/Src/main.c.obj
 .debug_ranges  0x00000020       0x10 CMakeFiles/TIM_ENCODER.dir/Core/Src/gpio.c.obj
 .debug_ranges  0x00000030       0x20 CMakeFiles/TIM_ENCODER.dir/Core/Src/i2c.c.obj
 .debug_ranges  0x00000050       0x40 CMakeFiles/TIM_ENCODER.dir/Core/Src/tim.c.obj
 .debug_ranges  0x00000090       0x50 CMakeFiles/TIM_ENCODER.dir/Core/Src/stm32f1xx_it.c.obj
 .debug_ranges  0x000000e0       0x10 CMakeFiles/TIM_ENCODER.dir/Core/Src/stm32f1xx_hal_msp.c.obj
 .debug_ranges  0x000000f0      0x2b0 CMakeFiles/TIM_ENCODER.dir/C_/Users/east_/STM32Cube/Repository/STM32Cube_FW_F1_V1.8.6/Drivers/STM32F1xx_HAL_Driver/Src/stm32f1xx_hal_i2c.c.obj
 .debug_ranges  0x000003a0       0xd0 CMakeFiles/TIM_ENCODER.dir/C_/Users/east_/STM32Cube/Repository/STM32Cube_FW_F1_V1.8.6/Drivers/STM32F1xx_HAL_Driver/Src/stm32f1xx_hal.c.obj
 .debug_ranges  0x00000470       0x80 CMakeFiles/TIM_ENCODER.dir/C_/Users/east_/STM32Cube/Repository/STM32Cube_FW_F1_V1.8.6/Drivers/STM32F1xx_HAL_Driver/Src/stm32f1xx_hal_rcc.c.obj
 .debug_ranges  0x000004f0       0x48 CMakeFiles/TIM_ENCODER.dir/C_/Users/east_/STM32Cube/Repository/STM32Cube_FW_F1_V1.8.6/Drivers/STM32F1xx_HAL_Driver/Src/stm32f1xx_hal_gpio.c.obj
 .debug_ranges  0x00000538       0xf0 CMakeFiles/TIM_ENCODER.dir/C_/Users/east_/STM32Cube/Repository/STM32Cube_FW_F1_V1.8.6/Drivers/STM32F1xx_HAL_Driver/Src/stm32f1xx_hal_cortex.c.obj
 .debug_ranges  0x00000628      0x3c0 CMakeFiles/TIM_ENCODER.dir/C_/Users/east_/STM32Cube/Repository/STM32Cube_FW_F1_V1.8.6/Drivers/STM32F1xx_HAL_Driver/Src/stm32f1xx_hal_tim.c.obj
 .debug_ranges  0x000009e8      0x158 CMakeFiles/TIM_ENCODER.dir/C_/Users/east_/STM32Cube/Repository/STM32Cube_FW_F1_V1.8.6/Drivers/STM32F1xx_HAL_Driver/Src/stm32f1xx_hal_tim_ex.c.obj
 .debug_ranges  0x00000b40       0x18 CMakeFiles/TIM_ENCODER.dir/Core/Src/system_stm32f1xx.c.obj
 .debug_ranges  0x00000b58       0x20 CMakeFiles/TIM_ENCODER.dir/startup_stm32f103xb.s.obj

.debug_macro    0x00000000    0x17001
 .debug_macro   0x00000000      0x1d4 CMakeFiles/TIM_ENCODER.dir/Core/Src/main.c.obj
 .debug_macro   0x000001d4      0xa6c CMakeFiles/TIM_ENCODER.dir/Core/Src/main.c.obj
 .debug_macro   0x00000c40      0x21b CMakeFiles/TIM_ENCODER.dir/Core/Src/main.c.obj
 .debug_macro   0x00000e5b       0x2e CMakeFiles/TIM_ENCODER.dir/Core/Src/main.c.obj
 .debug_macro   0x00000e89       0x22 CMakeFiles/TIM_ENCODER.dir/Core/Src/main.c.obj
 .debug_macro   0x00000eab       0x22 CMakeFiles/TIM_ENCODER.dir/Core/Src/main.c.obj
 .debug_macro   0x00000ecd       0x8e CMakeFiles/TIM_ENCODER.dir/Core/Src/main.c.obj
 .debug_macro   0x00000f5b       0x51 CMakeFiles/TIM_ENCODER.dir/Core/Src/main.c.obj
 .debug_macro   0x00000fac      0x103 CMakeFiles/TIM_ENCODER.dir/Core/Src/main.c.obj
 .debug_macro   0x000010af       0x6a CMakeFiles/TIM_ENCODER.dir/Core/Src/main.c.obj
 .debug_macro   0x00001119      0x1df CMakeFiles/TIM_ENCODER.dir/Core/Src/main.c.obj
 .debug_macro   0x000012f8       0x1c CMakeFiles/TIM_ENCODER.dir/Core/Src/main.c.obj
 .debug_macro   0x00001314       0x22 CMakeFiles/TIM_ENCODER.dir/Core/Src/main.c.obj
 .debug_macro   0x00001336       0xbd CMakeFiles/TIM_ENCODER.dir/Core/Src/main.c.obj
 .debug_macro   0x000013f3      0xd23 CMakeFiles/TIM_ENCODER.dir/Core/Src/main.c.obj
 .debug_macro   0x00002116     0xe09e CMakeFiles/TIM_ENCODER.dir/Core/Src/main.c.obj
 .debug_macro   0x000101b4       0x6d CMakeFiles/TIM_ENCODER.dir/Core/Src/main.c.obj
 .debug_macro   0x00010221     0x34a2 CMakeFiles/TIM_ENCODER.dir/Core/Src/main.c.obj
 .debug_macro   0x000136c3      0x174 CMakeFiles/TIM_ENCODER.dir/Core/Src/main.c.obj
 .debug_macro   0x00013837       0x5c CMakeFiles/TIM_ENCODER.dir/Core/Src/main.c.obj
 .debug_macro   0x00013893      0x5bc CMakeFiles/TIM_ENCODER.dir/Core/Src/main.c.obj
 .debug_macro   0x00013e4f      0x289 CMakeFiles/TIM_ENCODER.dir/Core/Src/main.c.obj
 .debug_macro   0x000140d8      0x1cb CMakeFiles/TIM_ENCODER.dir/Core/Src/main.c.obj
 .debug_macro   0x000142a3      0x114 CMakeFiles/TIM_ENCODER.dir/Core/Src/main.c.obj
 .debug_macro   0x000143b7      0x1b2 CMakeFiles/TIM_ENCODER.dir/Core/Src/main.c.obj
 .debug_macro   0x00014569       0x27 CMakeFiles/TIM_ENCODER.dir/Core/Src/main.c.obj
 .debug_macro   0x00014590      0x136 CMakeFiles/TIM_ENCODER.dir/Core/Src/main.c.obj
 .debug_macro   0x000146c6      0x1bc CMakeFiles/TIM_ENCODER.dir/Core/Src/main.c.obj
 .debug_macro   0x00014882       0x34 CMakeFiles/TIM_ENCODER.dir/Core/Src/main.c.obj
 .debug_macro   0x000148b6       0x3c CMakeFiles/TIM_ENCODER.dir/Core/Src/main.c.obj
 .debug_macro   0x000148f2       0x57 CMakeFiles/TIM_ENCODER.dir/Core/Src/main.c.obj
 .debug_macro   0x00014949       0x87 CMakeFiles/TIM_ENCODER.dir/Core/Src/main.c.obj
 .debug_macro   0x000149d0      0x240 CMakeFiles/TIM_ENCODER.dir/Core/Src/main.c.obj
 .debug_macro   0x00014c10      0x287 CMakeFiles/TIM_ENCODER.dir/Core/Src/main.c.obj
 .debug_macro   0x00014e97      0x140 CMakeFiles/TIM_ENCODER.dir/Core/Src/main.c.obj
 .debug_macro   0x00014fd7      0x8ed CMakeFiles/TIM_ENCODER.dir/Core/Src/main.c.obj
 .debug_macro   0x000158c4       0x83 CMakeFiles/TIM_ENCODER.dir/Core/Src/main.c.obj
 .debug_macro   0x00015947       0x10 CMakeFiles/TIM_ENCODER.dir/Core/Src/main.c.obj
 .debug_macro   0x00015957      0x1bc CMakeFiles/TIM_ENCODER.dir/Core/Src/gpio.c.obj
 .debug_macro   0x00015b13      0x1bc CMakeFiles/TIM_ENCODER.dir/Core/Src/i2c.c.obj
 .debug_macro   0x00015ccf      0x1bc CMakeFiles/TIM_ENCODER.dir/Core/Src/tim.c.obj
 .debug_macro   0x00015e8b      0x1bc CMakeFiles/TIM_ENCODER.dir/Core/Src/stm32f1xx_it.c.obj
 .debug_macro   0x00016047      0x1b2 CMakeFiles/TIM_ENCODER.dir/Core/Src/stm32f1xx_hal_msp.c.obj
 .debug_macro   0x000161f9      0x1f1 CMakeFiles/TIM_ENCODER.dir/C_/Users/east_/STM32Cube/Repository/STM32Cube_FW_F1_V1.8.6/Drivers/STM32F1xx_HAL_Driver/Src/stm32f1xx_hal_i2c.c.obj
 .debug_macro   0x000163ea      0x1c7 CMakeFiles/TIM_ENCODER.dir/C_/Users/east_/STM32Cube/Repository/STM32Cube_FW_F1_V1.8.6/Drivers/STM32F1xx_HAL_Driver/Src/stm32f1xx_hal.c.obj
 .debug_macro   0x000165b1      0x1b5 CMakeFiles/TIM_ENCODER.dir/C_/Users/east_/STM32Cube/Repository/STM32Cube_FW_F1_V1.8.6/Drivers/STM32F1xx_HAL_Driver/Src/stm32f1xx_hal_rcc.c.obj
 .debug_macro   0x00016766      0x20e CMakeFiles/TIM_ENCODER.dir/C_/Users/east_/STM32Cube/Repository/STM32Cube_FW_F1_V1.8.6/Drivers/STM32F1xx_HAL_Driver/Src/stm32f1xx_hal_gpio.c.obj
 .debug_macro   0x00016974      0x1a3 CMakeFiles/TIM_ENCODER.dir/C_/Users/east_/STM32Cube/Repository/STM32Cube_FW_F1_V1.8.6/Drivers/STM32F1xx_HAL_Driver/Src/stm32f1xx_hal_cortex.c.obj
 .debug_macro   0x00016b17      0x1a4 CMakeFiles/TIM_ENCODER.dir/C_/Users/east_/STM32Cube/Repository/STM32Cube_FW_F1_V1.8.6/Drivers/STM32F1xx_HAL_Driver/Src/stm32f1xx_hal_tim.c.obj
 .debug_macro   0x00016cbb      0x1a3 CMakeFiles/TIM_ENCODER.dir/C_/Users/east_/STM32Cube/Repository/STM32Cube_FW_F1_V1.8.6/Drivers/STM32F1xx_HAL_Driver/Src/stm32f1xx_hal_tim_ex.c.obj
 .debug_macro   0x00016e5e      0x1a3 CMakeFiles/TIM_ENCODER.dir/Core/Src/system_stm32f1xx.c.obj

.debug_line     0x00000000     0xd934
 .debug_line    0x00000000      0x636 CMakeFiles/TIM_ENCODER.dir/Core/Src/main.c.obj
 .debug_line    0x00000636      0x5b3 CMakeFiles/TIM_ENCODER.dir/Core/Src/gpio.c.obj
 .debug_line    0x00000be9      0x60e CMakeFiles/TIM_ENCODER.dir/Core/Src/i2c.c.obj
 .debug_line    0x000011f7      0x71f CMakeFiles/TIM_ENCODER.dir/Core/Src/tim.c.obj
 .debug_line    0x00001916      0x66b CMakeFiles/TIM_ENCODER.dir/Core/Src/stm32f1xx_it.c.obj
 .debug_line    0x00001f81      0x5aa CMakeFiles/TIM_ENCODER.dir/Core/Src/stm32f1xx_hal_msp.c.obj
 .debug_line    0x0000252b     0x3a10 CMakeFiles/TIM_ENCODER.dir/C_/Users/east_/STM32Cube/Repository/STM32Cube_FW_F1_V1.8.6/Drivers/STM32F1xx_HAL_Driver/Src/stm32f1xx_hal_i2c.c.obj
 .debug_line    0x00005f3b      0x87a CMakeFiles/TIM_ENCODER.dir/C_/Users/east_/STM32Cube/Repository/STM32Cube_FW_F1_V1.8.6/Drivers/STM32F1xx_HAL_Driver/Src/stm32f1xx_hal.c.obj
 .debug_line    0x000067b5      0xc86 CMakeFiles/TIM_ENCODER.dir/C_/Users/east_/STM32Cube/Repository/STM32Cube_FW_F1_V1.8.6/Drivers/STM32F1xx_HAL_Driver/Src/stm32f1xx_hal_rcc.c.obj
 .debug_line    0x0000743b      0x913 CMakeFiles/TIM_ENCODER.dir/C_/Users/east_/STM32Cube/Repository/STM32Cube_FW_F1_V1.8.6/Drivers/STM32F1xx_HAL_Driver/Src/stm32f1xx_hal_gpio.c.obj
 .debug_line    0x00007d4e      0xa62 CMakeFiles/TIM_ENCODER.dir/C_/Users/east_/STM32Cube/Repository/STM32Cube_FW_F1_V1.8.6/Drivers/STM32F1xx_HAL_Driver/Src/stm32f1xx_hal_cortex.c.obj
 .debug_line    0x000087b0     0x3314 CMakeFiles/TIM_ENCODER.dir/C_/Users/east_/STM32Cube/Repository/STM32Cube_FW_F1_V1.8.6/Drivers/STM32F1xx_HAL_Driver/Src/stm32f1xx_hal_tim.c.obj
 .debug_line    0x0000bac4     0x17c0 CMakeFiles/TIM_ENCODER.dir/C_/Users/east_/STM32Cube/Repository/STM32Cube_FW_F1_V1.8.6/Drivers/STM32F1xx_HAL_Driver/Src/stm32f1xx_hal_tim_ex.c.obj
 .debug_line    0x0000d284      0x627 CMakeFiles/TIM_ENCODER.dir/Core/Src/system_stm32f1xx.c.obj
 .debug_line    0x0000d8ab       0x89 CMakeFiles/TIM_ENCODER.dir/startup_stm32f103xb.s.obj

.debug_str      0x00000000    0x8699b
 .debug_str     0x00000000    0x83034 CMakeFiles/TIM_ENCODER.dir/Core/Src/main.c.obj
                              0x83352 (size before relaxing)
 .debug_str     0x00083034       0xc0 CMakeFiles/TIM_ENCODER.dir/Core/Src/gpio.c.obj
                              0x83281 (size before relaxing)
 .debug_str     0x000830f4      0x451 CMakeFiles/TIM_ENCODER.dir/Core/Src/i2c.c.obj
                              0x8373a (size before relaxing)
 .debug_str     0x00083545      0x4de CMakeFiles/TIM_ENCODER.dir/Core/Src/tim.c.obj
                              0x839a4 (size before relaxing)
 .debug_str     0x00083a23       0xcf CMakeFiles/TIM_ENCODER.dir/Core/Src/stm32f1xx_it.c.obj
                              0x8325c (size before relaxing)
 .debug_str     0x00083af2       0x6c CMakeFiles/TIM_ENCODER.dir/Core/Src/stm32f1xx_hal_msp.c.obj
                              0x83253 (size before relaxing)
 .debug_str     0x00083b5e      0xc09 CMakeFiles/TIM_ENCODER.dir/C_/Users/east_/STM32Cube/Repository/STM32Cube_FW_F1_V1.8.6/Drivers/STM32F1xx_HAL_Driver/Src/stm32f1xx_hal_i2c.c.obj
                              0x842ef (size before relaxing)
 .debug_str     0x00084767      0x605 CMakeFiles/TIM_ENCODER.dir/C_/Users/east_/STM32Cube/Repository/STM32Cube_FW_F1_V1.8.6/Drivers/STM32F1xx_HAL_Driver/Src/stm32f1xx_hal.c.obj
                              0x83960 (size before relaxing)
 .debug_str     0x00084d6c      0x298 CMakeFiles/TIM_ENCODER.dir/C_/Users/east_/STM32Cube/Repository/STM32Cube_FW_F1_V1.8.6/Drivers/STM32F1xx_HAL_Driver/Src/stm32f1xx_hal_rcc.c.obj
                              0x83684 (size before relaxing)
 .debug_str     0x00085004      0x378 CMakeFiles/TIM_ENCODER.dir/C_/Users/east_/STM32Cube/Repository/STM32Cube_FW_F1_V1.8.6/Drivers/STM32F1xx_HAL_Driver/Src/stm32f1xx_hal_gpio.c.obj
                              0x83602 (size before relaxing)
 .debug_str     0x0008537c      0x342 CMakeFiles/TIM_ENCODER.dir/C_/Users/east_/STM32Cube/Repository/STM32Cube_FW_F1_V1.8.6/Drivers/STM32F1xx_HAL_Driver/Src/stm32f1xx_hal_cortex.c.obj
                              0x838fb (size before relaxing)
 .debug_str     0x000856be      0xd1a CMakeFiles/TIM_ENCODER.dir/C_/Users/east_/STM32Cube/Repository/STM32Cube_FW_F1_V1.8.6/Drivers/STM32F1xx_HAL_Driver/Src/stm32f1xx_hal_tim.c.obj
                              0x84624 (size before relaxing)
 .debug_str     0x000863d8      0x526 CMakeFiles/TIM_ENCODER.dir/C_/Users/east_/STM32Cube/Repository/STM32Cube_FW_F1_V1.8.6/Drivers/STM32F1xx_HAL_Driver/Src/stm32f1xx_hal_tim_ex.c.obj
                              0x83dc5 (size before relaxing)
 .debug_str     0x000868fe       0x64 CMakeFiles/TIM_ENCODER.dir/Core/Src/system_stm32f1xx.c.obj
                              0x83256 (size before relaxing)
 .debug_str     0x00086962       0x39 CMakeFiles/TIM_ENCODER.dir/startup_stm32f103xb.s.obj
                                 0x5a (size before relaxing)

.comment        0x00000000       0x4d
 .comment       0x00000000       0x4d CMakeFiles/TIM_ENCODER.dir/Core/Src/main.c.obj
                                 0x4e (size before relaxing)
 .comment       0x0000004d       0x4e CMakeFiles/TIM_ENCODER.dir/Core/Src/gpio.c.obj
 .comment       0x0000004d       0x4e CMakeFiles/TIM_ENCODER.dir/Core/Src/i2c.c.obj
 .comment       0x0000004d       0x4e CMakeFiles/TIM_ENCODER.dir/Core/Src/tim.c.obj
 .comment       0x0000004d       0x4e CMakeFiles/TIM_ENCODER.dir/Core/Src/stm32f1xx_it.c.obj
 .comment       0x0000004d       0x4e CMakeFiles/TIM_ENCODER.dir/Core/Src/stm32f1xx_hal_msp.c.obj
 .comment       0x0000004d       0x4e CMakeFiles/TIM_ENCODER.dir/C_/Users/east_/STM32Cube/Repository/STM32Cube_FW_F1_V1.8.6/Drivers/STM32F1xx_HAL_Driver/Src/stm32f1xx_hal_i2c.c.obj
 .comment       0x0000004d       0x4e CMakeFiles/TIM_ENCODER.dir/C_/Users/east_/STM32Cube/Repository/STM32Cube_FW_F1_V1.8.6/Drivers/STM32F1xx_HAL_Driver/Src/stm32f1xx_hal.c.obj
 .comment       0x0000004d       0x4e CMakeFiles/TIM_ENCODER.dir/C_/Users/east_/STM32Cube/Repository/STM32Cube_FW_F1_V1.8.6/Drivers/STM32F1xx_HAL_Driver/Src/stm32f1xx_hal_rcc.c.obj
 .comment       0x0000004d       0x4e CMakeFiles/TIM_ENCODER.dir/C_/Users/east_/STM32Cube/Repository/STM32Cube_FW_F1_V1.8.6/Drivers/STM32F1xx_HAL_Driver/Src/stm32f1xx_hal_gpio.c.obj
 .comment       0x0000004d       0x4e CMakeFiles/TIM_ENCODER.dir/C_/Users/east_/STM32Cube/Repository/STM32Cube_FW_F1_V1.8.6/Drivers/STM32F1xx_HAL_Driver/Src/stm32f1xx_hal_cortex.c.obj
 .comment       0x0000004d       0x4e CMakeFiles/TIM_ENCODER.dir/C_/Users/east_/STM32Cube/Repository/STM32Cube_FW_F1_V1.8.6/Drivers/STM32F1xx_HAL_Driver/Src/stm32f1xx_hal_tim.c.obj
 .comment       0x0000004d       0x4e CMakeFiles/TIM_ENCODER.dir/C_/Users/east_/STM32Cube/Repository/STM32Cube_FW_F1_V1.8.6/Drivers/STM32F1xx_HAL_Driver/Src/stm32f1xx_hal_tim_ex.c.obj
 .comment       0x0000004d       0x4e CMakeFiles/TIM_ENCODER.dir/Core/Src/system_stm32f1xx.c.obj
